10.240.0.182 - - [03/Jun/2017:15:56:22 +0000] "POST /phpmyadmin/sql.php HTTP/1.1" 200 20529 "https://final-nas3.c9users.io/phpmyadmin/index.php?db=rap&table=Music&target=sql.php&token=9385d5dff559e0e30e771fb382a2eae2" "Mozilla/5.0 (X11; Linux x86_64) AppleWebKit/537.36 (KHTML, like Gecko) Chrome/57.0.2987.133 Safari/537.36"
10.240.0.182 - - [03/Jun/2017:15:56:23 +0000] "GET /phpmyadmin/index.php?ajax_request=1&recent_table=1&token=9385d5dff559e0e30e771fb382a2eae2 HTTP/1.1" 200 888 "https://final-nas3.c9users.io/phpmyadmin/index.php?db=rap&table=Music&target=sql.php&token=9385d5dff559e0e30e771fb382a2eae2" "Mozilla/5.0 (X11; Linux x86_64) AppleWebKit/537.36 (KHTML, like Gecko) Chrome/57.0.2987.133 Safari/537.36"
10.240.1.20 - - [03/Jun/2017:15:56:24 +0000] "POST /phpmyadmin/sql.php HTTP/1.1" 200 25564 "https://final-nas3.c9users.io/phpmyadmin/index.php?db=rap&table=Music&target=sql.php&token=9385d5dff559e0e30e771fb382a2eae2" "Mozilla/5.0 (X11; Linux x86_64) AppleWebKit/537.36 (KHTML, like Gecko) Chrome/57.0.2987.133 Safari/537.36"
10.240.0.182 - - [03/Jun/2017:15:56:24 +0000] "GET /phpmyadmin/index.php?ajax_request=1&recent_table=1&token=9385d5dff559e0e30e771fb382a2eae2 HTTP/1.1" 200 888 "https://final-nas3.c9users.io/phpmyadmin/index.php?db=rap&table=Music&target=sql.php&token=9385d5dff559e0e30e771fb382a2eae2" "Mozilla/5.0 (X11; Linux x86_64) AppleWebKit/537.36 (KHTML, like Gecko) Chrome/57.0.2987.133 Safari/537.36"
10.240.0.179 - - [03/Jun/2017:16:20:02 +0000] "GET / HTTP/1.1" 200 846 "-" "Mozilla/5.0 (X11; Linux x86_64) AppleWebKit/537.36 (KHTML, like Gecko) Chrome/57.0.2987.133 Safari/537.36"
10.240.0.206 - - [03/Jun/2017:16:20:02 +0000] "GET /icons/blank.gif HTTP/1.1" 200 431 "https://final-nas3.c9users.io/" "Mozilla/5.0 (X11; Linux x86_64) AppleWebKit/537.36 (KHTML, like Gecko) Chrome/57.0.2987.133 Safari/537.36"
10.240.0.69 - - [03/Jun/2017:16:20:02 +0000] "GET /icons/folder.gif HTTP/1.1" 200 508 "https://final-nas3.c9users.io/" "Mozilla/5.0 (X11; Linux x86_64) AppleWebKit/537.36 (KHTML, like Gecko) Chrome/57.0.2987.133 Safari/537.36"
10.240.1.32 - - [03/Jun/2017:16:20:02 +0000] "GET /icons/unknown.gif HTTP/1.1" 200 528 "https://final-nas3.c9users.io/" "Mozilla/5.0 (X11; Linux x86_64) AppleWebKit/537.36 (KHTML, like Gecko) Chrome/57.0.2987.133 Safari/537.36"
10.240.0.182 - - [03/Jun/2017:16:20:02 +0000] "GET /icons/sound2.gif HTTP/1.1" 200 504 "https://final-nas3.c9users.io/" "Mozilla/5.0 (X11; Linux x86_64) AppleWebKit/537.36 (KHTML, like Gecko) Chrome/57.0.2987.133 Safari/537.36"
10.240.1.64 - - [03/Jun/2017:16:20:02 +0000] "GET /icons/text.gif HTTP/1.1" 200 512 "https://final-nas3.c9users.io/" "Mozilla/5.0 (X11; Linux x86_64) AppleWebKit/537.36 (KHTML, like Gecko) Chrome/57.0.2987.133 Safari/537.36"
10.240.1.19 - - [03/Jun/2017:16:20:05 +0000] "GET /run.html HTTP/1.1" 200 1278 "https://final-nas3.c9users.io/" "Mozilla/5.0 (X11; Linux x86_64) AppleWebKit/537.36 (KHTML, like Gecko) Chrome/57.0.2987.133 Safari/537.36"
10.240.0.179 - - [03/Jun/2017:16:20:11 +0000] "POST /app.php HTTP/1.1" 200 2580 "https://final-nas3.c9users.io/run.html" "Mozilla/5.0 (X11; Linux x86_64) AppleWebKit/537.36 (KHTML, like Gecko) Chrome/57.0.2987.133 Safari/537.36"
10.240.0.206 - - [03/Jun/2017:16:31:41 +0000] "GET / HTTP/1.1" 200 846 "-" "Mozilla/5.0 (X11; Linux x86_64) AppleWebKit/537.36 (KHTML, like Gecko) Chrome/57.0.2987.133 Safari/537.36"
10.240.0.186 - - [03/Jun/2017:16:31:43 +0000] "GET /Music/ HTTP/1.1" 200 1470 "https://final-nas3.c9users.io/" "Mozilla/5.0 (X11; Linux x86_64) AppleWebKit/537.36 (KHTML, like Gecko) Chrome/57.0.2987.133 Safari/537.36"
10.240.0.206 - - [03/Jun/2017:16:31:43 +0000] "GET /icons/back.gif HTTP/1.1" 200 499 "https://final-nas3.c9users.io/Music/" "Mozilla/5.0 (X11; Linux x86_64) AppleWebKit/537.36 (KHTML, like Gecko) Chrome/57.0.2987.133 Safari/537.36"
10.240.0.179 - - [03/Jun/2017:16:31:45 +0000] "GET /Music/90059.mp3 HTTP/1.1" 206 5787127 "https://final-nas3.c9users.io/Music/90059.mp3" "Mozilla/5.0 (X11; Linux x86_64) AppleWebKit/537.36 (KHTML, like Gecko) Chrome/57.0.2987.133 Safari/537.36"
10.240.0.206 - - [03/Jun/2017:16:31:45 +0000] "GET /Music/90059.mp3 HTTP/1.1" 200 1108096 "https://final-nas3.c9users.io/Music/" "Mozilla/5.0 (X11; Linux x86_64) AppleWebKit/537.36 (KHTML, like Gecko) Chrome/57.0.2987.133 Safari/537.36"
10.240.0.204 - - [03/Jun/2017:16:34:25 +0000] "GET /Music/blackspiderman.mp3 HTTP/1.1" 200 330880 "https://final-nas3.c9users.io/Music/" "Mozilla/5.0 (X11; Linux x86_64) AppleWebKit/537.36 (KHTML, like Gecko) Chrome/57.0.2987.133 Safari/537.36"
10.240.1.19 - - [03/Jun/2017:16:34:25 +0000] "GET /Music/blackspiderman.mp3 HTTP/1.1" 206 7953200 "https://final-nas3.c9users.io/Music/blackspiderman.mp3" "Mozilla/5.0 (X11; Linux x86_64) AppleWebKit/537.36 (KHTML, like Gecko) Chrome/57.0.2987.133 Safari/537.36"
10.240.1.17 - - [03/Jun/2017:16:47:57 +0000] "GET / HTTP/1.1" 200 846 "-" "Mozilla/5.0 (X11; Linux x86_64) AppleWebKit/537.36 (KHTML, like Gecko) Chrome/57.0.2987.133 Safari/537.36"
10.240.1.64 - - [03/Jun/2017:16:47:59 +0000] "GET /run.html HTTP/1.1" 200 1278 "https://final-nas3.c9users.io/" "Mozilla/5.0 (X11; Linux x86_64) AppleWebKit/537.36 (KHTML, like Gecko) Chrome/57.0.2987.133 Safari/537.36"
10.240.1.19 - - [03/Jun/2017:16:48:05 +0000] "POST /app.php HTTP/1.1" 200 1249 "https://final-nas3.c9users.io/run.html" "Mozilla/5.0 (X11; Linux x86_64) AppleWebKit/537.36 (KHTML, like Gecko) Chrome/57.0.2987.133 Safari/537.36"
10.240.1.17 - - [03/Jun/2017:17:06:50 +0000] "GET / HTTP/1.1" 200 847 "-" "Mozilla/5.0 (X11; Linux x86_64) AppleWebKit/537.36 (KHTML, like Gecko) Chrome/57.0.2987.133 Safari/537.36"
10.240.0.204 - - [03/Jun/2017:17:06:52 +0000] "GET /run.html HTTP/1.1" 200 1278 "https://final-nas3.c9users.io/" "Mozilla/5.0 (X11; Linux x86_64) AppleWebKit/537.36 (KHTML, like Gecko) Chrome/57.0.2987.133 Safari/537.36"
10.240.0.187 - - [03/Jun/2017:17:07:01 +0000] "POST /app.php HTTP/1.1" 200 1254 "https://final-nas3.c9users.io/run.html" "Mozilla/5.0 (X11; Linux x86_64) AppleWebKit/537.36 (KHTML, like Gecko) Chrome/57.0.2987.133 Safari/537.36"
10.240.1.20 - - [03/Jun/2017:17:16:28 +0000] "GET / HTTP/1.1" 200 847 "-" "Mozilla/5.0 (X11; Linux x86_64) AppleWebKit/537.36 (KHTML, like Gecko) Chrome/57.0.2987.133 Safari/537.36"
10.240.0.179 - - [03/Jun/2017:17:16:49 +0000] "POST /app.php HTTP/1.1" 200 1104 "https://final-nas3.c9users.io/run.html" "Mozilla/5.0 (X11; Linux x86_64) AppleWebKit/537.36 (KHTML, like Gecko) Chrome/57.0.2987.133 Safari/537.36"
10.240.0.179 - - [03/Jun/2017:17:17:35 +0000] "GET / HTTP/1.1" 200 847 "-" "Mozilla/5.0 (X11; Linux x86_64) AppleWebKit/537.36 (KHTML, like Gecko) Chrome/57.0.2987.133 Safari/537.36"
10.240.1.17 - - [03/Jun/2017:17:17:47 +0000] "POST /app.php HTTP/1.1" 200 1104 "https://final-nas3.c9users.io/run.html" "Mozilla/5.0 (X11; Linux x86_64) AppleWebKit/537.36 (KHTML, like Gecko) Chrome/57.0.2987.133 Safari/537.36"
10.240.0.110 - - [03/Jun/2017:17:18:17 +0000] "GET / HTTP/1.1" 200 848 "https://ide.c9.io/nas3/final" "Mozilla/5.0 (X11; Linux x86_64) AppleWebKit/537.36 (KHTML, like Gecko) Chrome/57.0.2987.133 Safari/537.36"
10.240.0.110 - - [03/Jun/2017:17:18:27 +0000] "POST /app.php HTTP/1.1" 200 1058 "https://final-nas3.c9users.io/run.html" "Mozilla/5.0 (X11; Linux x86_64) AppleWebKit/537.36 (KHTML, like Gecko) Chrome/57.0.2987.133 Safari/537.36"
10.240.1.64 - - [03/Jun/2017:17:19:17 +0000] "GET / HTTP/1.1" 200 847 "-" "Mozilla/5.0 (X11; Linux x86_64) AppleWebKit/537.36 (KHTML, like Gecko) Chrome/57.0.2987.133 Safari/537.36"
10.240.1.64 - - [03/Jun/2017:17:19:23 +0000] "POST /app.php HTTP/1.1" 200 1093 "https://final-nas3.c9users.io/run.html" "Mozilla/5.0 (X11; Linux x86_64) AppleWebKit/537.36 (KHTML, like Gecko) Chrome/57.0.2987.133 Safari/537.36"
10.240.0.187 - - [03/Jun/2017:17:20:12 +0000] "GET / HTTP/1.1" 200 848 "https://ide.c9.io/nas3/final" "Mozilla/5.0 (X11; Linux x86_64) AppleWebKit/537.36 (KHTML, like Gecko) Chrome/57.0.2987.133 Safari/537.36"
10.240.0.204 - - [03/Jun/2017:17:20:20 +0000] "POST /app.php HTTP/1.1" 200 1197 "https://final-nas3.c9users.io/run.html" "Mozilla/5.0 (X11; Linux x86_64) AppleWebKit/537.36 (KHTML, like Gecko) Chrome/57.0.2987.133 Safari/537.36"
10.240.0.110 - - [03/Jun/2017:17:29:18 +0000] "GET / HTTP/1.1" 200 847 "-" "Mozilla/5.0 (X11; Linux x86_64) AppleWebKit/537.36 (KHTML, like Gecko) Chrome/57.0.2987.133 Safari/537.36"
10.240.1.60 - - [03/Jun/2017:17:29:20 +0000] "GET /app.php HTTP/1.1" 200 724 "https://final-nas3.c9users.io/" "Mozilla/5.0 (X11; Linux x86_64) AppleWebKit/537.36 (KHTML, like Gecko) Chrome/57.0.2987.133 Safari/537.36"
10.240.0.119 - - [03/Jun/2017:17:29:32 +0000] "GET /run.html HTTP/1.1" 200 1278 "https://final-nas3.c9users.io/" "Mozilla/5.0 (X11; Linux x86_64) AppleWebKit/537.36 (KHTML, like Gecko) Chrome/57.0.2987.133 Safari/537.36"
10.240.0.241 - - [03/Jun/2017:17:29:38 +0000] "POST /app.php HTTP/1.1" 200 1055 "https://final-nas3.c9users.io/run.html" "Mozilla/5.0 (X11; Linux x86_64) AppleWebKit/537.36 (KHTML, like Gecko) Chrome/57.0.2987.133 Safari/537.36"
10.240.0.207 - - [03/Jun/2017:17:47:27 +0000] "GET / HTTP/1.1" 200 848 "-" "Mozilla/5.0 (X11; Linux x86_64) AppleWebKit/537.36 (KHTML, like Gecko) Chrome/57.0.2987.133 Safari/537.36"
10.240.1.15 - - [03/Jun/2017:17:47:35 +0000] "POST /app.php HTTP/1.1" 200 1033 "https://final-nas3.c9users.io/run.html" "Mozilla/5.0 (X11; Linux x86_64) AppleWebKit/537.36 (KHTML, like Gecko) Chrome/57.0.2987.133 Safari/537.36"
10.240.0.69 - - [03/Jun/2017:17:51:13 +0000] "GET / HTTP/1.1" 200 847 "-" "Mozilla/5.0 (X11; Linux x86_64) AppleWebKit/537.36 (KHTML, like Gecko) Chrome/57.0.2987.133 Safari/537.36"
10.240.0.206 - - [03/Jun/2017:17:51:14 +0000] "GET /run.html HTTP/1.1" 200 1278 "https://final-nas3.c9users.io/" "Mozilla/5.0 (X11; Linux x86_64) AppleWebKit/537.36 (KHTML, like Gecko) Chrome/57.0.2987.133 Safari/537.36"
10.240.1.60 - - [03/Jun/2017:17:51:26 +0000] "POST /app.php HTTP/1.1" 200 1038 "https://final-nas3.c9users.io/run.html" "Mozilla/5.0 (X11; Linux x86_64) AppleWebKit/537.36 (KHTML, like Gecko) Chrome/57.0.2987.133 Safari/537.36"
10.240.0.187 - - [03/Jun/2017:17:54:18 +0000] "GET / HTTP/1.1" 200 848 "-" "Mozilla/5.0 (X11; Linux x86_64) AppleWebKit/537.36 (KHTML, like Gecko) Chrome/57.0.2987.133 Safari/537.36"
10.240.0.206 - - [03/Jun/2017:17:54:30 +0000] "POST /app.php HTTP/1.1" 200 585 "https://final-nas3.c9users.io/run.html" "Mozilla/5.0 (X11; Linux x86_64) AppleWebKit/537.36 (KHTML, like Gecko) Chrome/57.0.2987.133 Safari/537.36"
10.240.0.110 - - [03/Jun/2017:17:55:01 +0000] "GET / HTTP/1.1" 200 848 "-" "Mozilla/5.0 (X11; Linux x86_64) AppleWebKit/537.36 (KHTML, like Gecko) Chrome/57.0.2987.133 Safari/537.36"
10.240.0.206 - - [03/Jun/2017:17:55:10 +0000] "POST /app.php HTTP/1.1" 200 1040 "https://final-nas3.c9users.io/run.html" "Mozilla/5.0 (X11; Linux x86_64) AppleWebKit/537.36 (KHTML, like Gecko) Chrome/57.0.2987.133 Safari/537.36"
10.240.0.69 - - [03/Jun/2017:17:57:38 +0000] "GET / HTTP/1.1" 200 848 "-" "Mozilla/5.0 (X11; Linux x86_64) AppleWebKit/537.36 (KHTML, like Gecko) Chrome/57.0.2987.133 Safari/537.36"
10.240.1.64 - - [03/Jun/2017:17:57:53 +0000] "POST /app.php HTTP/1.1" 200 1052 "https://final-nas3.c9users.io/run.html" "Mozilla/5.0 (X11; Linux x86_64) AppleWebKit/537.36 (KHTML, like Gecko) Chrome/57.0.2987.133 Safari/537.36"
10.240.0.187 - - [03/Jun/2017:17:58:40 +0000] "GET / HTTP/1.1" 200 849 "https://ide.c9.io/nas3/final" "Mozilla/5.0 (X11; Linux x86_64) AppleWebKit/537.36 (KHTML, like Gecko) Chrome/57.0.2987.133 Safari/537.36"
10.240.1.19 - - [03/Jun/2017:17:58:48 +0000] "POST /app.php HTTP/1.1" 200 1052 "https://final-nas3.c9users.io/run.html" "Mozilla/5.0 (X11; Linux x86_64) AppleWebKit/537.36 (KHTML, like Gecko) Chrome/57.0.2987.133 Safari/537.36"
10.240.1.64 - - [03/Jun/2017:17:59:23 +0000] "GET / HTTP/1.1" 200 847 "-" "Mozilla/5.0 (X11; Linux x86_64) AppleWebKit/537.36 (KHTML, like Gecko) Chrome/57.0.2987.133 Safari/537.36"
10.240.1.17 - - [03/Jun/2017:17:59:32 +0000] "POST /app.php HTTP/1.1" 200 1045 "https://final-nas3.c9users.io/run.html" "Mozilla/5.0 (X11; Linux x86_64) AppleWebKit/537.36 (KHTML, like Gecko) Chrome/57.0.2987.133 Safari/537.36"
10.240.0.182 - - [03/Jun/2017:18:00:00 +0000] "GET / HTTP/1.1" 200 847 "-" "Mozilla/5.0 (X11; Linux x86_64) AppleWebKit/537.36 (KHTML, like Gecko) Chrome/57.0.2987.133 Safari/537.36"
10.240.1.19 - - [03/Jun/2017:18:00:11 +0000] "POST /app.php HTTP/1.1" 200 1041 "https://final-nas3.c9users.io/run.html" "Mozilla/5.0 (X11; Linux x86_64) AppleWebKit/537.36 (KHTML, like Gecko) Chrome/57.0.2987.133 Safari/537.36"
10.240.0.187 - - [03/Jun/2017:18:01:03 +0000] "POST /app.php HTTP/1.1" 200 1041 "https://final-nas3.c9users.io/run.html" "Mozilla/5.0 (X11; Linux x86_64) AppleWebKit/537.36 (KHTML, like Gecko) Chrome/57.0.2987.133 Safari/537.36"
10.240.0.187 - - [03/Jun/2017:18:02:02 +0000] "GET / HTTP/1.1" 200 847 "-" "Mozilla/5.0 (X11; Linux x86_64) AppleWebKit/537.36 (KHTML, like Gecko) Chrome/57.0.2987.133 Safari/537.36"
10.240.1.64 - - [03/Jun/2017:18:02:14 +0000] "POST /app.php HTTP/1.1" 200 1047 "https://final-nas3.c9users.io/run.html" "Mozilla/5.0 (X11; Linux x86_64) AppleWebKit/537.36 (KHTML, like Gecko) Chrome/57.0.2987.133 Safari/537.36"
10.240.1.20 - - [03/Jun/2017:18:03:00 +0000] "GET / HTTP/1.1" 200 848 "-" "Mozilla/5.0 (X11; Linux x86_64) AppleWebKit/537.36 (KHTML, like Gecko) Chrome/57.0.2987.133 Safari/537.36"
10.240.0.207 - - [03/Jun/2017:18:03:19 +0000] "POST /app.php HTTP/1.1" 200 1043 "https://final-nas3.c9users.io/run.html" "Mozilla/5.0 (X11; Linux x86_64) AppleWebKit/537.36 (KHTML, like Gecko) Chrome/57.0.2987.133 Safari/537.36"
10.240.0.187 - - [03/Jun/2017:18:04:12 +0000] "GET / HTTP/1.1" 200 848 "-" "Mozilla/5.0 (X11; Linux x86_64) AppleWebKit/537.36 (KHTML, like Gecko) Chrome/57.0.2987.133 Safari/537.36"
10.240.0.207 - - [03/Jun/2017:18:04:24 +0000] "POST /app.php HTTP/1.1" 200 1049 "https://final-nas3.c9users.io/run.html" "Mozilla/5.0 (X11; Linux x86_64) AppleWebKit/537.36 (KHTML, like Gecko) Chrome/57.0.2987.133 Safari/537.36"
10.240.0.110 - - [03/Jun/2017:18:04:41 +0000] "POST /app.php HTTP/1.1" 200 1049 "https://final-nas3.c9users.io/run.html" "Mozilla/5.0 (X11; Linux x86_64) AppleWebKit/537.36 (KHTML, like Gecko) Chrome/57.0.2987.133 Safari/537.36"
10.240.1.64 - - [03/Jun/2017:18:05:38 +0000] "GET / HTTP/1.1" 200 848 "-" "Mozilla/5.0 (X11; Linux x86_64) AppleWebKit/537.36 (KHTML, like Gecko) Chrome/57.0.2987.133 Safari/537.36"
10.240.0.241 - - [03/Jun/2017:18:05:47 +0000] "POST /app.php HTTP/1.1" 200 1051 "https://final-nas3.c9users.io/run.html" "Mozilla/5.0 (X11; Linux x86_64) AppleWebKit/537.36 (KHTML, like Gecko) Chrome/57.0.2987.133 Safari/537.36"
10.240.1.60 - - [03/Jun/2017:18:06:25 +0000] "GET / HTTP/1.1" 200 848 "-" "Mozilla/5.0 (X11; Linux x86_64) AppleWebKit/537.36 (KHTML, like Gecko) Chrome/57.0.2987.133 Safari/537.36"
10.240.0.187 - - [03/Jun/2017:18:06:38 +0000] "POST /app.php HTTP/1.1" 200 1053 "https://final-nas3.c9users.io/run.html" "Mozilla/5.0 (X11; Linux x86_64) AppleWebKit/537.36 (KHTML, like Gecko) Chrome/57.0.2987.133 Safari/537.36"
10.240.1.17 - - [03/Jun/2017:18:07:28 +0000] "GET / HTTP/1.1" 200 848 "-" "Mozilla/5.0 (X11; Linux x86_64) AppleWebKit/537.36 (KHTML, like Gecko) Chrome/57.0.2987.133 Safari/537.36"
10.240.0.186 - - [03/Jun/2017:18:07:41 +0000] "POST /app.php HTTP/1.1" 200 1053 "https://final-nas3.c9users.io/run.html" "Mozilla/5.0 (X11; Linux x86_64) AppleWebKit/537.36 (KHTML, like Gecko) Chrome/57.0.2987.133 Safari/537.36"
10.240.1.19 - - [03/Jun/2017:18:10:06 +0000] "GET / HTTP/1.1" 200 846 "-" "Mozilla/5.0 (X11; Linux x86_64) AppleWebKit/537.36 (KHTML, like Gecko) Chrome/57.0.2987.133 Safari/537.36"
10.240.1.19 - - [03/Jun/2017:18:10:15 +0000] "POST /app.php HTTP/1.1" 200 1063 "https://final-nas3.c9users.io/run.html" "Mozilla/5.0 (X11; Linux x86_64) AppleWebKit/537.36 (KHTML, like Gecko) Chrome/57.0.2987.133 Safari/537.36"
10.240.1.17 - - [03/Jun/2017:18:11:33 +0000] "POST /app.php HTTP/1.1" 200 1063 "https://final-nas3.c9users.io/run.html" "Mozilla/5.0 (X11; Linux x86_64) AppleWebKit/537.36 (KHTML, like Gecko) Chrome/57.0.2987.133 Safari/537.36"
10.240.1.15 - - [03/Jun/2017:18:11:40 +0000] "GET / HTTP/1.1" 200 846 "https://ide.c9.io/nas3/final" "Mozilla/5.0 (X11; Linux x86_64) AppleWebKit/537.36 (KHTML, like Gecko) Chrome/57.0.2987.133 Safari/537.36"
10.240.1.64 - - [03/Jun/2017:18:11:53 +0000] "POST /app.php HTTP/1.1" 200 1062 "https://final-nas3.c9users.io/run.html" "Mozilla/5.0 (X11; Linux x86_64) AppleWebKit/537.36 (KHTML, like Gecko) Chrome/57.0.2987.133 Safari/537.36"
10.240.0.110 - - [03/Jun/2017:18:12:36 +0000] "GET /phpmyadmin HTTP/1.1" 301 613 "-" "Mozilla/5.0 (X11; Linux x86_64) AppleWebKit/537.36 (KHTML, like Gecko) Chrome/57.0.2987.133 Safari/537.36"
10.240.1.32 - - [03/Jun/2017:18:12:36 +0000] "GET /phpmyadmin/ HTTP/1.1" 200 3531 "-" "Mozilla/5.0 (X11; Linux x86_64) AppleWebKit/537.36 (KHTML, like Gecko) Chrome/57.0.2987.133 Safari/537.36"
10.240.1.15 - - [03/Jun/2017:18:12:36 +0000] "GET /phpmyadmin/phpmyadmin.css.php?server=1&token=9385d5dff559e0e30e771fb382a2eae2&nocache=4268872176ltr HTTP/1.1" 200 17609 "https://final-nas3.c9users.io/phpmyadmin/" "Mozilla/5.0 (X11; Linux x86_64) AppleWebKit/537.36 (KHTML, like Gecko) Chrome/57.0.2987.133 Safari/537.36"
10.240.1.19 - - [03/Jun/2017:18:12:36 +0000] "GET /phpmyadmin/js/messages.php?lang=en&db=&token=9385d5dff559e0e30e771fb382a2eae2 HTTP/1.1" 200 17209 "https://final-nas3.c9users.io/phpmyadmin/" "Mozilla/5.0 (X11; Linux x86_64) AppleWebKit/537.36 (KHTML, like Gecko) Chrome/57.0.2987.133 Safari/537.36"
10.240.0.186 - - [03/Jun/2017:18:12:36 +0000] "GET /phpmyadmin/js/get_scripts.js.php?scripts[]=jquery/jquery-1.8.3.min.js&scripts[]=ajax.js&scripts[]=keyhandler.js&scripts[]=jquery/jquery-ui-1.9.2.custom.min.js&scripts[]=jquery/jquery.sprintf.js&scripts[]=jquery/jquery.cookie.js&scripts[]=jquery/jquery.mousewheel.js&scripts[]=jquery/jquery.event.drag-2.2.js&scripts[]=jquery/jquery-ui-timepicker-addon.js&scripts[]=jquery/jquery.ba-hashchange-1.3.js&scripts[]=jquery/jquery.debounce-1.0.5.js&scripts[]=jquery/jquery.menuResizer-1.0.js&scripts[]=rte.js&scripts[]=functions.js&scripts[]=navigation.js&scripts[]=indexes.js&scripts[]=common.js&scripts[]=codemirror/lib/codemirror.js&scripts[]=codemirror/mode/mysql/mysql.js HTTP/1.1" 200 819108 "https://final-nas3.c9users.io/phpmyadmin/" "Mozilla/5.0 (X11; Linux x86_64) AppleWebKit/537.36 (KHTML, like Gecko) Chrome/57.0.2987.133 Safari/537.36"
10.240.1.32 - - [03/Jun/2017:18:12:39 +0000] "POST /phpmyadmin/index.php HTTP/1.1" 302 559 "https://final-nas3.c9users.io/phpmyadmin/" "Mozilla/5.0 (X11; Linux x86_64) AppleWebKit/537.36 (KHTML, like Gecko) Chrome/57.0.2987.133 Safari/537.36"
10.240.1.32 - - [03/Jun/2017:18:12:39 +0000] "GET /phpmyadmin/index.php?token=9385d5dff559e0e30e771fb382a2eae2 HTTP/1.1" 200 8534 "https://final-nas3.c9users.io/phpmyadmin/" "Mozilla/5.0 (X11; Linux x86_64) AppleWebKit/537.36 (KHTML, like Gecko) Chrome/57.0.2987.133 Safari/537.36"
10.240.0.186 - - [03/Jun/2017:18:12:39 +0000] "GET /phpmyadmin/phpmyadmin.css.php?server=1&token=9385d5dff559e0e30e771fb382a2eae2&nocache=5765385735ltr HTTP/1.1" 200 17609 "https://final-nas3.c9users.io/phpmyadmin/index.php?token=9385d5dff559e0e30e771fb382a2eae2" "Mozilla/5.0 (X11; Linux x86_64) AppleWebKit/537.36 (KHTML, like Gecko) Chrome/57.0.2987.133 Safari/537.36"
10.240.0.204 - - [03/Jun/2017:18:12:42 +0000] "GET /phpmyadmin/server_databases.php?db=&token=9385d5dff559e0e30e771fb382a2eae2&ajax_request=true&ajax_page_request=true&menuHashes=30eb2023&_nocache=1496513562101535208 HTTP/1.1" 200 34837 "https://final-nas3.c9users.io/phpmyadmin/index.php?token=9385d5dff559e0e30e771fb382a2eae2" "Mozilla/5.0 (X11; Linux x86_64) AppleWebKit/537.36 (KHTML, like Gecko) Chrome/57.0.2987.133 Safari/537.36"
10.240.0.186 - - [03/Jun/2017:18:12:42 +0000] "GET /phpmyadmin/js/get_scripts.js.php?scripts[]=server_databases.js HTTP/1.1" 200 4864 "https://final-nas3.c9users.io/phpmyadmin/index.php?token=9385d5dff559e0e30e771fb382a2eae2" "Mozilla/5.0 (X11; Linux x86_64) AppleWebKit/537.36 (KHTML, like Gecko) Chrome/57.0.2987.133 Safari/537.36"
10.240.0.204 - - [03/Jun/2017:18:12:46 +0000] "GET /phpmyadmin/navigation.php?ajax_request=1&token=9385d5dff559e0e30e771fb382a2eae2&aPath=cm9vdA%3D%3D.cmFw&vPath=cm9vdA%3D%3D.cmFw&pos=0&pos2_name=&pos2_value=&searchClause=&searchClause2=&_nocache=1496513566000256295 HTTP/1.1" 200 1711 "https://final-nas3.c9users.io/phpmyadmin/index.php?token=9385d5dff559e0e30e771fb382a2eae2" "Mozilla/5.0 (X11; Linux x86_64) AppleWebKit/537.36 (KHTML, like Gecko) Chrome/57.0.2987.133 Safari/537.36"
10.240.0.110 - - [03/Jun/2017:18:12:47 +0000] "GET /phpmyadmin/sql.php?server=1&db=rap&table=Music&pos=0&token=9385d5dff559e0e30e771fb382a2eae2&ajax_request=true&ajax_page_request=true&menuHashes=30eb2023-c4d795cf&_nocache=1496513567510772932 HTTP/1.1" 200 28757 "https://final-nas3.c9users.io/phpmyadmin/index.php?token=9385d5dff559e0e30e771fb382a2eae2" "Mozilla/5.0 (X11; Linux x86_64) AppleWebKit/537.36 (KHTML, like Gecko) Chrome/57.0.2987.133 Safari/537.36"
10.240.1.32 - - [03/Jun/2017:18:12:48 +0000] "GET /phpmyadmin/js/get_scripts.js.php?scripts[]=tbl_change.js&scripts[]=tbl_structure.js&scripts[]=gis_data_editor.js&scripts[]=makegrid.js&scripts[]=sql.js HTTP/1.1" 200 145009 "https://final-nas3.c9users.io/phpmyadmin/index.php?token=9385d5dff559e0e30e771fb382a2eae2" "Mozilla/5.0 (X11; Linux x86_64) AppleWebKit/537.36 (KHTML, like Gecko) Chrome/57.0.2987.133 Safari/537.36"
10.240.1.19 - - [03/Jun/2017:18:12:48 +0000] "GET /phpmyadmin/index.php?ajax_request=1&recent_table=1&token=9385d5dff559e0e30e771fb382a2eae2 HTTP/1.1" 200 888 "https://final-nas3.c9users.io/phpmyadmin/index.php?token=9385d5dff559e0e30e771fb382a2eae2" "Mozilla/5.0 (X11; Linux x86_64) AppleWebKit/537.36 (KHTML, like Gecko) Chrome/57.0.2987.133 Safari/537.36"
10.240.1.19 - - [03/Jun/2017:18:14:07 +0000] "GET / HTTP/1.1" 200 848 "-" "Mozilla/5.0 (X11; Linux x86_64) AppleWebKit/537.36 (KHTML, like Gecko) Chrome/57.0.2987.133 Safari/537.36"
10.240.1.64 - - [03/Jun/2017:18:14:08 +0000] "GET /run.html HTTP/1.1" 200 1278 "https://final-nas3.c9users.io/" "Mozilla/5.0 (X11; Linux x86_64) AppleWebKit/537.36 (KHTML, like Gecko) Chrome/57.0.2987.133 Safari/537.36"
10.240.0.241 - - [03/Jun/2017:18:14:15 +0000] "POST /app.php HTTP/1.1" 200 1059 "https://final-nas3.c9users.io/run.html" "Mozilla/5.0 (X11; Linux x86_64) AppleWebKit/537.36 (KHTML, like Gecko) Chrome/57.0.2987.133 Safari/537.36"
10.240.0.204 - - [03/Jun/2017:18:17:58 +0000] "GET / HTTP/1.1" 200 876 "-" "Mozilla/5.0 (X11; Linux x86_64) AppleWebKit/537.36 (KHTML, like Gecko) Chrome/57.0.2987.133 Safari/537.36"
10.240.0.206 - - [03/Jun/2017:18:18:27 +0000] "GET / HTTP/1.1" 200 876 "-" "Mozilla/5.0 (X11; Linux x86_64) AppleWebKit/537.36 (KHTML, like Gecko) Chrome/57.0.2987.133 Safari/537.36"
10.240.0.119 - - [03/Jun/2017:18:18:38 +0000] "POST /app.php HTTP/1.1" 200 1055 "https://final-nas3.c9users.io/run.html" "Mozilla/5.0 (X11; Linux x86_64) AppleWebKit/537.36 (KHTML, like Gecko) Chrome/57.0.2987.133 Safari/537.36"
10.240.1.17 - - [03/Jun/2017:18:19:06 +0000] "GET / HTTP/1.1" 200 875 "-" "Mozilla/5.0 (X11; Linux x86_64) AppleWebKit/537.36 (KHTML, like Gecko) Chrome/57.0.2987.133 Safari/537.36"
10.240.1.60 - - [03/Jun/2017:18:19:09 +0000] "GET /app.php HTTP/1.1" 200 737 "https://final-nas3.c9users.io/" "Mozilla/5.0 (X11; Linux x86_64) AppleWebKit/537.36 (KHTML, like Gecko) Chrome/57.0.2987.133 Safari/537.36"
10.240.1.19 - - [03/Jun/2017:18:19:09 +0000] "GET /hb.mp3 HTTP/1.1" 206 10542767 "https://final-nas3.c9users.io/app.php" "Mozilla/5.0 (X11; Linux x86_64) AppleWebKit/537.36 (KHTML, like Gecko) Chrome/57.0.2987.133 Safari/537.36"
10.240.0.241 - - [03/Jun/2017:18:20:03 +0000] "GET / HTTP/1.1" 200 875 "-" "Mozilla/5.0 (X11; Linux x86_64) AppleWebKit/537.36 (KHTML, like Gecko) Chrome/57.0.2987.133 Safari/537.36"
10.240.0.119 - - [03/Jun/2017:18:20:10 +0000] "GET /app.php HTTP/1.1" 200 753 "https://final-nas3.c9users.io/" "Mozilla/5.0 (X11; Linux x86_64) AppleWebKit/537.36 (KHTML, like Gecko) Chrome/57.0.2987.133 Safari/537.36"
10.240.1.19 - - [03/Jun/2017:18:20:10 +0000] "GET /Music/90059.mp3 HTTP/1.1" 304 183 "https://final-nas3.c9users.io/app.php" "Mozilla/5.0 (X11; Linux x86_64) AppleWebKit/537.36 (KHTML, like Gecko) Chrome/57.0.2987.133 Safari/537.36"
10.240.1.20 - - [03/Jun/2017:18:21:53 +0000] "GET /app.php HTTP/1.1" 200 852 "https://final-nas3.c9users.io/" "Mozilla/5.0 (X11; Linux x86_64) AppleWebKit/537.36 (KHTML, like Gecko) Chrome/57.0.2987.133 Safari/537.36"
10.240.1.17 - - [03/Jun/2017:18:22:05 +0000] "GET / HTTP/1.1" 200 875 "-" "Mozilla/5.0 (X11; Linux x86_64) AppleWebKit/537.36 (KHTML, like Gecko) Chrome/57.0.2987.133 Safari/537.36"
10.240.1.20 - - [03/Jun/2017:18:22:23 +0000] "POST /app.php HTTP/1.1" 200 1011 "https://final-nas3.c9users.io/run.html" "Mozilla/5.0 (X11; Linux x86_64) AppleWebKit/537.36 (KHTML, like Gecko) Chrome/57.0.2987.133 Safari/537.36"
10.240.1.19 - - [03/Jun/2017:18:24:17 +0000] "GET / HTTP/1.1" 200 877 "-" "Mozilla/5.0 (X11; Linux x86_64) AppleWebKit/537.36 (KHTML, like Gecko) Chrome/57.0.2987.133 Safari/537.36"
10.240.0.69 - - [03/Jun/2017:18:24:28 +0000] "POST /app.php HTTP/1.1" 200 1054 "https://final-nas3.c9users.io/run.html" "Mozilla/5.0 (X11; Linux x86_64) AppleWebKit/537.36 (KHTML, like Gecko) Chrome/57.0.2987.133 Safari/537.36"
10.240.0.207 - - [03/Jun/2017:18:26:12 +0000] "GET / HTTP/1.1" 200 875 "-" "Mozilla/5.0 (X11; Linux x86_64) AppleWebKit/537.36 (KHTML, like Gecko) Chrome/57.0.2987.133 Safari/537.36"
10.240.1.19 - - [03/Jun/2017:18:26:21 +0000] "POST /app.php HTTP/1.1" 200 1063 "https://final-nas3.c9users.io/run.html" "Mozilla/5.0 (X11; Linux x86_64) AppleWebKit/537.36 (KHTML, like Gecko) Chrome/57.0.2987.133 Safari/537.36"
10.240.0.119 - - [03/Jun/2017:18:28:01 +0000] "GET / HTTP/1.1" 200 877 "-" "Mozilla/5.0 (X11; Linux x86_64) AppleWebKit/537.36 (KHTML, like Gecko) Chrome/57.0.2987.133 Safari/537.36"
10.240.1.17 - - [03/Jun/2017:18:28:06 +0000] "GET /app.php HTTP/1.1" 200 752 "https://final-nas3.c9users.io/" "Mozilla/5.0 (X11; Linux x86_64) AppleWebKit/537.36 (KHTML, like Gecko) Chrome/57.0.2987.133 Safari/537.36"
10.240.1.60 - - [03/Jun/2017:18:28:20 +0000] "POST /app.php HTTP/1.1" 200 1065 "https://final-nas3.c9users.io/run.html" "Mozilla/5.0 (X11; Linux x86_64) AppleWebKit/537.36 (KHTML, like Gecko) Chrome/57.0.2987.133 Safari/537.36"
10.240.1.17 - - [03/Jun/2017:18:28:43 +0000] "POST /app.php HTTP/1.1" 200 1065 "https://final-nas3.c9users.io/run.html" "Mozilla/5.0 (X11; Linux x86_64) AppleWebKit/537.36 (KHTML, like Gecko) Chrome/57.0.2987.133 Safari/537.36"
10.240.1.19 - - [03/Jun/2017:18:29:03 +0000] "GET / HTTP/1.1" 200 877 "-" "Mozilla/5.0 (X11; Linux x86_64) AppleWebKit/537.36 (KHTML, like Gecko) Chrome/57.0.2987.133 Safari/537.36"
10.240.0.110 - - [03/Jun/2017:18:29:11 +0000] "POST /app.php HTTP/1.1" 200 1063 "https://final-nas3.c9users.io/run.html" "Mozilla/5.0 (X11; Linux x86_64) AppleWebKit/537.36 (KHTML, like Gecko) Chrome/57.0.2987.133 Safari/537.36"
10.240.0.110 - - [03/Jun/2017:18:29:39 +0000] "GET / HTTP/1.1" 200 875 "-" "Mozilla/5.0 (X11; Linux x86_64) AppleWebKit/537.36 (KHTML, like Gecko) Chrome/57.0.2987.133 Safari/537.36"
10.240.1.32 - - [03/Jun/2017:18:29:52 +0000] "POST /app.php HTTP/1.1" 200 1063 "https://final-nas3.c9users.io/run.html" "Mozilla/5.0 (X11; Linux x86_64) AppleWebKit/537.36 (KHTML, like Gecko) Chrome/57.0.2987.133 Safari/537.36"
10.240.0.206 - - [03/Jun/2017:18:30:43 +0000] "GET / HTTP/1.1" 200 877 "-" "Mozilla/5.0 (X11; Linux x86_64) AppleWebKit/537.36 (KHTML, like Gecko) Chrome/57.0.2987.133 Safari/537.36"
10.240.1.32 - - [03/Jun/2017:18:30:52 +0000] "POST /app.php HTTP/1.1" 200 1063 "https://final-nas3.c9users.io/run.html" "Mozilla/5.0 (X11; Linux x86_64) AppleWebKit/537.36 (KHTML, like Gecko) Chrome/57.0.2987.133 Safari/537.36"
10.240.0.182 - - [03/Jun/2017:18:33:25 +0000] "GET / HTTP/1.1" 200 874 "-" "Mozilla/5.0 (X11; Linux x86_64) AppleWebKit/537.36 (KHTML, like Gecko) Chrome/57.0.2987.133 Safari/537.36"
10.240.1.17 - - [03/Jun/2017:18:33:39 +0000] "POST /app.php HTTP/1.1" 200 1052 "https://final-nas3.c9users.io/run.html" "Mozilla/5.0 (X11; Linux x86_64) AppleWebKit/537.36 (KHTML, like Gecko) Chrome/57.0.2987.133 Safari/537.36"
10.240.0.241 - - [03/Jun/2017:19:32:06 +0000] "GET / HTTP/1.1" 200 877 "-" "Mozilla/5.0 (X11; Linux x86_64) AppleWebKit/537.36 (KHTML, like Gecko) Chrome/57.0.2987.133 Safari/537.36"
10.240.0.206 - - [03/Jun/2017:19:32:08 +0000] "GET /run.html HTTP/1.1" 200 1278 "https://final-nas3.c9users.io/" "Mozilla/5.0 (X11; Linux x86_64) AppleWebKit/537.36 (KHTML, like Gecko) Chrome/57.0.2987.133 Safari/537.36"
10.240.0.119 - - [03/Jun/2017:19:32:19 +0000] "POST /app.php HTTP/1.1" 200 1159 "https://final-nas3.c9users.io/run.html" "Mozilla/5.0 (X11; Linux x86_64) AppleWebKit/537.36 (KHTML, like Gecko) Chrome/57.0.2987.133 Safari/537.36"
10.240.0.204 - - [03/Jun/2017:19:33:26 +0000] "GET / HTTP/1.1" 200 875 "-" "Mozilla/5.0 (X11; Linux x86_64) AppleWebKit/537.36 (KHTML, like Gecko) Chrome/57.0.2987.133 Safari/537.36"
10.240.1.64 - - [03/Jun/2017:19:34:17 +0000] "POST /app.php HTTP/1.1" 200 1069 "https://final-nas3.c9users.io/run.html" "Mozilla/5.0 (X11; Linux x86_64) AppleWebKit/537.36 (KHTML, like Gecko) Chrome/57.0.2987.133 Safari/537.36"
10.240.1.19 - - [03/Jun/2017:19:34:49 +0000] "GET / HTTP/1.1" 200 877 "-" "Mozilla/5.0 (X11; Linux x86_64) AppleWebKit/537.36 (KHTML, like Gecko) Chrome/57.0.2987.133 Safari/537.36"
10.240.1.19 - - [03/Jun/2017:19:34:51 +0000] "GET /app.php HTTP/1.1" 200 761 "https://final-nas3.c9users.io/" "Mozilla/5.0 (X11; Linux x86_64) AppleWebKit/537.36 (KHTML, like Gecko) Chrome/57.0.2987.133 Safari/537.36"
10.240.1.19 - - [03/Jun/2017:19:34:52 +0000] "GET /music/peso.mp3 HTTP/1.1" 404 515 "https://final-nas3.c9users.io/app.php" "Mozilla/5.0 (X11; Linux x86_64) AppleWebKit/537.36 (KHTML, like Gecko) Chrome/57.0.2987.133 Safari/537.36"
10.240.0.69 - - [03/Jun/2017:19:35:03 +0000] "POST /app.php HTTP/1.1" 200 1033 "https://final-nas3.c9users.io/run.html" "Mozilla/5.0 (X11; Linux x86_64) AppleWebKit/537.36 (KHTML, like Gecko) Chrome/57.0.2987.133 Safari/537.36"
10.240.1.15 - - [03/Jun/2017:19:35:03 +0000] "GET /music/peso.mp3 HTTP/1.1" 404 515 "https://final-nas3.c9users.io/app.php" "Mozilla/5.0 (X11; Linux x86_64) AppleWebKit/537.36 (KHTML, like Gecko) Chrome/57.0.2987.133 Safari/537.36"
10.240.1.15 - - [03/Jun/2017:19:38:12 +0000] "GET / HTTP/1.1" 200 877 "-" "Mozilla/5.0 (X11; Linux x86_64) AppleWebKit/537.36 (KHTML, like Gecko) Chrome/57.0.2987.133 Safari/537.36"
10.240.0.110 - - [03/Jun/2017:19:38:22 +0000] "POST /app.php HTTP/1.1" 200 1079 "https://final-nas3.c9users.io/run.html" "Mozilla/5.0 (X11; Linux x86_64) AppleWebKit/537.36 (KHTML, like Gecko) Chrome/57.0.2987.133 Safari/537.36"
10.240.1.64 - - [03/Jun/2017:19:38:22 +0000] "GET /music/peso.mp3 HTTP/1.1" 404 515 "https://final-nas3.c9users.io/app.php" "Mozilla/5.0 (X11; Linux x86_64) AppleWebKit/537.36 (KHTML, like Gecko) Chrome/57.0.2987.133 Safari/537.36"
10.240.0.186 - - [03/Jun/2017:20:16:41 +0000] "GET / HTTP/1.1" 200 877 "-" "Mozilla/5.0 (X11; CrOS x86_64 9334.72.0) AppleWebKit/537.36 (KHTML, like Gecko) Chrome/58.0.3029.140 Safari/537.36"
10.240.1.20 - - [03/Jun/2017:20:16:42 +0000] "GET /icons/blank.gif HTTP/1.1" 200 431 "https://final-nas3.c9users.io/" "Mozilla/5.0 (X11; CrOS x86_64 9334.72.0) AppleWebKit/537.36 (KHTML, like Gecko) Chrome/58.0.3029.140 Safari/537.36"
10.240.0.187 - - [03/Jun/2017:20:16:42 +0000] "GET /icons/folder.gif HTTP/1.1" 200 508 "https://final-nas3.c9users.io/" "Mozilla/5.0 (X11; CrOS x86_64 9334.72.0) AppleWebKit/537.36 (KHTML, like Gecko) Chrome/58.0.3029.140 Safari/537.36"
10.240.0.186 - - [03/Jun/2017:20:16:42 +0000] "GET /icons/unknown.gif HTTP/1.1" 200 528 "https://final-nas3.c9users.io/" "Mozilla/5.0 (X11; CrOS x86_64 9334.72.0) AppleWebKit/537.36 (KHTML, like Gecko) Chrome/58.0.3029.140 Safari/537.36"
10.240.1.15 - - [03/Jun/2017:20:16:42 +0000] "GET /icons/sound2.gif HTTP/1.1" 200 504 "https://final-nas3.c9users.io/" "Mozilla/5.0 (X11; CrOS x86_64 9334.72.0) AppleWebKit/537.36 (KHTML, like Gecko) Chrome/58.0.3029.140 Safari/537.36"
10.240.0.187 - - [03/Jun/2017:20:16:42 +0000] "GET /icons/text.gif HTTP/1.1" 200 512 "https://final-nas3.c9users.io/" "Mozilla/5.0 (X11; CrOS x86_64 9334.72.0) AppleWebKit/537.36 (KHTML, like Gecko) Chrome/58.0.3029.140 Safari/537.36"
10.240.0.110 - - [03/Jun/2017:20:16:42 +0000] "GET /favicon.ico HTTP/1.1" 404 512 "https://final-nas3.c9users.io/" "Mozilla/5.0 (X11; CrOS x86_64 9334.72.0) AppleWebKit/537.36 (KHTML, like Gecko) Chrome/58.0.3029.140 Safari/537.36"
10.240.0.69 - - [03/Jun/2017:20:16:46 +0000] "GET /Music/ HTTP/1.1" 200 1470 "https://final-nas3.c9users.io/" "Mozilla/5.0 (X11; CrOS x86_64 9334.72.0) AppleWebKit/537.36 (KHTML, like Gecko) Chrome/58.0.3029.140 Safari/537.36"
10.240.0.204 - - [03/Jun/2017:20:16:46 +0000] "GET /icons/back.gif HTTP/1.1" 200 499 "https://final-nas3.c9users.io/Music/" "Mozilla/5.0 (X11; CrOS x86_64 9334.72.0) AppleWebKit/537.36 (KHTML, like Gecko) Chrome/58.0.3029.140 Safari/537.36"
10.240.0.119 - - [03/Jun/2017:20:16:49 +0000] "GET /Music/90059.mp3 HTTP/1.1" 200 978560 "https://final-nas3.c9users.io/Music/" "Mozilla/5.0 (X11; CrOS x86_64 9334.72.0) AppleWebKit/537.36 (KHTML, like Gecko) Chrome/58.0.3029.140 Safari/537.36"
10.240.1.32 - - [03/Jun/2017:20:16:50 +0000] "GET /Music/90059.mp3 HTTP/1.1" 206 5787127 "https://final-nas3.c9users.io/Music/90059.mp3" "Mozilla/5.0 (X11; CrOS x86_64 9334.72.0) AppleWebKit/537.36 (KHTML, like Gecko) Chrome/58.0.3029.140 Safari/537.36"
10.240.0.110 - - [03/Jun/2017:20:17:31 +0000] "GET /app.php HTTP/1.1" 200 865 "https://final-nas3.c9users.io/" "Mozilla/5.0 (X11; CrOS x86_64 9334.72.0) AppleWebKit/537.36 (KHTML, like Gecko) Chrome/58.0.3029.140 Safari/537.36"
10.240.1.20 - - [03/Jun/2017:20:17:31 +0000] "GET /music/peso.mp3 HTTP/1.1" 404 515 "https://final-nas3.c9users.io/app.php" "Mozilla/5.0 (X11; CrOS x86_64 9334.72.0) AppleWebKit/537.36 (KHTML, like Gecko) Chrome/58.0.3029.140 Safari/537.36"
10.240.1.20 - - [03/Jun/2017:20:17:38 +0000] "GET /run.html HTTP/1.1" 200 1278 "https://final-nas3.c9users.io/" "Mozilla/5.0 (X11; CrOS x86_64 9334.72.0) AppleWebKit/537.36 (KHTML, like Gecko) Chrome/58.0.3029.140 Safari/537.36"
10.240.1.64 - - [03/Jun/2017:20:18:26 +0000] "POST /app.php HTTP/1.1" 200 1037 "https://final-nas3.c9users.io/run.html" "Mozilla/5.0 (X11; CrOS x86_64 9334.72.0) AppleWebKit/537.36 (KHTML, like Gecko) Chrome/58.0.3029.140 Safari/537.36"
10.240.0.182 - - [03/Jun/2017:20:18:26 +0000] "GET /music/peso.mp3 HTTP/1.1" 404 515 "https://final-nas3.c9users.io/app.php" "Mozilla/5.0 (X11; CrOS x86_64 9334.72.0) AppleWebKit/537.36 (KHTML, like Gecko) Chrome/58.0.3029.140 Safari/537.36"
10.240.1.19 - - [03/Jun/2017:20:22:26 +0000] "GET / HTTP/1.1" 200 877 "-" "Mozilla/5.0 (X11; CrOS x86_64 9334.72.0) AppleWebKit/537.36 (KHTML, like Gecko) Chrome/58.0.3029.140 Safari/537.36"
10.240.1.17 - - [03/Jun/2017:20:22:33 +0000] "POST /app.php HTTP/1.1" 200 766 "https://final-nas3.c9users.io/run.html" "Mozilla/5.0 (X11; CrOS x86_64 9334.72.0) AppleWebKit/537.36 (KHTML, like Gecko) Chrome/58.0.3029.140 Safari/537.36"
10.240.1.60 - - [03/Jun/2017:20:22:33 +0000] "GET /music/peso.mp3 HTTP/1.1" 404 515 "https://final-nas3.c9users.io/app.php" "Mozilla/5.0 (X11; CrOS x86_64 9334.72.0) AppleWebKit/537.36 (KHTML, like Gecko) Chrome/58.0.3029.140 Safari/537.36"
10.240.1.32 - - [03/Jun/2017:20:23:06 +0000] "POST /app.php HTTP/1.1" 200 1075 "https://final-nas3.c9users.io/run.html" "Mozilla/5.0 (X11; CrOS x86_64 9334.72.0) AppleWebKit/537.36 (KHTML, like Gecko) Chrome/58.0.3029.140 Safari/537.36"
10.240.1.20 - - [03/Jun/2017:20:23:06 +0000] "GET /music/peso.mp3 HTTP/1.1" 404 515 "https://final-nas3.c9users.io/app.php" "Mozilla/5.0 (X11; CrOS x86_64 9334.72.0) AppleWebKit/537.36 (KHTML, like Gecko) Chrome/58.0.3029.140 Safari/537.36"
10.240.1.20 - - [03/Jun/2017:20:24:04 +0000] "GET / HTTP/1.1" 200 877 "-" "Mozilla/5.0 (X11; CrOS x86_64 9334.72.0) AppleWebKit/537.36 (KHTML, like Gecko) Chrome/58.0.3029.140 Safari/537.36"
10.240.0.241 - - [03/Jun/2017:21:50:30 +0000] "GET /phpmyadmin/ HTTP/1.1" 200 3630 "-" "Mozilla/5.0 (X11; Linux x86_64) AppleWebKit/537.36 (KHTML, like Gecko) Chrome/57.0.2987.133 Safari/537.36"
10.240.0.186 - - [03/Jun/2017:21:50:31 +0000] "GET /phpmyadmin/phpmyadmin.css.php?server=1&token=9385d5dff559e0e30e771fb382a2eae2&nocache=4268872176ltr HTTP/1.1" 200 17609 "https://final-nas3.c9users.io/phpmyadmin/" "Mozilla/5.0 (X11; Linux x86_64) AppleWebKit/537.36 (KHTML, like Gecko) Chrome/57.0.2987.133 Safari/537.36"
10.240.0.110 - - [03/Jun/2017:21:50:32 +0000] "GET /phpmyadmin/js/get_image.js.php?theme=pmahomme HTTP/1.1" 200 6653 "https://final-nas3.c9users.io/phpmyadmin/" "Mozilla/5.0 (X11; Linux x86_64) AppleWebKit/537.36 (KHTML, like Gecko) Chrome/57.0.2987.133 Safari/537.36"
10.240.0.241 - - [03/Jun/2017:21:50:32 +0000] "GET /phpmyadmin/js/messages.php?lang=en&db=&token=9385d5dff559e0e30e771fb382a2eae2 HTTP/1.1" 200 17209 "https://final-nas3.c9users.io/phpmyadmin/" "Mozilla/5.0 (X11; Linux x86_64) AppleWebKit/537.36 (KHTML, like Gecko) Chrome/57.0.2987.133 Safari/537.36"
10.240.0.186 - - [03/Jun/2017:21:50:32 +0000] "GET /phpmyadmin/js/get_scripts.js.php?scripts[]=jquery/jquery-1.8.3.min.js&scripts[]=ajax.js&scripts[]=keyhandler.js&scripts[]=jquery/jquery-ui-1.9.2.custom.min.js&scripts[]=jquery/jquery.sprintf.js&scripts[]=jquery/jquery.cookie.js&scripts[]=jquery/jquery.mousewheel.js&scripts[]=jquery/jquery.event.drag-2.2.js&scripts[]=jquery/jquery-ui-timepicker-addon.js&scripts[]=jquery/jquery.ba-hashchange-1.3.js&scripts[]=jquery/jquery.debounce-1.0.5.js&scripts[]=jquery/jquery.menuResizer-1.0.js&scripts[]=rte.js&scripts[]=functions.js&scripts[]=navigation.js&scripts[]=indexes.js&scripts[]=common.js&scripts[]=codemirror/lib/codemirror.js&scripts[]=codemirror/mode/mysql/mysql.js HTTP/1.1" 200 819108 "https://final-nas3.c9users.io/phpmyadmin/" "Mozilla/5.0 (X11; Linux x86_64) AppleWebKit/537.36 (KHTML, like Gecko) Chrome/57.0.2987.133 Safari/537.36"
10.240.1.64 - - [03/Jun/2017:21:50:40 +0000] "POST /phpmyadmin/index.php HTTP/1.1" 302 559 "https://final-nas3.c9users.io/phpmyadmin/" "Mozilla/5.0 (X11; Linux x86_64) AppleWebKit/537.36 (KHTML, like Gecko) Chrome/57.0.2987.133 Safari/537.36"
10.240.1.15 - - [03/Jun/2017:21:50:40 +0000] "GET /phpmyadmin/index.php?token=9385d5dff559e0e30e771fb382a2eae2 HTTP/1.1" 200 8534 "https://final-nas3.c9users.io/phpmyadmin/" "Mozilla/5.0 (X11; Linux x86_64) AppleWebKit/537.36 (KHTML, like Gecko) Chrome/57.0.2987.133 Safari/537.36"
10.240.0.182 - - [03/Jun/2017:21:50:40 +0000] "GET /phpmyadmin/phpmyadmin.css.php?server=1&token=9385d5dff559e0e30e771fb382a2eae2&nocache=5765385735ltr HTTP/1.1" 200 17609 "https://final-nas3.c9users.io/phpmyadmin/index.php?token=9385d5dff559e0e30e771fb382a2eae2" "Mozilla/5.0 (X11; Linux x86_64) AppleWebKit/537.36 (KHTML, like Gecko) Chrome/57.0.2987.133 Safari/537.36"
10.240.0.182 - - [03/Jun/2017:21:50:46 +0000] "GET /phpmyadmin/navigation.php?ajax_request=1&token=9385d5dff559e0e30e771fb382a2eae2&aPath=cm9vdA%3D%3D.cmFw&vPath=cm9vdA%3D%3D.cmFw&pos=0&pos2_name=&pos2_value=&searchClause=&searchClause2=&_nocache=1496526644839852190 HTTP/1.1" 200 1711 "https://final-nas3.c9users.io/phpmyadmin/index.php?token=9385d5dff559e0e30e771fb382a2eae2" "Mozilla/5.0 (X11; Linux x86_64) AppleWebKit/537.36 (KHTML, like Gecko) Chrome/57.0.2987.133 Safari/537.36"
10.240.0.186 - - [03/Jun/2017:21:50:48 +0000] "GET /phpmyadmin/sql.php?server=1&db=rap&table=Music&pos=0&token=9385d5dff559e0e30e771fb382a2eae2&ajax_request=true&ajax_page_request=true&menuHashes=30eb2023&_nocache=1496526647672952638 HTTP/1.1" 200 28757 "https://final-nas3.c9users.io/phpmyadmin/index.php?token=9385d5dff559e0e30e771fb382a2eae2" "Mozilla/5.0 (X11; Linux x86_64) AppleWebKit/537.36 (KHTML, like Gecko) Chrome/57.0.2987.133 Safari/537.36"
10.240.0.69 - - [03/Jun/2017:21:50:49 +0000] "GET /phpmyadmin/js/get_scripts.js.php?scripts[]=tbl_change.js&scripts[]=tbl_structure.js&scripts[]=gis_data_editor.js&scripts[]=makegrid.js&scripts[]=sql.js HTTP/1.1" 200 145009 "https://final-nas3.c9users.io/phpmyadmin/index.php?token=9385d5dff559e0e30e771fb382a2eae2" "Mozilla/5.0 (X11; Linux x86_64) AppleWebKit/537.36 (KHTML, like Gecko) Chrome/57.0.2987.133 Safari/537.36"
10.240.1.64 - - [03/Jun/2017:21:50:49 +0000] "GET /phpmyadmin/index.php?ajax_request=1&recent_table=1&token=9385d5dff559e0e30e771fb382a2eae2 HTTP/1.1" 200 888 "https://final-nas3.c9users.io/phpmyadmin/index.php?token=9385d5dff559e0e30e771fb382a2eae2" "Mozilla/5.0 (X11; Linux x86_64) AppleWebKit/537.36 (KHTML, like Gecko) Chrome/57.0.2987.133 Safari/537.36"
10.240.0.110 - - [03/Jun/2017:21:50:52 +0000] "GET /phpmyadmin/tbl_structure.php?db=rap&table=Music&token=9385d5dff559e0e30e771fb382a2eae2&ajax_request=true&ajax_page_request=true&menuHashes=30eb2023-18c6149e&_nocache=1496526651607467162 HTTP/1.1" 200 33984 "https://final-nas3.c9users.io/phpmyadmin/index.php?token=9385d5dff559e0e30e771fb382a2eae2" "Mozilla/5.0 (X11; Linux x86_64) AppleWebKit/537.36 (KHTML, like Gecko) Chrome/57.0.2987.133 Safari/537.36"
10.240.1.32 - - [03/Jun/2017:21:50:53 +0000] "GET /phpmyadmin/index.php?ajax_request=1&recent_table=1&token=9385d5dff559e0e30e771fb382a2eae2 HTTP/1.1" 200 888 "https://final-nas3.c9users.io/phpmyadmin/index.php?token=9385d5dff559e0e30e771fb382a2eae2" "Mozilla/5.0 (X11; Linux x86_64) AppleWebKit/537.36 (KHTML, like Gecko) Chrome/57.0.2987.133 Safari/537.36"
10.240.0.186 - - [03/Jun/2017:21:50:54 +0000] "GET /phpmyadmin/sql.php?db=rap&table=Music&token=9385d5dff559e0e30e771fb382a2eae2&pos=0&ajax_request=true&ajax_page_request=true&menuHashes=30eb2023-18c6149e-3b6003f1&_nocache=1496526653406948544 HTTP/1.1" 200 25543 "https://final-nas3.c9users.io/phpmyadmin/index.php?token=9385d5dff559e0e30e771fb382a2eae2" "Mozilla/5.0 (X11; Linux x86_64) AppleWebKit/537.36 (KHTML, like Gecko) Chrome/57.0.2987.133 Safari/537.36"
10.240.1.17 - - [03/Jun/2017:21:50:55 +0000] "GET /phpmyadmin/index.php?ajax_request=1&recent_table=1&token=9385d5dff559e0e30e771fb382a2eae2 HTTP/1.1" 200 888 "https://final-nas3.c9users.io/phpmyadmin/index.php?token=9385d5dff559e0e30e771fb382a2eae2" "Mozilla/5.0 (X11; Linux x86_64) AppleWebKit/537.36 (KHTML, like Gecko) Chrome/57.0.2987.133 Safari/537.36"
10.240.0.182 - - [03/Jun/2017:21:54:28 +0000] "GET / HTTP/1.1" 200 879 "-" "Mozilla/5.0 (X11; Linux x86_64) AppleWebKit/537.36 (KHTML, like Gecko) Chrome/57.0.2987.133 Safari/537.36"
10.240.0.207 - - [03/Jun/2017:21:54:30 +0000] "GET /run.html HTTP/1.1" 200 1278 "https://final-nas3.c9users.io/" "Mozilla/5.0 (X11; Linux x86_64) AppleWebKit/537.36 (KHTML, like Gecko) Chrome/57.0.2987.133 Safari/537.36"
10.240.0.182 - - [03/Jun/2017:21:54:42 +0000] "POST /app.php HTTP/1.1" 200 1057 "https://final-nas3.c9users.io/run.html" "Mozilla/5.0 (X11; Linux x86_64) AppleWebKit/537.36 (KHTML, like Gecko) Chrome/57.0.2987.133 Safari/537.36"
10.240.0.179 - - [03/Jun/2017:21:56:21 +0000] "GET / HTTP/1.1" 200 876 "-" "Mozilla/5.0 (X11; Linux x86_64) AppleWebKit/537.36 (KHTML, like Gecko) Chrome/57.0.2987.133 Safari/537.36"
10.240.1.17 - - [03/Jun/2017:21:56:34 +0000] "POST /app.php HTTP/1.1" 200 1098 "https://final-nas3.c9users.io/run.html" "Mozilla/5.0 (X11; Linux x86_64) AppleWebKit/537.36 (KHTML, like Gecko) Chrome/57.0.2987.133 Safari/537.36"
10.240.0.69 - - [03/Jun/2017:21:57:11 +0000] "GET / HTTP/1.1" 200 879 "-" "Mozilla/5.0 (X11; Linux x86_64) AppleWebKit/537.36 (KHTML, like Gecko) Chrome/57.0.2987.133 Safari/537.36"
10.240.0.179 - - [03/Jun/2017:21:57:22 +0000] "POST /app.php HTTP/1.1" 200 1091 "https://final-nas3.c9users.io/run.html" "Mozilla/5.0 (X11; Linux x86_64) AppleWebKit/537.36 (KHTML, like Gecko) Chrome/57.0.2987.133 Safari/537.36"
10.240.1.20 - - [03/Jun/2017:21:58:49 +0000] "GET / HTTP/1.1" 200 879 "-" "Mozilla/5.0 (X11; Linux x86_64) AppleWebKit/537.36 (KHTML, like Gecko) Chrome/57.0.2987.133 Safari/537.36"
10.240.1.32 - - [03/Jun/2017:21:59:00 +0000] "POST /app.php HTTP/1.1" 200 1092 "https://final-nas3.c9users.io/run.html" "Mozilla/5.0 (X11; Linux x86_64) AppleWebKit/537.36 (KHTML, like Gecko) Chrome/57.0.2987.133 Safari/537.36"
10.240.0.206 - - [03/Jun/2017:21:59:47 +0000] "GET / HTTP/1.1" 200 877 "-" "Mozilla/5.0 (X11; Linux x86_64) AppleWebKit/537.36 (KHTML, like Gecko) Chrome/57.0.2987.133 Safari/537.36"
10.240.1.17 - - [03/Jun/2017:21:59:58 +0000] "POST /app.php HTTP/1.1" 200 1096 "https://final-nas3.c9users.io/run.html" "Mozilla/5.0 (X11; Linux x86_64) AppleWebKit/537.36 (KHTML, like Gecko) Chrome/57.0.2987.133 Safari/537.36"
10.240.0.204 - - [03/Jun/2017:22:01:47 +0000] "GET / HTTP/1.1" 200 879 "-" "Mozilla/5.0 (X11; Linux x86_64) AppleWebKit/537.36 (KHTML, like Gecko) Chrome/57.0.2987.133 Safari/537.36"
10.240.1.17 - - [03/Jun/2017:22:01:55 +0000] "POST /app.php HTTP/1.1" 200 1047 "https://final-nas3.c9users.io/run.html" "Mozilla/5.0 (X11; Linux x86_64) AppleWebKit/537.36 (KHTML, like Gecko) Chrome/57.0.2987.133 Safari/537.36"
10.240.1.32 - - [03/Jun/2017:22:07:51 +0000] "GET / HTTP/1.1" 200 879 "-" "Mozilla/5.0 (X11; Linux x86_64) AppleWebKit/537.36 (KHTML, like Gecko) Chrome/57.0.2987.133 Safari/537.36"
10.240.0.206 - - [03/Jun/2017:22:07:53 +0000] "GET /app.php HTTP/1.1" 200 780 "https://final-nas3.c9users.io/" "Mozilla/5.0 (X11; Linux x86_64) AppleWebKit/537.36 (KHTML, like Gecko) Chrome/57.0.2987.133 Safari/537.36"
10.240.0.187 - - [03/Jun/2017:22:07:53 +0000] "GET /Music/peso.mp3 HTTP/1.1" 206 4093765 "https://final-nas3.c9users.io/app.php" "Mozilla/5.0 (X11; Linux x86_64) AppleWebKit/537.36 (KHTML, like Gecko) Chrome/57.0.2987.133 Safari/537.36"
10.240.0.69 - - [03/Jun/2017:22:09:40 +0000] "GET / HTTP/1.1" 200 876 "-" "Mozilla/5.0 (X11; Linux x86_64) AppleWebKit/537.36 (KHTML, like Gecko) Chrome/57.0.2987.133 Safari/537.36"
10.240.0.69 - - [03/Jun/2017:22:09:54 +0000] "POST /app.php HTTP/1.1" 200 1051 "https://final-nas3.c9users.io/run.html" "Mozilla/5.0 (X11; Linux x86_64) AppleWebKit/537.36 (KHTML, like Gecko) Chrome/57.0.2987.133 Safari/537.36"
10.240.1.60 - - [03/Jun/2017:22:14:41 +0000] "GET / HTTP/1.1" 200 876 "-" "Mozilla/5.0 (X11; CrOS x86_64 9334.72.0) AppleWebKit/537.36 (KHTML, like Gecko) Chrome/58.0.3029.140 Safari/537.36"
10.240.1.60 - - [03/Jun/2017:22:14:44 +0000] "GET /app.php HTTP/1.1" 200 875 "https://final-nas3.c9users.io/" "Mozilla/5.0 (X11; CrOS x86_64 9334.72.0) AppleWebKit/537.36 (KHTML, like Gecko) Chrome/58.0.3029.140 Safari/537.36"
10.240.1.60 - - [03/Jun/2017:22:14:48 +0000] "GET /run.html HTTP/1.1" 200 1278 "https://final-nas3.c9users.io/" "Mozilla/5.0 (X11; CrOS x86_64 9334.72.0) AppleWebKit/537.36 (KHTML, like Gecko) Chrome/58.0.3029.140 Safari/537.36"
10.240.1.19 - - [03/Jun/2017:22:14:57 +0000] "POST /app.php HTTP/1.1" 200 1097 "https://final-nas3.c9users.io/run.html" "Mozilla/5.0 (X11; CrOS x86_64 9334.72.0) AppleWebKit/537.36 (KHTML, like Gecko) Chrome/58.0.3029.140 Safari/537.36"
10.240.1.17 - - [03/Jun/2017:22:16:14 +0000] "GET / HTTP/1.1" 200 876 "-" "Mozilla/5.0 (X11; Linux x86_64) AppleWebKit/537.36 (KHTML, like Gecko) Chrome/57.0.2987.133 Safari/537.36"
10.240.0.187 - - [03/Jun/2017:22:16:24 +0000] "POST /app.php HTTP/1.1" 200 1096 "https://final-nas3.c9users.io/run.html" "Mozilla/5.0 (X11; Linux x86_64) AppleWebKit/537.36 (KHTML, like Gecko) Chrome/57.0.2987.133 Safari/537.36"
10.240.0.179 - - [03/Jun/2017:22:16:32 +0000] "POST /app.php HTTP/1.1" 200 1100 "https://final-nas3.c9users.io/run.html" "Mozilla/5.0 (X11; CrOS x86_64 9334.72.0) AppleWebKit/537.36 (KHTML, like Gecko) Chrome/58.0.3029.140 Safari/537.36"
10.240.0.241 - - [03/Jun/2017:22:17:28 +0000] "POST /app.php HTTP/1.1" 200 1108 "https://final-nas3.c9users.io/run.html" "Mozilla/5.0 (X11; CrOS x86_64 9334.72.0) AppleWebKit/537.36 (KHTML, like Gecko) Chrome/58.0.3029.140 Safari/537.36"
10.240.0.69 - - [03/Jun/2017:22:18:27 +0000] "POST /app.php HTTP/1.1" 200 1103 "https://final-nas3.c9users.io/run.html" "Mozilla/5.0 (X11; CrOS x86_64 9334.72.0) AppleWebKit/537.36 (KHTML, like Gecko) Chrome/58.0.3029.140 Safari/537.36"
10.240.1.64 - - [03/Jun/2017:22:34:44 +0000] "GET / HTTP/1.1" 200 878 "-" "Mozilla/5.0 (X11; Linux x86_64) AppleWebKit/537.36 (KHTML, like Gecko) Chrome/57.0.2987.133 Safari/537.36"
10.240.1.19 - - [03/Jun/2017:22:34:53 +0000] "POST /app.php HTTP/1.1" 200 1101 "https://final-nas3.c9users.io/run.html" "Mozilla/5.0 (X11; Linux x86_64) AppleWebKit/537.36 (KHTML, like Gecko) Chrome/57.0.2987.133 Safari/537.36"
10.240.0.110 - - [03/Jun/2017:22:36:09 +0000] "GET / HTTP/1.1" 200 878 "-" "Mozilla/5.0 (X11; Linux x86_64) AppleWebKit/537.36 (KHTML, like Gecko) Chrome/57.0.2987.133 Safari/537.36"
10.240.0.206 - - [03/Jun/2017:22:36:19 +0000] "POST /app.php HTTP/1.1" 200 1099 "https://final-nas3.c9users.io/run.html" "Mozilla/5.0 (X11; Linux x86_64) AppleWebKit/537.36 (KHTML, like Gecko) Chrome/57.0.2987.133 Safari/537.36"
10.240.0.241 - - [03/Jun/2017:22:36:47 +0000] "GET / HTTP/1.1" 200 878 "-" "Mozilla/5.0 (X11; Linux x86_64) AppleWebKit/537.36 (KHTML, like Gecko) Chrome/57.0.2987.133 Safari/537.36"
10.240.0.204 - - [03/Jun/2017:22:36:55 +0000] "POST /app.php HTTP/1.1" 200 1054 "https://final-nas3.c9users.io/run.html" "Mozilla/5.0 (X11; Linux x86_64) AppleWebKit/537.36 (KHTML, like Gecko) Chrome/57.0.2987.133 Safari/537.36"
10.240.1.19 - - [03/Jun/2017:22:43:18 +0000] "GET / HTTP/1.1" 200 878 "-" "Mozilla/5.0 (X11; Linux x86_64) AppleWebKit/537.36 (KHTML, like Gecko) Chrome/57.0.2987.133 Safari/537.36"
10.240.0.186 - - [03/Jun/2017:22:43:20 +0000] "GET /run.html HTTP/1.1" 200 1278 "https://final-nas3.c9users.io/" "Mozilla/5.0 (X11; Linux x86_64) AppleWebKit/537.36 (KHTML, like Gecko) Chrome/57.0.2987.133 Safari/537.36"
