10.240.0.69 - - [27/May/2017:14:14:12 +0000] "GET /phpmyadmin/js/messages.php?lang=en&db=rap&token=e8aeb87eaea426d4d89e6279c6a4d168 HTTP/1.1" 200 17209 "https://final-nas3.c9users.io/phpmyadmin/sql.php?db=rap&table=Music&server=1&target=&token=e8aeb87eaea426d4d89e6279c6a4d168" "Mozilla/5.0 (X11; Linux x86_64) AppleWebKit/537.36 (KHTML, like Gecko) Chrome/57.0.2987.133 Safari/537.36"
10.240.0.204 - - [27/May/2017:14:14:12 +0000] "GET /phpmyadmin/js/get_scripts.js.php?scripts[]=jquery/jquery-1.8.3.min.js&scripts[]=ajax.js&scripts[]=keyhandler.js&scripts[]=jquery/jquery-ui-1.9.2.custom.min.js&scripts[]=jquery/jquery.sprintf.js&scripts[]=jquery/jquery.cookie.js&scripts[]=jquery/jquery.mousewheel.js&scripts[]=jquery/jquery.event.drag-2.2.js&scripts[]=jquery/jquery-ui-timepicker-addon.js&scripts[]=jquery/jquery.ba-hashchange-1.3.js&scripts[]=jquery/jquery.debounce-1.0.5.js&scripts[]=jquery/jquery.menuResizer-1.0.js&scripts[]=rte.js&scripts[]=functions.js&scripts[]=navigation.js&scripts[]=indexes.js&scripts[]=common.js&scripts[]=tbl_change.js&scripts[]=tbl_structure.js&scripts[]=gis_data_editor.js&scripts[]=makegrid.js&scripts[]=sql.js&scripts[]=codemirror/lib/codemirror.js&scripts[]=codemirror/mode/mysql/mysql.js HTTP/1.1" 200 963813 "https://final-nas3.c9users.io/phpmyadmin/sql.php?db=rap&table=Music&server=1&target=&token=e8aeb87eaea426d4d89e6279c6a4d168" "Mozilla/5.0 (X11; Linux x86_64) AppleWebKit/537.36 (KHTML, like Gecko) Chrome/57.0.2987.133 Safari/537.36"
10.240.0.182 - - [27/May/2017:14:14:14 +0000] "GET /phpmyadmin/navigation.php?ajax_request=1&token=e8aeb87eaea426d4d89e6279c6a4d168&aPath=cm9vdA%3D%3D.cmFw&vPath=cm9vdA%3D%3D.cmFw&pos=0&pos2_name=&pos2_value=&searchClause=&searchClause2=&_nocache=1495894453831517638 HTTP/1.1" 200 1711 "https://final-nas3.c9users.io/phpmyadmin/sql.php?db=rap&table=Music&server=1&target=&token=e8aeb87eaea426d4d89e6279c6a4d168" "Mozilla/5.0 (X11; Linux x86_64) AppleWebKit/537.36 (KHTML, like Gecko) Chrome/57.0.2987.133 Safari/537.36"
10.240.1.17 - - [27/May/2017:14:14:14 +0000] "GET /phpmyadmin/index.php?ajax_request=1&recent_table=1&token=e8aeb87eaea426d4d89e6279c6a4d168 HTTP/1.1" 200 888 "https://final-nas3.c9users.io/phpmyadmin/sql.php?db=rap&table=Music&server=1&target=&token=e8aeb87eaea426d4d89e6279c6a4d168" "Mozilla/5.0 (X11; Linux x86_64) AppleWebKit/537.36 (KHTML, like Gecko) Chrome/57.0.2987.133 Safari/537.36"
10.240.0.241 - - [27/May/2017:14:15:42 +0000] "GET /phpmyadmin/tbl_sql.php?db=rap&table=Music&token=e8aeb87eaea426d4d89e6279c6a4d168&ajax_request=true&ajax_page_request=true&menuHashes=0052596f&_nocache=1495894541923444749 HTTP/1.1" 200 9717 "https://final-nas3.c9users.io/phpmyadmin/sql.php?db=rap&table=Music&server=1&target=&token=e8aeb87eaea426d4d89e6279c6a4d168" "Mozilla/5.0 (X11; Linux x86_64) AppleWebKit/537.36 (KHTML, like Gecko) Chrome/57.0.2987.133 Safari/537.36"
10.240.1.32 - - [27/May/2017:14:15:42 +0000] "GET /phpmyadmin/index.php?ajax_request=1&recent_table=1&token=e8aeb87eaea426d4d89e6279c6a4d168 HTTP/1.1" 200 888 "https://final-nas3.c9users.io/phpmyadmin/sql.php?db=rap&table=Music&server=1&target=&token=e8aeb87eaea426d4d89e6279c6a4d168" "Mozilla/5.0 (X11; Linux x86_64) AppleWebKit/537.36 (KHTML, like Gecko) Chrome/57.0.2987.133 Safari/537.36"
10.240.0.241 - - [27/May/2017:14:15:59 +0000] "GET /phpmyadmin/tbl_structure.php?db=rap&table=Music&token=e8aeb87eaea426d4d89e6279c6a4d168&ajax_request=true&ajax_page_request=true&menuHashes=0052596f-37229d09&_nocache=1495894559039957782 HTTP/1.1" 200 33661 "https://final-nas3.c9users.io/phpmyadmin/sql.php?db=rap&table=Music&server=1&target=&token=e8aeb87eaea426d4d89e6279c6a4d168" "Mozilla/5.0 (X11; Linux x86_64) AppleWebKit/537.36 (KHTML, like Gecko) Chrome/57.0.2987.133 Safari/537.36"
10.240.1.64 - - [27/May/2017:14:15:59 +0000] "GET /phpmyadmin/index.php?ajax_request=1&recent_table=1&token=e8aeb87eaea426d4d89e6279c6a4d168 HTTP/1.1" 200 888 "https://final-nas3.c9users.io/phpmyadmin/sql.php?db=rap&table=Music&server=1&target=&token=e8aeb87eaea426d4d89e6279c6a4d168" "Mozilla/5.0 (X11; Linux x86_64) AppleWebKit/537.36 (KHTML, like Gecko) Chrome/57.0.2987.133 Safari/537.36"
10.240.1.19 - - [27/May/2017:14:16:03 +0000] "GET /phpmyadmin/sql.php?db=rap&table=Music&token=e8aeb87eaea426d4d89e6279c6a4d168&pos=0&ajax_request=true&ajax_page_request=true&menuHashes=0052596f-37229d09-f20b924b&_nocache=1495894563289373362 HTTP/1.1" 200 27446 "https://final-nas3.c9users.io/phpmyadmin/sql.php?db=rap&table=Music&server=1&target=&token=e8aeb87eaea426d4d89e6279c6a4d168" "Mozilla/5.0 (X11; Linux x86_64) AppleWebKit/537.36 (KHTML, like Gecko) Chrome/57.0.2987.133 Safari/537.36"
10.240.0.110 - - [27/May/2017:14:16:03 +0000] "GET /phpmyadmin/index.php?ajax_request=1&recent_table=1&token=e8aeb87eaea426d4d89e6279c6a4d168 HTTP/1.1" 200 888 "https://final-nas3.c9users.io/phpmyadmin/sql.php?db=rap&table=Music&server=1&target=&token=e8aeb87eaea426d4d89e6279c6a4d168" "Mozilla/5.0 (X11; Linux x86_64) AppleWebKit/537.36 (KHTML, like Gecko) Chrome/57.0.2987.133 Safari/537.36"
10.240.1.64 - - [27/May/2017:14:16:14 +0000] "GET /phpmyadmin/tbl_sql.php?db=rap&table=Music&token=e8aeb87eaea426d4d89e6279c6a4d168&ajax_request=true&ajax_page_request=true&menuHashes=0052596f-37229d09-f20b924b&_nocache=1495894574624715333 HTTP/1.1" 200 6486 "https://final-nas3.c9users.io/phpmyadmin/sql.php?db=rap&table=Music&server=1&target=&token=e8aeb87eaea426d4d89e6279c6a4d168" "Mozilla/5.0 (X11; Linux x86_64) AppleWebKit/537.36 (KHTML, like Gecko) Chrome/57.0.2987.133 Safari/537.36"
10.240.0.241 - - [27/May/2017:14:16:15 +0000] "GET /phpmyadmin/index.php?ajax_request=1&recent_table=1&token=e8aeb87eaea426d4d89e6279c6a4d168 HTTP/1.1" 200 888 "https://final-nas3.c9users.io/phpmyadmin/sql.php?db=rap&table=Music&server=1&target=&token=e8aeb87eaea426d4d89e6279c6a4d168" "Mozilla/5.0 (X11; Linux x86_64) AppleWebKit/537.36 (KHTML, like Gecko) Chrome/57.0.2987.133 Safari/537.36"
10.240.1.17 - - [27/May/2017:14:16:41 +0000] "GET /phpmyadmin/sql.php?db=rap&table=Music&token=e8aeb87eaea426d4d89e6279c6a4d168&pos=0&ajax_request=true&ajax_page_request=true&menuHashes=0052596f-37229d09-f20b924b&_nocache=1495894601643971566 HTTP/1.1" 200 27446 "https://final-nas3.c9users.io/phpmyadmin/sql.php?db=rap&table=Music&server=1&target=&token=e8aeb87eaea426d4d89e6279c6a4d168" "Mozilla/5.0 (X11; Linux x86_64) AppleWebKit/537.36 (KHTML, like Gecko) Chrome/57.0.2987.133 Safari/537.36"
10.240.0.110 - - [27/May/2017:14:16:42 +0000] "GET /phpmyadmin/index.php?ajax_request=1&recent_table=1&token=e8aeb87eaea426d4d89e6279c6a4d168 HTTP/1.1" 200 888 "https://final-nas3.c9users.io/phpmyadmin/sql.php?db=rap&table=Music&server=1&target=&token=e8aeb87eaea426d4d89e6279c6a4d168" "Mozilla/5.0 (X11; Linux x86_64) AppleWebKit/537.36 (KHTML, like Gecko) Chrome/57.0.2987.133 Safari/537.36"
10.240.0.110 - - [27/May/2017:14:17:28 +0000] "GET /phpmyadmin/tbl_sql.php?db=rap&table=Music&token=e8aeb87eaea426d4d89e6279c6a4d168&ajax_request=true&ajax_page_request=true&menuHashes=0052596f-37229d09-f20b924b&_nocache=1495894648376455873 HTTP/1.1" 200 6486 "https://final-nas3.c9users.io/phpmyadmin/sql.php?db=rap&table=Music&server=1&target=&token=e8aeb87eaea426d4d89e6279c6a4d168" "Mozilla/5.0 (X11; Linux x86_64) AppleWebKit/537.36 (KHTML, like Gecko) Chrome/57.0.2987.133 Safari/537.36"
10.240.1.15 - - [27/May/2017:14:17:28 +0000] "GET /phpmyadmin/index.php?ajax_request=1&recent_table=1&token=e8aeb87eaea426d4d89e6279c6a4d168 HTTP/1.1" 200 888 "https://final-nas3.c9users.io/phpmyadmin/sql.php?db=rap&table=Music&server=1&target=&token=e8aeb87eaea426d4d89e6279c6a4d168" "Mozilla/5.0 (X11; Linux x86_64) AppleWebKit/537.36 (KHTML, like Gecko) Chrome/57.0.2987.133 Safari/537.36"
10.240.0.110 - - [27/May/2017:14:17:53 +0000] "GET /phpmyadmin/sql.php?db=rap&table=Music&token=e8aeb87eaea426d4d89e6279c6a4d168&pos=0&ajax_request=true&ajax_page_request=true&menuHashes=0052596f-37229d09-f20b924b&_nocache=1495894672995879444 HTTP/1.1" 200 27446 "https://final-nas3.c9users.io/phpmyadmin/sql.php?db=rap&table=Music&server=1&target=&token=e8aeb87eaea426d4d89e6279c6a4d168" "Mozilla/5.0 (X11; Linux x86_64) AppleWebKit/537.36 (KHTML, like Gecko) Chrome/57.0.2987.133 Safari/537.36"
10.240.1.15 - - [27/May/2017:14:17:53 +0000] "GET /phpmyadmin/index.php?ajax_request=1&recent_table=1&token=e8aeb87eaea426d4d89e6279c6a4d168 HTTP/1.1" 200 888 "https://final-nas3.c9users.io/phpmyadmin/sql.php?db=rap&table=Music&server=1&target=&token=e8aeb87eaea426d4d89e6279c6a4d168" "Mozilla/5.0 (X11; Linux x86_64) AppleWebKit/537.36 (KHTML, like Gecko) Chrome/57.0.2987.133 Safari/537.36"
10.240.0.204 - - [27/May/2017:14:17:55 +0000] "GET /phpmyadmin/tbl_sql.php?db=rap&table=Music&token=e8aeb87eaea426d4d89e6279c6a4d168&ajax_request=true&ajax_page_request=true&menuHashes=0052596f-37229d09-f20b924b&_nocache=1495894675342797989 HTTP/1.1" 200 6486 "https://final-nas3.c9users.io/phpmyadmin/sql.php?db=rap&table=Music&server=1&target=&token=e8aeb87eaea426d4d89e6279c6a4d168" "Mozilla/5.0 (X11; Linux x86_64) AppleWebKit/537.36 (KHTML, like Gecko) Chrome/57.0.2987.133 Safari/537.36"
10.240.0.69 - - [27/May/2017:14:17:55 +0000] "GET /phpmyadmin/index.php?ajax_request=1&recent_table=1&token=e8aeb87eaea426d4d89e6279c6a4d168 HTTP/1.1" 200 888 "https://final-nas3.c9users.io/phpmyadmin/sql.php?db=rap&table=Music&server=1&target=&token=e8aeb87eaea426d4d89e6279c6a4d168" "Mozilla/5.0 (X11; Linux x86_64) AppleWebKit/537.36 (KHTML, like Gecko) Chrome/57.0.2987.133 Safari/537.36"
10.240.0.110 - - [27/May/2017:14:18:38 +0000] "POST /phpmyadmin/import.php HTTP/1.1" 200 540 "https://final-nas3.c9users.io/phpmyadmin/sql.php?db=rap&table=Music&server=1&target=&token=e8aeb87eaea426d4d89e6279c6a4d168" "Mozilla/5.0 (X11; Linux x86_64) AppleWebKit/537.36 (KHTML, like Gecko) Chrome/57.0.2987.133 Safari/537.36"
10.240.1.32 - - [27/May/2017:14:18:48 +0000] "GET /phpmyadmin/sql.php?db=rap&table=Music&token=e8aeb87eaea426d4d89e6279c6a4d168&pos=0&ajax_request=true&ajax_page_request=true&menuHashes=0052596f-37229d09-f20b924b&_nocache=1495894728079345022 HTTP/1.1" 200 27446 "https://final-nas3.c9users.io/phpmyadmin/sql.php?db=rap&table=Music&server=1&target=&token=e8aeb87eaea426d4d89e6279c6a4d168" "Mozilla/5.0 (X11; Linux x86_64) AppleWebKit/537.36 (KHTML, like Gecko) Chrome/57.0.2987.133 Safari/537.36"
10.240.1.15 - - [27/May/2017:14:18:48 +0000] "GET /phpmyadmin/index.php?ajax_request=1&recent_table=1&token=e8aeb87eaea426d4d89e6279c6a4d168 HTTP/1.1" 200 888 "https://final-nas3.c9users.io/phpmyadmin/sql.php?db=rap&table=Music&server=1&target=&token=e8aeb87eaea426d4d89e6279c6a4d168" "Mozilla/5.0 (X11; Linux x86_64) AppleWebKit/537.36 (KHTML, like Gecko) Chrome/57.0.2987.133 Safari/537.36"
10.240.1.15 - - [27/May/2017:14:19:09 +0000] "GET /phpmyadmin/tbl_sql.php?db=rap&table=Music&token=e8aeb87eaea426d4d89e6279c6a4d168&ajax_request=true&ajax_page_request=true&menuHashes=0052596f-37229d09-f20b924b&_nocache=1495894748981972206 HTTP/1.1" 200 6486 "https://final-nas3.c9users.io/phpmyadmin/sql.php?db=rap&table=Music&server=1&target=&token=e8aeb87eaea426d4d89e6279c6a4d168" "Mozilla/5.0 (X11; Linux x86_64) AppleWebKit/537.36 (KHTML, like Gecko) Chrome/57.0.2987.133 Safari/537.36"
10.240.1.15 - - [27/May/2017:14:19:09 +0000] "GET /phpmyadmin/index.php?ajax_request=1&recent_table=1&token=e8aeb87eaea426d4d89e6279c6a4d168 HTTP/1.1" 200 888 "https://final-nas3.c9users.io/phpmyadmin/sql.php?db=rap&table=Music&server=1&target=&token=e8aeb87eaea426d4d89e6279c6a4d168" "Mozilla/5.0 (X11; Linux x86_64) AppleWebKit/537.36 (KHTML, like Gecko) Chrome/57.0.2987.133 Safari/537.36"
10.240.0.206 - - [27/May/2017:14:19:31 +0000] "POST /phpmyadmin/import.php HTTP/1.1" 200 669 "https://final-nas3.c9users.io/phpmyadmin/sql.php?db=rap&table=Music&server=1&target=&token=e8aeb87eaea426d4d89e6279c6a4d168" "Mozilla/5.0 (X11; Linux x86_64) AppleWebKit/537.36 (KHTML, like Gecko) Chrome/57.0.2987.133 Safari/537.36"
10.240.1.32 - - [27/May/2017:14:19:41 +0000] "GET /phpmyadmin/tbl_structure.php?db=rap&table=Music&token=e8aeb87eaea426d4d89e6279c6a4d168&ajax_request=true&ajax_page_request=true&menuHashes=0052596f-37229d09-f20b924b&_nocache=1495894781588597981 HTTP/1.1" 200 30449 "https://final-nas3.c9users.io/phpmyadmin/sql.php?db=rap&table=Music&server=1&target=&token=e8aeb87eaea426d4d89e6279c6a4d168" "Mozilla/5.0 (X11; Linux x86_64) AppleWebKit/537.36 (KHTML, like Gecko) Chrome/57.0.2987.133 Safari/537.36"
10.240.0.241 - - [27/May/2017:14:19:42 +0000] "GET /phpmyadmin/index.php?ajax_request=1&recent_table=1&token=e8aeb87eaea426d4d89e6279c6a4d168 HTTP/1.1" 200 888 "https://final-nas3.c9users.io/phpmyadmin/sql.php?db=rap&table=Music&server=1&target=&token=e8aeb87eaea426d4d89e6279c6a4d168" "Mozilla/5.0 (X11; Linux x86_64) AppleWebKit/537.36 (KHTML, like Gecko) Chrome/57.0.2987.133 Safari/537.36"
10.240.1.64 - - [27/May/2017:14:19:45 +0000] "GET /phpmyadmin/tbl_operations.php?db=rap&table=Music&token=e8aeb87eaea426d4d89e6279c6a4d168&ajax_request=true&ajax_page_request=true&menuHashes=0052596f-37229d09-f20b924b&_nocache=1495894785640188908 HTTP/1.1" 200 38674 "https://final-nas3.c9users.io/phpmyadmin/sql.php?db=rap&table=Music&server=1&target=&token=e8aeb87eaea426d4d89e6279c6a4d168" "Mozilla/5.0 (X11; Linux x86_64) AppleWebKit/537.36 (KHTML, like Gecko) Chrome/57.0.2987.133 Safari/537.36"
10.240.0.119 - - [27/May/2017:14:19:46 +0000] "GET /phpmyadmin/index.php?ajax_request=1&recent_table=1&token=e8aeb87eaea426d4d89e6279c6a4d168 HTTP/1.1" 200 888 "https://final-nas3.c9users.io/phpmyadmin/sql.php?db=rap&table=Music&server=1&target=&token=e8aeb87eaea426d4d89e6279c6a4d168" "Mozilla/5.0 (X11; Linux x86_64) AppleWebKit/537.36 (KHTML, like Gecko) Chrome/57.0.2987.133 Safari/537.36"
10.240.1.60 - - [27/May/2017:14:20:14 +0000] "GET /phpmyadmin/tbl_structure.php?db=rap&table=Music&token=e8aeb87eaea426d4d89e6279c6a4d168&ajax_request=true&ajax_page_request=true&menuHashes=0052596f-37229d09-f20b924b-33b6fa6b&_nocache=1495894814287361851 HTTP/1.1" 200 30449 "https://final-nas3.c9users.io/phpmyadmin/sql.php?db=rap&table=Music&server=1&target=&token=e8aeb87eaea426d4d89e6279c6a4d168" "Mozilla/5.0 (X11; Linux x86_64) AppleWebKit/537.36 (KHTML, like Gecko) Chrome/57.0.2987.133 Safari/537.36"
10.240.1.60 - - [27/May/2017:14:20:14 +0000] "GET /phpmyadmin/index.php?ajax_request=1&recent_table=1&token=e8aeb87eaea426d4d89e6279c6a4d168 HTTP/1.1" 200 888 "https://final-nas3.c9users.io/phpmyadmin/sql.php?db=rap&table=Music&server=1&target=&token=e8aeb87eaea426d4d89e6279c6a4d168" "Mozilla/5.0 (X11; Linux x86_64) AppleWebKit/537.36 (KHTML, like Gecko) Chrome/57.0.2987.133 Safari/537.36"
10.240.1.60 - - [27/May/2017:14:20:16 +0000] "GET /phpmyadmin/tbl_structure.php?db=rap&table=Music&token=e8aeb87eaea426d4d89e6279c6a4d168&goto=tbl_structure.php&back=tbl_structure.php&field=COL+1&change_column=1&ajax_request=true&_nocache=1495894816127656044 HTTP/1.1" 200 39776 "https://final-nas3.c9users.io/phpmyadmin/sql.php?db=rap&table=Music&server=1&target=&token=e8aeb87eaea426d4d89e6279c6a4d168" "Mozilla/5.0 (X11; Linux x86_64) AppleWebKit/537.36 (KHTML, like Gecko) Chrome/57.0.2987.133 Safari/537.36"
10.240.1.60 - - [27/May/2017:14:20:23 +0000] "POST /phpmyadmin/tbl_structure.php HTTP/1.1" 200 31901 "https://final-nas3.c9users.io/phpmyadmin/sql.php?db=rap&table=Music&server=1&target=&token=e8aeb87eaea426d4d89e6279c6a4d168" "Mozilla/5.0 (X11; Linux x86_64) AppleWebKit/537.36 (KHTML, like Gecko) Chrome/57.0.2987.133 Safari/537.36"
10.240.1.60 - - [27/May/2017:14:20:24 +0000] "POST /phpmyadmin/tbl_structure.php HTTP/1.1" 200 28888 "https://final-nas3.c9users.io/phpmyadmin/sql.php?db=rap&table=Music&server=1&target=&token=e8aeb87eaea426d4d89e6279c6a4d168" "Mozilla/5.0 (X11; Linux x86_64) AppleWebKit/537.36 (KHTML, like Gecko) Chrome/57.0.2987.133 Safari/537.36"
10.240.1.60 - - [27/May/2017:14:20:24 +0000] "POST /phpmyadmin/navigation.php?ajax_request=1&token=e8aeb87eaea426d4d89e6279c6a4d168 HTTP/1.1" 200 6082 "https://final-nas3.c9users.io/phpmyadmin/sql.php?db=rap&table=Music&server=1&target=&token=e8aeb87eaea426d4d89e6279c6a4d168" "Mozilla/5.0 (X11; Linux x86_64) AppleWebKit/537.36 (KHTML, like Gecko) Chrome/57.0.2987.133 Safari/537.36"
10.240.1.60 - - [27/May/2017:14:20:26 +0000] "GET /phpmyadmin/tbl_structure.php?db=rap&table=Music&token=e8aeb87eaea426d4d89e6279c6a4d168&goto=tbl_structure.php&back=tbl_structure.php&field=COL+2&change_column=1&ajax_request=true&_nocache=1495894826101161409 HTTP/1.1" 200 39778 "https://final-nas3.c9users.io/phpmyadmin/sql.php?db=rap&table=Music&server=1&target=&token=e8aeb87eaea426d4d89e6279c6a4d168" "Mozilla/5.0 (X11; Linux x86_64) AppleWebKit/537.36 (KHTML, like Gecko) Chrome/57.0.2987.133 Safari/537.36"
10.240.1.19 - - [27/May/2017:14:20:30 +0000] "GET /phpmyadmin/sql.php?db=rap&table=Music&token=e8aeb87eaea426d4d89e6279c6a4d168&pos=0&ajax_request=true&ajax_page_request=true&menuHashes=0052596f-37229d09-f20b924b-33b6fa6b&_nocache=1495894830611397214 HTTP/1.1" 200 27449 "https://final-nas3.c9users.io/phpmyadmin/sql.php?db=rap&table=Music&server=1&target=&token=e8aeb87eaea426d4d89e6279c6a4d168" "Mozilla/5.0 (X11; Linux x86_64) AppleWebKit/537.36 (KHTML, like Gecko) Chrome/57.0.2987.133 Safari/537.36"
10.240.0.182 - - [27/May/2017:14:20:31 +0000] "GET /phpmyadmin/index.php?ajax_request=1&recent_table=1&token=e8aeb87eaea426d4d89e6279c6a4d168 HTTP/1.1" 200 888 "https://final-nas3.c9users.io/phpmyadmin/sql.php?db=rap&table=Music&server=1&target=&token=e8aeb87eaea426d4d89e6279c6a4d168" "Mozilla/5.0 (X11; Linux x86_64) AppleWebKit/537.36 (KHTML, like Gecko) Chrome/57.0.2987.133 Safari/537.36"
10.240.0.119 - - [27/May/2017:14:20:35 +0000] "GET /phpmyadmin/tbl_structure.php?db=rap&table=Music&token=e8aeb87eaea426d4d89e6279c6a4d168&ajax_request=true&ajax_page_request=true&menuHashes=0052596f-37229d09-f20b924b-33b6fa6b&_nocache=1495894835358110994 HTTP/1.1" 200 30466 "https://final-nas3.c9users.io/phpmyadmin/sql.php?db=rap&table=Music&server=1&target=&token=e8aeb87eaea426d4d89e6279c6a4d168" "Mozilla/5.0 (X11; Linux x86_64) AppleWebKit/537.36 (KHTML, like Gecko) Chrome/57.0.2987.133 Safari/537.36"
10.240.0.119 - - [27/May/2017:14:20:35 +0000] "GET /phpmyadmin/index.php?ajax_request=1&recent_table=1&token=e8aeb87eaea426d4d89e6279c6a4d168 HTTP/1.1" 200 888 "https://final-nas3.c9users.io/phpmyadmin/sql.php?db=rap&table=Music&server=1&target=&token=e8aeb87eaea426d4d89e6279c6a4d168" "Mozilla/5.0 (X11; Linux x86_64) AppleWebKit/537.36 (KHTML, like Gecko) Chrome/57.0.2987.133 Safari/537.36"
10.240.1.64 - - [27/May/2017:14:20:39 +0000] "GET /phpmyadmin/tbl_structure.php?db=rap&table=Music&token=e8aeb87eaea426d4d89e6279c6a4d168&goto=tbl_structure.php&back=tbl_structure.php&field=COL+2&change_column=1&ajax_request=true&_nocache=149589483900268321 HTTP/1.1" 200 39778 "https://final-nas3.c9users.io/phpmyadmin/sql.php?db=rap&table=Music&server=1&target=&token=e8aeb87eaea426d4d89e6279c6a4d168" "Mozilla/5.0 (X11; Linux x86_64) AppleWebKit/537.36 (KHTML, like Gecko) Chrome/57.0.2987.133 Safari/537.36"
10.240.0.241 - - [27/May/2017:14:20:47 +0000] "POST /phpmyadmin/tbl_structure.php HTTP/1.1" 200 31874 "https://final-nas3.c9users.io/phpmyadmin/sql.php?db=rap&table=Music&server=1&target=&token=e8aeb87eaea426d4d89e6279c6a4d168" "Mozilla/5.0 (X11; Linux x86_64) AppleWebKit/537.36 (KHTML, like Gecko) Chrome/57.0.2987.133 Safari/537.36"
10.240.0.241 - - [27/May/2017:14:20:48 +0000] "POST /phpmyadmin/tbl_structure.php HTTP/1.1" 200 28871 "https://final-nas3.c9users.io/phpmyadmin/sql.php?db=rap&table=Music&server=1&target=&token=e8aeb87eaea426d4d89e6279c6a4d168" "Mozilla/5.0 (X11; Linux x86_64) AppleWebKit/537.36 (KHTML, like Gecko) Chrome/57.0.2987.133 Safari/537.36"
10.240.0.187 - - [27/May/2017:14:20:48 +0000] "POST /phpmyadmin/navigation.php?ajax_request=1&token=e8aeb87eaea426d4d89e6279c6a4d168 HTTP/1.1" 200 6082 "https://final-nas3.c9users.io/phpmyadmin/sql.php?db=rap&table=Music&server=1&target=&token=e8aeb87eaea426d4d89e6279c6a4d168" "Mozilla/5.0 (X11; Linux x86_64) AppleWebKit/537.36 (KHTML, like Gecko) Chrome/57.0.2987.133 Safari/537.36"
10.240.0.206 - - [27/May/2017:14:20:50 +0000] "GET /phpmyadmin/sql.php?db=rap&table=Music&token=e8aeb87eaea426d4d89e6279c6a4d168&pos=0&ajax_request=true&ajax_page_request=true&menuHashes=0052596f-37229d09-f20b924b-33b6fa6b&_nocache=1495894850059595930 HTTP/1.1" 200 27446 "https://final-nas3.c9users.io/phpmyadmin/sql.php?db=rap&table=Music&server=1&target=&token=e8aeb87eaea426d4d89e6279c6a4d168" "Mozilla/5.0 (X11; Linux x86_64) AppleWebKit/537.36 (KHTML, like Gecko) Chrome/57.0.2987.133 Safari/537.36"
10.240.0.204 - - [27/May/2017:14:20:50 +0000] "GET /phpmyadmin/index.php?ajax_request=1&recent_table=1&token=e8aeb87eaea426d4d89e6279c6a4d168 HTTP/1.1" 200 888 "https://final-nas3.c9users.io/phpmyadmin/sql.php?db=rap&table=Music&server=1&target=&token=e8aeb87eaea426d4d89e6279c6a4d168" "Mozilla/5.0 (X11; Linux x86_64) AppleWebKit/537.36 (KHTML, like Gecko) Chrome/57.0.2987.133 Safari/537.36"
10.240.0.182 - - [27/May/2017:14:20:53 +0000] "GET /phpmyadmin/tbl_structure.php?db=rap&table=Music&token=e8aeb87eaea426d4d89e6279c6a4d168&ajax_request=true&ajax_page_request=true&menuHashes=0052596f-37229d09-f20b924b-33b6fa6b&_nocache=1495894853369158790 HTTP/1.1" 200 30449 "https://final-nas3.c9users.io/phpmyadmin/sql.php?db=rap&table=Music&server=1&target=&token=e8aeb87eaea426d4d89e6279c6a4d168" "Mozilla/5.0 (X11; Linux x86_64) AppleWebKit/537.36 (KHTML, like Gecko) Chrome/57.0.2987.133 Safari/537.36"
10.240.0.119 - - [27/May/2017:14:20:53 +0000] "GET /phpmyadmin/index.php?ajax_request=1&recent_table=1&token=e8aeb87eaea426d4d89e6279c6a4d168 HTTP/1.1" 200 888 "https://final-nas3.c9users.io/phpmyadmin/sql.php?db=rap&table=Music&server=1&target=&token=e8aeb87eaea426d4d89e6279c6a4d168" "Mozilla/5.0 (X11; Linux x86_64) AppleWebKit/537.36 (KHTML, like Gecko) Chrome/57.0.2987.133 Safari/537.36"
10.240.0.187 - - [27/May/2017:14:20:56 +0000] "GET /phpmyadmin/tbl_structure.php?db=rap&table=Music&token=e8aeb87eaea426d4d89e6279c6a4d168&goto=tbl_structure.php&back=tbl_structure.php&field=COL+3&change_column=1&ajax_request=true&_nocache=1495894856108499882 HTTP/1.1" 200 39776 "https://final-nas3.c9users.io/phpmyadmin/sql.php?db=rap&table=Music&server=1&target=&token=e8aeb87eaea426d4d89e6279c6a4d168" "Mozilla/5.0 (X11; Linux x86_64) AppleWebKit/537.36 (KHTML, like Gecko) Chrome/57.0.2987.133 Safari/537.36"
10.240.0.110 - - [27/May/2017:14:21:04 +0000] "GET /phpmyadmin/sql.php?db=rap&table=Music&token=e8aeb87eaea426d4d89e6279c6a4d168&pos=0&ajax_request=true&ajax_page_request=true&menuHashes=0052596f-37229d09-f20b924b-33b6fa6b&_nocache=1495894864108293921 HTTP/1.1" 200 27446 "https://final-nas3.c9users.io/phpmyadmin/sql.php?db=rap&table=Music&server=1&target=&token=e8aeb87eaea426d4d89e6279c6a4d168" "Mozilla/5.0 (X11; Linux x86_64) AppleWebKit/537.36 (KHTML, like Gecko) Chrome/57.0.2987.133 Safari/537.36"
10.240.0.187 - - [27/May/2017:14:21:04 +0000] "GET /phpmyadmin/index.php?ajax_request=1&recent_table=1&token=e8aeb87eaea426d4d89e6279c6a4d168 HTTP/1.1" 200 888 "https://final-nas3.c9users.io/phpmyadmin/sql.php?db=rap&table=Music&server=1&target=&token=e8aeb87eaea426d4d89e6279c6a4d168" "Mozilla/5.0 (X11; Linux x86_64) AppleWebKit/537.36 (KHTML, like Gecko) Chrome/57.0.2987.133 Safari/537.36"
10.240.1.60 - - [27/May/2017:14:21:06 +0000] "GET /phpmyadmin/tbl_structure.php?db=rap&table=Music&token=e8aeb87eaea426d4d89e6279c6a4d168&ajax_request=true&ajax_page_request=true&menuHashes=0052596f-37229d09-f20b924b-33b6fa6b&_nocache=149589486613162818 HTTP/1.1" 200 30449 "https://final-nas3.c9users.io/phpmyadmin/sql.php?db=rap&table=Music&server=1&target=&token=e8aeb87eaea426d4d89e6279c6a4d168" "Mozilla/5.0 (X11; Linux x86_64) AppleWebKit/537.36 (KHTML, like Gecko) Chrome/57.0.2987.133 Safari/537.36"
10.240.0.110 - - [27/May/2017:14:21:06 +0000] "GET /phpmyadmin/index.php?ajax_request=1&recent_table=1&token=e8aeb87eaea426d4d89e6279c6a4d168 HTTP/1.1" 200 888 "https://final-nas3.c9users.io/phpmyadmin/sql.php?db=rap&table=Music&server=1&target=&token=e8aeb87eaea426d4d89e6279c6a4d168" "Mozilla/5.0 (X11; Linux x86_64) AppleWebKit/537.36 (KHTML, like Gecko) Chrome/57.0.2987.133 Safari/537.36"
10.240.0.206 - - [27/May/2017:14:21:08 +0000] "GET /phpmyadmin/tbl_structure.php?db=rap&table=Music&token=e8aeb87eaea426d4d89e6279c6a4d168&goto=tbl_structure.php&back=tbl_structure.php&field=COL+3&change_column=1&ajax_request=true&_nocache=1495894868465499375 HTTP/1.1" 200 39776 "https://final-nas3.c9users.io/phpmyadmin/sql.php?db=rap&table=Music&server=1&target=&token=e8aeb87eaea426d4d89e6279c6a4d168" "Mozilla/5.0 (X11; Linux x86_64) AppleWebKit/537.36 (KHTML, like Gecko) Chrome/57.0.2987.133 Safari/537.36"
10.240.0.187 - - [27/May/2017:14:21:26 +0000] "POST /phpmyadmin/tbl_structure.php HTTP/1.1" 200 32011 "https://final-nas3.c9users.io/phpmyadmin/sql.php?db=rap&table=Music&server=1&target=&token=e8aeb87eaea426d4d89e6279c6a4d168" "Mozilla/5.0 (X11; Linux x86_64) AppleWebKit/537.36 (KHTML, like Gecko) Chrome/57.0.2987.133 Safari/537.36"
10.240.0.187 - - [27/May/2017:14:21:26 +0000] "POST /phpmyadmin/tbl_structure.php HTTP/1.1" 200 28973 "https://final-nas3.c9users.io/phpmyadmin/sql.php?db=rap&table=Music&server=1&target=&token=e8aeb87eaea426d4d89e6279c6a4d168" "Mozilla/5.0 (X11; Linux x86_64) AppleWebKit/537.36 (KHTML, like Gecko) Chrome/57.0.2987.133 Safari/537.36"
10.240.0.241 - - [27/May/2017:14:21:27 +0000] "POST /phpmyadmin/navigation.php?ajax_request=1&token=e8aeb87eaea426d4d89e6279c6a4d168 HTTP/1.1" 200 6082 "https://final-nas3.c9users.io/phpmyadmin/sql.php?db=rap&table=Music&server=1&target=&token=e8aeb87eaea426d4d89e6279c6a4d168" "Mozilla/5.0 (X11; Linux x86_64) AppleWebKit/537.36 (KHTML, like Gecko) Chrome/57.0.2987.133 Safari/537.36"
10.240.0.187 - - [27/May/2017:14:21:29 +0000] "GET /phpmyadmin/sql.php?db=rap&table=Music&token=e8aeb87eaea426d4d89e6279c6a4d168&pos=0&ajax_request=true&ajax_page_request=true&menuHashes=0052596f-37229d09-f20b924b-33b6fa6b&_nocache=1495894889276972667 HTTP/1.1" 200 27464 "https://final-nas3.c9users.io/phpmyadmin/sql.php?db=rap&table=Music&server=1&target=&token=e8aeb87eaea426d4d89e6279c6a4d168" "Mozilla/5.0 (X11; Linux x86_64) AppleWebKit/537.36 (KHTML, like Gecko) Chrome/57.0.2987.133 Safari/537.36"
10.240.0.241 - - [27/May/2017:14:21:29 +0000] "GET /phpmyadmin/index.php?ajax_request=1&recent_table=1&token=e8aeb87eaea426d4d89e6279c6a4d168 HTTP/1.1" 200 888 "https://final-nas3.c9users.io/phpmyadmin/sql.php?db=rap&table=Music&server=1&target=&token=e8aeb87eaea426d4d89e6279c6a4d168" "Mozilla/5.0 (X11; Linux x86_64) AppleWebKit/537.36 (KHTML, like Gecko) Chrome/57.0.2987.133 Safari/537.36"
10.240.0.187 - - [27/May/2017:14:21:33 +0000] "GET /phpmyadmin/tbl_structure.php?db=rap&table=Music&token=e8aeb87eaea426d4d89e6279c6a4d168&ajax_request=true&ajax_page_request=true&menuHashes=0052596f-37229d09-f20b924b-33b6fa6b&_nocache=1495894893792777924 HTTP/1.1" 200 30551 "https://final-nas3.c9users.io/phpmyadmin/sql.php?db=rap&table=Music&server=1&target=&token=e8aeb87eaea426d4d89e6279c6a4d168" "Mozilla/5.0 (X11; Linux x86_64) AppleWebKit/537.36 (KHTML, like Gecko) Chrome/57.0.2987.133 Safari/537.36"
10.240.0.187 - - [27/May/2017:14:21:34 +0000] "GET /phpmyadmin/index.php?ajax_request=1&recent_table=1&token=e8aeb87eaea426d4d89e6279c6a4d168 HTTP/1.1" 200 888 "https://final-nas3.c9users.io/phpmyadmin/sql.php?db=rap&table=Music&server=1&target=&token=e8aeb87eaea426d4d89e6279c6a4d168" "Mozilla/5.0 (X11; Linux x86_64) AppleWebKit/537.36 (KHTML, like Gecko) Chrome/57.0.2987.133 Safari/537.36"
10.240.0.187 - - [27/May/2017:14:21:36 +0000] "GET /phpmyadmin/tbl_structure.php?db=rap&table=Music&token=e8aeb87eaea426d4d89e6279c6a4d168&goto=tbl_structure.php&back=tbl_structure.php&field=COL+4&change_column=1&ajax_request=true&_nocache=1495894896351660987 HTTP/1.1" 200 39788 "https://final-nas3.c9users.io/phpmyadmin/sql.php?db=rap&table=Music&server=1&target=&token=e8aeb87eaea426d4d89e6279c6a4d168" "Mozilla/5.0 (X11; Linux x86_64) AppleWebKit/537.36 (KHTML, like Gecko) Chrome/57.0.2987.133 Safari/537.36"
10.240.0.206 - - [27/May/2017:14:21:50 +0000] "POST /phpmyadmin/tbl_structure.php HTTP/1.1" 200 32091 "https://final-nas3.c9users.io/phpmyadmin/sql.php?db=rap&table=Music&server=1&target=&token=e8aeb87eaea426d4d89e6279c6a4d168" "Mozilla/5.0 (X11; Linux x86_64) AppleWebKit/537.36 (KHTML, like Gecko) Chrome/57.0.2987.133 Safari/537.36"
10.240.0.206 - - [27/May/2017:14:21:50 +0000] "POST /phpmyadmin/tbl_structure.php HTTP/1.1" 200 29058 "https://final-nas3.c9users.io/phpmyadmin/sql.php?db=rap&table=Music&server=1&target=&token=e8aeb87eaea426d4d89e6279c6a4d168" "Mozilla/5.0 (X11; Linux x86_64) AppleWebKit/537.36 (KHTML, like Gecko) Chrome/57.0.2987.133 Safari/537.36"
10.240.0.206 - - [27/May/2017:14:21:50 +0000] "POST /phpmyadmin/navigation.php?ajax_request=1&token=e8aeb87eaea426d4d89e6279c6a4d168 HTTP/1.1" 200 6082 "https://final-nas3.c9users.io/phpmyadmin/sql.php?db=rap&table=Music&server=1&target=&token=e8aeb87eaea426d4d89e6279c6a4d168" "Mozilla/5.0 (X11; Linux x86_64) AppleWebKit/537.36 (KHTML, like Gecko) Chrome/57.0.2987.133 Safari/537.36"
10.240.0.206 - - [27/May/2017:14:21:54 +0000] "GET /phpmyadmin/tbl_structure.php?db=rap&table=Music&token=e8aeb87eaea426d4d89e6279c6a4d168&goto=tbl_structure.php&back=tbl_structure.php&field=COL+5&change_column=1&ajax_request=true&_nocache=1495894914482248836 HTTP/1.1" 200 39798 "https://final-nas3.c9users.io/phpmyadmin/sql.php?db=rap&table=Music&server=1&target=&token=e8aeb87eaea426d4d89e6279c6a4d168" "Mozilla/5.0 (X11; Linux x86_64) AppleWebKit/537.36 (KHTML, like Gecko) Chrome/57.0.2987.133 Safari/537.36"
10.240.1.15 - - [27/May/2017:14:22:05 +0000] "POST /phpmyadmin/tbl_structure.php HTTP/1.1" 200 32198 "https://final-nas3.c9users.io/phpmyadmin/sql.php?db=rap&table=Music&server=1&target=&token=e8aeb87eaea426d4d89e6279c6a4d168" "Mozilla/5.0 (X11; Linux x86_64) AppleWebKit/537.36 (KHTML, like Gecko) Chrome/57.0.2987.133 Safari/537.36"
10.240.1.15 - - [27/May/2017:14:22:05 +0000] "POST /phpmyadmin/tbl_structure.php HTTP/1.1" 200 29160 "https://final-nas3.c9users.io/phpmyadmin/sql.php?db=rap&table=Music&server=1&target=&token=e8aeb87eaea426d4d89e6279c6a4d168" "Mozilla/5.0 (X11; Linux x86_64) AppleWebKit/537.36 (KHTML, like Gecko) Chrome/57.0.2987.133 Safari/537.36"
10.240.0.206 - - [27/May/2017:14:22:05 +0000] "POST /phpmyadmin/navigation.php?ajax_request=1&token=e8aeb87eaea426d4d89e6279c6a4d168 HTTP/1.1" 200 6082 "https://final-nas3.c9users.io/phpmyadmin/sql.php?db=rap&table=Music&server=1&target=&token=e8aeb87eaea426d4d89e6279c6a4d168" "Mozilla/5.0 (X11; Linux x86_64) AppleWebKit/537.36 (KHTML, like Gecko) Chrome/57.0.2987.133 Safari/537.36"
10.240.0.206 - - [27/May/2017:14:22:09 +0000] "GET /phpmyadmin/tbl_sql.php?db=rap&table=Music&token=e8aeb87eaea426d4d89e6279c6a4d168&ajax_request=true&ajax_page_request=true&menuHashes=0052596f-37229d09-f20b924b-33b6fa6b&_nocache=1495894929717206875 HTTP/1.1" 200 6520 "https://final-nas3.c9users.io/phpmyadmin/sql.php?db=rap&table=Music&server=1&target=&token=e8aeb87eaea426d4d89e6279c6a4d168" "Mozilla/5.0 (X11; Linux x86_64) AppleWebKit/537.36 (KHTML, like Gecko) Chrome/57.0.2987.133 Safari/537.36"
10.240.0.119 - - [27/May/2017:14:22:10 +0000] "GET /phpmyadmin/index.php?ajax_request=1&recent_table=1&token=e8aeb87eaea426d4d89e6279c6a4d168 HTTP/1.1" 200 888 "https://final-nas3.c9users.io/phpmyadmin/sql.php?db=rap&table=Music&server=1&target=&token=e8aeb87eaea426d4d89e6279c6a4d168" "Mozilla/5.0 (X11; Linux x86_64) AppleWebKit/537.36 (KHTML, like Gecko) Chrome/57.0.2987.133 Safari/537.36"
10.240.0.206 - - [27/May/2017:14:22:39 +0000] "POST /phpmyadmin/import.php HTTP/1.1" 200 2599 "https://final-nas3.c9users.io/phpmyadmin/sql.php?db=rap&table=Music&server=1&target=&token=e8aeb87eaea426d4d89e6279c6a4d168" "Mozilla/5.0 (X11; Linux x86_64) AppleWebKit/537.36 (KHTML, like Gecko) Chrome/57.0.2987.133 Safari/537.36"
10.240.0.206 - - [27/May/2017:14:22:41 +0000] "GET /phpmyadmin/sql.php?db=rap&table=Music&token=e8aeb87eaea426d4d89e6279c6a4d168&pos=0&ajax_request=true&ajax_page_request=true&menuHashes=0052596f-37229d09-f20b924b-33b6fa6b&_nocache=1495894961481766108 HTTP/1.1" 200 27504 "https://final-nas3.c9users.io/phpmyadmin/sql.php?db=rap&table=Music&server=1&target=&token=e8aeb87eaea426d4d89e6279c6a4d168" "Mozilla/5.0 (X11; Linux x86_64) AppleWebKit/537.36 (KHTML, like Gecko) Chrome/57.0.2987.133 Safari/537.36"
10.240.0.119 - - [27/May/2017:14:22:41 +0000] "GET /phpmyadmin/index.php?ajax_request=1&recent_table=1&token=e8aeb87eaea426d4d89e6279c6a4d168 HTTP/1.1" 200 888 "https://final-nas3.c9users.io/phpmyadmin/sql.php?db=rap&table=Music&server=1&target=&token=e8aeb87eaea426d4d89e6279c6a4d168" "Mozilla/5.0 (X11; Linux x86_64) AppleWebKit/537.36 (KHTML, like Gecko) Chrome/57.0.2987.133 Safari/537.36"
10.240.1.60 - - [27/May/2017:14:22:53 +0000] "POST /phpmyadmin/sql.php HTTP/1.1" 200 25569 "https://final-nas3.c9users.io/phpmyadmin/sql.php?db=rap&table=Music&server=1&target=&token=e8aeb87eaea426d4d89e6279c6a4d168" "Mozilla/5.0 (X11; Linux x86_64) AppleWebKit/537.36 (KHTML, like Gecko) Chrome/57.0.2987.133 Safari/537.36"
10.240.1.15 - - [27/May/2017:14:22:54 +0000] "GET /phpmyadmin/index.php?ajax_request=1&recent_table=1&token=e8aeb87eaea426d4d89e6279c6a4d168 HTTP/1.1" 200 888 "https://final-nas3.c9users.io/phpmyadmin/sql.php?db=rap&table=Music&server=1&target=&token=e8aeb87eaea426d4d89e6279c6a4d168" "Mozilla/5.0 (X11; Linux x86_64) AppleWebKit/537.36 (KHTML, like Gecko) Chrome/57.0.2987.133 Safari/537.36"
10.240.1.60 - - [27/May/2017:14:23:15 +0000] "GET /phpmyadmin/tbl_structure.php?db=rap&table=Music&token=e8aeb87eaea426d4d89e6279c6a4d168&ajax_request=true&ajax_page_request=true&menuHashes=0052596f-37229d09-f20b924b-33b6fa6b&_nocache=1495894995363544640 HTTP/1.1" 200 30738 "https://final-nas3.c9users.io/phpmyadmin/sql.php?db=rap&table=Music&server=1&target=&token=e8aeb87eaea426d4d89e6279c6a4d168" "Mozilla/5.0 (X11; Linux x86_64) AppleWebKit/537.36 (KHTML, like Gecko) Chrome/57.0.2987.133 Safari/537.36"
10.240.0.206 - - [27/May/2017:14:23:15 +0000] "GET /phpmyadmin/index.php?ajax_request=1&recent_table=1&token=e8aeb87eaea426d4d89e6279c6a4d168 HTTP/1.1" 200 888 "https://final-nas3.c9users.io/phpmyadmin/sql.php?db=rap&table=Music&server=1&target=&token=e8aeb87eaea426d4d89e6279c6a4d168" "Mozilla/5.0 (X11; Linux x86_64) AppleWebKit/537.36 (KHTML, like Gecko) Chrome/57.0.2987.133 Safari/537.36"
10.240.1.15 - - [27/May/2017:14:23:17 +0000] "GET /phpmyadmin/tbl_structure.php?db=rap&table=Music&token=e8aeb87eaea426d4d89e6279c6a4d168&goto=tbl_structure.php&back=tbl_structure.php&field=Artist&change_column=1&ajax_request=true&_nocache=1495894997044539168 HTTP/1.1" 200 39814 "https://final-nas3.c9users.io/phpmyadmin/sql.php?db=rap&table=Music&server=1&target=&token=e8aeb87eaea426d4d89e6279c6a4d168" "Mozilla/5.0 (X11; Linux x86_64) AppleWebKit/537.36 (KHTML, like Gecko) Chrome/57.0.2987.133 Safari/537.36"
10.240.0.207 - - [27/May/2017:14:23:28 +0000] "POST /phpmyadmin/tbl_structure.php HTTP/1.1" 200 32178 "https://final-nas3.c9users.io/phpmyadmin/sql.php?db=rap&table=Music&server=1&target=&token=e8aeb87eaea426d4d89e6279c6a4d168" "Mozilla/5.0 (X11; Linux x86_64) AppleWebKit/537.36 (KHTML, like Gecko) Chrome/57.0.2987.133 Safari/537.36"
10.240.1.32 - - [27/May/2017:14:23:29 +0000] "POST /phpmyadmin/tbl_structure.php HTTP/1.1" 200 29160 "https://final-nas3.c9users.io/phpmyadmin/sql.php?db=rap&table=Music&server=1&target=&token=e8aeb87eaea426d4d89e6279c6a4d168" "Mozilla/5.0 (X11; Linux x86_64) AppleWebKit/537.36 (KHTML, like Gecko) Chrome/57.0.2987.133 Safari/537.36"
10.240.1.60 - - [27/May/2017:14:23:29 +0000] "POST /phpmyadmin/navigation.php?ajax_request=1&token=e8aeb87eaea426d4d89e6279c6a4d168 HTTP/1.1" 200 6082 "https://final-nas3.c9users.io/phpmyadmin/sql.php?db=rap&table=Music&server=1&target=&token=e8aeb87eaea426d4d89e6279c6a4d168" "Mozilla/5.0 (X11; Linux x86_64) AppleWebKit/537.36 (KHTML, like Gecko) Chrome/57.0.2987.133 Safari/537.36"
10.240.1.32 - - [27/May/2017:14:23:38 +0000] "GET /phpmyadmin/tbl_structure.php?db=rap&table=Music&token=e8aeb87eaea426d4d89e6279c6a4d168&goto=tbl_structure.php&back=tbl_structure.php&field=Song&change_column=1&ajax_request=true&_nocache=1495895017776381251 HTTP/1.1" 200 39806 "https://final-nas3.c9users.io/phpmyadmin/sql.php?db=rap&table=Music&server=1&target=&token=e8aeb87eaea426d4d89e6279c6a4d168" "Mozilla/5.0 (X11; Linux x86_64) AppleWebKit/537.36 (KHTML, like Gecko) Chrome/57.0.2987.133 Safari/537.36"
10.240.1.17 - - [27/May/2017:14:23:43 +0000] "POST /phpmyadmin/tbl_structure.php HTTP/1.1" 200 32158 "https://final-nas3.c9users.io/phpmyadmin/sql.php?db=rap&table=Music&server=1&target=&token=e8aeb87eaea426d4d89e6279c6a4d168" "Mozilla/5.0 (X11; Linux x86_64) AppleWebKit/537.36 (KHTML, like Gecko) Chrome/57.0.2987.133 Safari/537.36"
10.240.0.207 - - [27/May/2017:14:23:44 +0000] "POST /phpmyadmin/tbl_structure.php HTTP/1.1" 200 29160 "https://final-nas3.c9users.io/phpmyadmin/sql.php?db=rap&table=Music&server=1&target=&token=e8aeb87eaea426d4d89e6279c6a4d168" "Mozilla/5.0 (X11; Linux x86_64) AppleWebKit/537.36 (KHTML, like Gecko) Chrome/57.0.2987.133 Safari/537.36"
10.240.1.15 - - [27/May/2017:14:23:44 +0000] "POST /phpmyadmin/navigation.php?ajax_request=1&token=e8aeb87eaea426d4d89e6279c6a4d168 HTTP/1.1" 200 6082 "https://final-nas3.c9users.io/phpmyadmin/sql.php?db=rap&table=Music&server=1&target=&token=e8aeb87eaea426d4d89e6279c6a4d168" "Mozilla/5.0 (X11; Linux x86_64) AppleWebKit/537.36 (KHTML, like Gecko) Chrome/57.0.2987.133 Safari/537.36"
10.240.1.15 - - [27/May/2017:14:23:47 +0000] "GET /phpmyadmin/tbl_structure.php?db=rap&table=Music&token=e8aeb87eaea426d4d89e6279c6a4d168&goto=tbl_structure.php&back=tbl_structure.php&field=Personality&change_column=1&ajax_request=true&_nocache=1495895026889569406 HTTP/1.1" 200 39834 "https://final-nas3.c9users.io/phpmyadmin/sql.php?db=rap&table=Music&server=1&target=&token=e8aeb87eaea426d4d89e6279c6a4d168" "Mozilla/5.0 (X11; Linux x86_64) AppleWebKit/537.36 (KHTML, like Gecko) Chrome/57.0.2987.133 Safari/537.36"
10.240.0.119 - - [27/May/2017:14:23:59 +0000] "POST /phpmyadmin/tbl_structure.php HTTP/1.1" 200 32228 "https://final-nas3.c9users.io/phpmyadmin/sql.php?db=rap&table=Music&server=1&target=&token=e8aeb87eaea426d4d89e6279c6a4d168" "Mozilla/5.0 (X11; Linux x86_64) AppleWebKit/537.36 (KHTML, like Gecko) Chrome/57.0.2987.133 Safari/537.36"
10.240.1.19 - - [27/May/2017:14:24:00 +0000] "POST /phpmyadmin/tbl_structure.php HTTP/1.1" 200 29160 "https://final-nas3.c9users.io/phpmyadmin/sql.php?db=rap&table=Music&server=1&target=&token=e8aeb87eaea426d4d89e6279c6a4d168" "Mozilla/5.0 (X11; Linux x86_64) AppleWebKit/537.36 (KHTML, like Gecko) Chrome/57.0.2987.133 Safari/537.36"
10.240.1.32 - - [27/May/2017:14:24:00 +0000] "POST /phpmyadmin/navigation.php?ajax_request=1&token=e8aeb87eaea426d4d89e6279c6a4d168 HTTP/1.1" 200 6082 "https://final-nas3.c9users.io/phpmyadmin/sql.php?db=rap&table=Music&server=1&target=&token=e8aeb87eaea426d4d89e6279c6a4d168" "Mozilla/5.0 (X11; Linux x86_64) AppleWebKit/537.36 (KHTML, like Gecko) Chrome/57.0.2987.133 Safari/537.36"
10.240.1.32 - - [27/May/2017:14:24:02 +0000] "GET /phpmyadmin/tbl_structure.php?db=rap&table=Music&token=e8aeb87eaea426d4d89e6279c6a4d168&goto=tbl_structure.php&back=tbl_structure.php&field=SongSource&change_column=1&ajax_request=true&_nocache=1495895041964311357 HTTP/1.1" 200 39830 "https://final-nas3.c9users.io/phpmyadmin/sql.php?db=rap&table=Music&server=1&target=&token=e8aeb87eaea426d4d89e6279c6a4d168" "Mozilla/5.0 (X11; Linux x86_64) AppleWebKit/537.36 (KHTML, like Gecko) Chrome/57.0.2987.133 Safari/537.36"
10.240.1.19 - - [27/May/2017:14:24:11 +0000] "POST /phpmyadmin/tbl_structure.php HTTP/1.1" 200 32218 "https://final-nas3.c9users.io/phpmyadmin/sql.php?db=rap&table=Music&server=1&target=&token=e8aeb87eaea426d4d89e6279c6a4d168" "Mozilla/5.0 (X11; Linux x86_64) AppleWebKit/537.36 (KHTML, like Gecko) Chrome/57.0.2987.133 Safari/537.36"
10.240.1.32 - - [27/May/2017:14:24:11 +0000] "POST /phpmyadmin/tbl_structure.php HTTP/1.1" 200 29160 "https://final-nas3.c9users.io/phpmyadmin/sql.php?db=rap&table=Music&server=1&target=&token=e8aeb87eaea426d4d89e6279c6a4d168" "Mozilla/5.0 (X11; Linux x86_64) AppleWebKit/537.36 (KHTML, like Gecko) Chrome/57.0.2987.133 Safari/537.36"
10.240.1.19 - - [27/May/2017:14:24:11 +0000] "POST /phpmyadmin/navigation.php?ajax_request=1&token=e8aeb87eaea426d4d89e6279c6a4d168 HTTP/1.1" 200 6082 "https://final-nas3.c9users.io/phpmyadmin/sql.php?db=rap&table=Music&server=1&target=&token=e8aeb87eaea426d4d89e6279c6a4d168" "Mozilla/5.0 (X11; Linux x86_64) AppleWebKit/537.36 (KHTML, like Gecko) Chrome/57.0.2987.133 Safari/537.36"
10.240.1.19 - - [27/May/2017:14:24:13 +0000] "GET /phpmyadmin/tbl_structure.php?db=rap&table=Music&token=e8aeb87eaea426d4d89e6279c6a4d168&goto=tbl_structure.php&back=tbl_structure.php&field=ImageSource&change_column=1&ajax_request=true&_nocache=1495895053775862677 HTTP/1.1" 200 39834 "https://final-nas3.c9users.io/phpmyadmin/sql.php?db=rap&table=Music&server=1&target=&token=e8aeb87eaea426d4d89e6279c6a4d168" "Mozilla/5.0 (X11; Linux x86_64) AppleWebKit/537.36 (KHTML, like Gecko) Chrome/57.0.2987.133 Safari/537.36"
10.240.0.241 - - [27/May/2017:14:24:24 +0000] "POST /phpmyadmin/tbl_structure.php HTTP/1.1" 200 32250 "https://final-nas3.c9users.io/phpmyadmin/sql.php?db=rap&table=Music&server=1&target=&token=e8aeb87eaea426d4d89e6279c6a4d168" "Mozilla/5.0 (X11; Linux x86_64) AppleWebKit/537.36 (KHTML, like Gecko) Chrome/57.0.2987.133 Safari/537.36"
10.240.1.64 - - [27/May/2017:14:24:25 +0000] "POST /phpmyadmin/tbl_structure.php HTTP/1.1" 200 29177 "https://final-nas3.c9users.io/phpmyadmin/sql.php?db=rap&table=Music&server=1&target=&token=e8aeb87eaea426d4d89e6279c6a4d168" "Mozilla/5.0 (X11; Linux x86_64) AppleWebKit/537.36 (KHTML, like Gecko) Chrome/57.0.2987.133 Safari/537.36"
10.240.0.182 - - [27/May/2017:14:24:25 +0000] "POST /phpmyadmin/navigation.php?ajax_request=1&token=e8aeb87eaea426d4d89e6279c6a4d168 HTTP/1.1" 200 6082 "https://final-nas3.c9users.io/phpmyadmin/sql.php?db=rap&table=Music&server=1&target=&token=e8aeb87eaea426d4d89e6279c6a4d168" "Mozilla/5.0 (X11; Linux x86_64) AppleWebKit/537.36 (KHTML, like Gecko) Chrome/57.0.2987.133 Safari/537.36"
10.240.0.119 - - [27/May/2017:14:24:27 +0000] "GET /phpmyadmin/tbl_structure.php?db=rap&table=Music&token=e8aeb87eaea426d4d89e6279c6a4d168&goto=tbl_structure.php&back=tbl_structure.php&field=SONGSOURCE&change_column=1&ajax_request=true&_nocache=1495895067720553344 HTTP/1.1" 200 39832 "https://final-nas3.c9users.io/phpmyadmin/sql.php?db=rap&table=Music&server=1&target=&token=e8aeb87eaea426d4d89e6279c6a4d168" "Mozilla/5.0 (X11; Linux x86_64) AppleWebKit/537.36 (KHTML, like Gecko) Chrome/57.0.2987.133 Safari/537.36"
10.240.0.110 - - [27/May/2017:14:24:31 +0000] "POST /phpmyadmin/tbl_structure.php HTTP/1.1" 200 32257 "https://final-nas3.c9users.io/phpmyadmin/sql.php?db=rap&table=Music&server=1&target=&token=e8aeb87eaea426d4d89e6279c6a4d168" "Mozilla/5.0 (X11; Linux x86_64) AppleWebKit/537.36 (KHTML, like Gecko) Chrome/57.0.2987.133 Safari/537.36"
10.240.0.119 - - [27/May/2017:14:24:32 +0000] "POST /phpmyadmin/tbl_structure.php HTTP/1.1" 200 29194 "https://final-nas3.c9users.io/phpmyadmin/sql.php?db=rap&table=Music&server=1&target=&token=e8aeb87eaea426d4d89e6279c6a4d168" "Mozilla/5.0 (X11; Linux x86_64) AppleWebKit/537.36 (KHTML, like Gecko) Chrome/57.0.2987.133 Safari/537.36"
10.240.0.241 - - [27/May/2017:14:24:32 +0000] "POST /phpmyadmin/navigation.php?ajax_request=1&token=e8aeb87eaea426d4d89e6279c6a4d168 HTTP/1.1" 200 6082 "https://final-nas3.c9users.io/phpmyadmin/sql.php?db=rap&table=Music&server=1&target=&token=e8aeb87eaea426d4d89e6279c6a4d168" "Mozilla/5.0 (X11; Linux x86_64) AppleWebKit/537.36 (KHTML, like Gecko) Chrome/57.0.2987.133 Safari/537.36"
10.240.0.119 - - [27/May/2017:14:24:45 +0000] "GET /phpmyadmin/sql.php?db=rap&table=Music&token=e8aeb87eaea426d4d89e6279c6a4d168&pos=0&ajax_request=true&ajax_page_request=true&menuHashes=0052596f-37229d09-f20b924b-33b6fa6b&_nocache=1495895084750240871 HTTP/1.1" 200 25554 "https://final-nas3.c9users.io/phpmyadmin/sql.php?db=rap&table=Music&server=1&target=&token=e8aeb87eaea426d4d89e6279c6a4d168" "Mozilla/5.0 (X11; Linux x86_64) AppleWebKit/537.36 (KHTML, like Gecko) Chrome/57.0.2987.133 Safari/537.36"
10.240.0.119 - - [27/May/2017:14:24:45 +0000] "GET /phpmyadmin/index.php?ajax_request=1&recent_table=1&token=e8aeb87eaea426d4d89e6279c6a4d168 HTTP/1.1" 200 888 "https://final-nas3.c9users.io/phpmyadmin/sql.php?db=rap&table=Music&server=1&target=&token=e8aeb87eaea426d4d89e6279c6a4d168" "Mozilla/5.0 (X11; Linux x86_64) AppleWebKit/537.36 (KHTML, like Gecko) Chrome/57.0.2987.133 Safari/537.36"
10.240.0.119 - - [27/May/2017:14:25:40 +0000] "GET /phpmyadmin/tbl_sql.php?db=rap&table=Music&token=e8aeb87eaea426d4d89e6279c6a4d168&ajax_request=true&ajax_page_request=true&menuHashes=0052596f-37229d09-f20b924b-33b6fa6b&_nocache=1495895139742734044 HTTP/1.1" 200 6524 "https://final-nas3.c9users.io/phpmyadmin/sql.php?db=rap&table=Music&server=1&target=&token=e8aeb87eaea426d4d89e6279c6a4d168" "Mozilla/5.0 (X11; Linux x86_64) AppleWebKit/537.36 (KHTML, like Gecko) Chrome/57.0.2987.133 Safari/537.36"
10.240.1.19 - - [27/May/2017:14:25:40 +0000] "GET /phpmyadmin/index.php?ajax_request=1&recent_table=1&token=e8aeb87eaea426d4d89e6279c6a4d168 HTTP/1.1" 200 888 "https://final-nas3.c9users.io/phpmyadmin/sql.php?db=rap&table=Music&server=1&target=&token=e8aeb87eaea426d4d89e6279c6a4d168" "Mozilla/5.0 (X11; Linux x86_64) AppleWebKit/537.36 (KHTML, like Gecko) Chrome/57.0.2987.133 Safari/537.36"
10.240.1.32 - - [27/May/2017:14:27:59 +0000] "POST /phpmyadmin/import.php HTTP/1.1" 200 688 "https://final-nas3.c9users.io/phpmyadmin/sql.php?db=rap&table=Music&server=1&target=&token=e8aeb87eaea426d4d89e6279c6a4d168" "Mozilla/5.0 (X11; Linux x86_64) AppleWebKit/537.36 (KHTML, like Gecko) Chrome/57.0.2987.133 Safari/537.36"
10.240.1.64 - - [27/May/2017:14:28:34 +0000] "POST /phpmyadmin/import.php HTTP/1.1" 200 3495 "https://final-nas3.c9users.io/phpmyadmin/sql.php?db=rap&table=Music&server=1&target=&token=e8aeb87eaea426d4d89e6279c6a4d168" "Mozilla/5.0 (X11; Linux x86_64) AppleWebKit/537.36 (KHTML, like Gecko) Chrome/57.0.2987.133 Safari/537.36"
10.240.1.64 - - [27/May/2017:14:28:36 +0000] "GET /phpmyadmin/sql.php?db=rap&table=Music&token=e8aeb87eaea426d4d89e6279c6a4d168&pos=0&ajax_request=true&ajax_page_request=true&menuHashes=0052596f-37229d09-f20b924b-33b6fa6b&_nocache=1495895316668709819 HTTP/1.1" 200 25554 "https://final-nas3.c9users.io/phpmyadmin/sql.php?db=rap&table=Music&server=1&target=&token=e8aeb87eaea426d4d89e6279c6a4d168" "Mozilla/5.0 (X11; Linux x86_64) AppleWebKit/537.36 (KHTML, like Gecko) Chrome/57.0.2987.133 Safari/537.36"
10.240.1.19 - - [27/May/2017:14:28:37 +0000] "GET /phpmyadmin/index.php?ajax_request=1&recent_table=1&token=e8aeb87eaea426d4d89e6279c6a4d168 HTTP/1.1" 200 888 "https://final-nas3.c9users.io/phpmyadmin/sql.php?db=rap&table=Music&server=1&target=&token=e8aeb87eaea426d4d89e6279c6a4d168" "Mozilla/5.0 (X11; Linux x86_64) AppleWebKit/537.36 (KHTML, like Gecko) Chrome/57.0.2987.133 Safari/537.36"
10.240.0.110 - - [27/May/2017:14:35:31 +0000] "GET /phpmyadmin/tbl_sql.php?db=rap&table=Music&token=e8aeb87eaea426d4d89e6279c6a4d168&ajax_request=true&ajax_page_request=true&menuHashes=0052596f-37229d09-f20b924b-33b6fa6b&_nocache=1495895731208353411 HTTP/1.1" 200 6524 "https://final-nas3.c9users.io/phpmyadmin/sql.php?db=rap&table=Music&server=1&target=&token=e8aeb87eaea426d4d89e6279c6a4d168" "Mozilla/5.0 (X11; Linux x86_64) AppleWebKit/537.36 (KHTML, like Gecko) Chrome/57.0.2987.133 Safari/537.36"
10.240.0.119 - - [27/May/2017:14:35:31 +0000] "GET /phpmyadmin/index.php?ajax_request=1&recent_table=1&token=e8aeb87eaea426d4d89e6279c6a4d168 HTTP/1.1" 200 888 "https://final-nas3.c9users.io/phpmyadmin/sql.php?db=rap&table=Music&server=1&target=&token=e8aeb87eaea426d4d89e6279c6a4d168" "Mozilla/5.0 (X11; Linux x86_64) AppleWebKit/537.36 (KHTML, like Gecko) Chrome/57.0.2987.133 Safari/537.36"
10.240.0.207 - - [27/May/2017:14:35:44 +0000] "GET /phpmyadmin/tbl_structure.php?db=rap&table=Music&token=e8aeb87eaea426d4d89e6279c6a4d168&ajax_request=true&ajax_page_request=true&menuHashes=0052596f-37229d09-f20b924b-33b6fa6b&_nocache=149589574390067882 HTTP/1.1" 200 30772 "https://final-nas3.c9users.io/phpmyadmin/sql.php?db=rap&table=Music&server=1&target=&token=e8aeb87eaea426d4d89e6279c6a4d168" "Mozilla/5.0 (X11; Linux x86_64) AppleWebKit/537.36 (KHTML, like Gecko) Chrome/57.0.2987.133 Safari/537.36"
10.240.0.207 - - [27/May/2017:14:35:44 +0000] "GET /phpmyadmin/index.php?ajax_request=1&recent_table=1&token=e8aeb87eaea426d4d89e6279c6a4d168 HTTP/1.1" 200 888 "https://final-nas3.c9users.io/phpmyadmin/sql.php?db=rap&table=Music&server=1&target=&token=e8aeb87eaea426d4d89e6279c6a4d168" "Mozilla/5.0 (X11; Linux x86_64) AppleWebKit/537.36 (KHTML, like Gecko) Chrome/57.0.2987.133 Safari/537.36"
10.240.1.60 - - [27/May/2017:14:35:44 +0000] "GET /phpmyadmin/sql.php?db=rap&table=Music&token=e8aeb87eaea426d4d89e6279c6a4d168&pos=0&ajax_request=true&ajax_page_request=true&menuHashes=0052596f-37229d09-f20b924b-33b6fa6b&_nocache=1495895744604913613 HTTP/1.1" 200 25554 "https://final-nas3.c9users.io/phpmyadmin/sql.php?db=rap&table=Music&server=1&target=&token=e8aeb87eaea426d4d89e6279c6a4d168" "Mozilla/5.0 (X11; Linux x86_64) AppleWebKit/537.36 (KHTML, like Gecko) Chrome/57.0.2987.133 Safari/537.36"
10.240.0.207 - - [27/May/2017:14:35:44 +0000] "GET /phpmyadmin/index.php?ajax_request=1&recent_table=1&token=e8aeb87eaea426d4d89e6279c6a4d168 HTTP/1.1" 200 888 "https://final-nas3.c9users.io/phpmyadmin/sql.php?db=rap&table=Music&server=1&target=&token=e8aeb87eaea426d4d89e6279c6a4d168" "Mozilla/5.0 (X11; Linux x86_64) AppleWebKit/537.36 (KHTML, like Gecko) Chrome/57.0.2987.133 Safari/537.36"
