10.240.0.206 - - [24/May/2017:00:40:58 +0000] "GET /phpmyadmin/index.php?ajax_request=1&recent_table=1&token=85bcd75e01a5ab4db115aca8a1520361 HTTP/1.1" 200 558 "https://final-nas3.c9users.io/phpmyadmin/index.php?token=85bcd75e01a5ab4db115aca8a1520361" "Mozilla/5.0 (Windows NT 10.0; Win64; x64) AppleWebKit/537.36 (KHTML, like Gecko) Chrome/58.0.3029.110 Safari/537.36"
10.240.1.19 - - [24/May/2017:00:40:59 +0000] "GET /phpmyadmin/tbl_import.php?db=rap&table=music&token=85bcd75e01a5ab4db115aca8a1520361&ajax_request=true&ajax_page_request=true&menuHashes=c550ad85-b06df63d-7459812c-dc6b003e-142bd095-0718b17f&_nocache=1495586455218617592 HTTP/1.1" 200 3062 "https://final-nas3.c9users.io/phpmyadmin/index.php?token=85bcd75e01a5ab4db115aca8a1520361" "Mozilla/5.0 (Windows NT 10.0; Win64; x64) AppleWebKit/537.36 (KHTML, like Gecko) Chrome/58.0.3029.110 Safari/537.36"
10.240.0.186 - - [24/May/2017:00:40:59 +0000] "GET /phpmyadmin/index.php?ajax_request=1&recent_table=1&token=85bcd75e01a5ab4db115aca8a1520361 HTTP/1.1" 200 558 "https://final-nas3.c9users.io/phpmyadmin/index.php?token=85bcd75e01a5ab4db115aca8a1520361" "Mozilla/5.0 (Windows NT 10.0; Win64; x64) AppleWebKit/537.36 (KHTML, like Gecko) Chrome/58.0.3029.110 Safari/537.36"
10.240.0.179 - - [24/May/2017:00:41:13 +0000] "POST /phpmyadmin/tbl_create.php HTTP/1.1" 200 212391 "https://final-nas3.c9users.io/phpmyadmin/index.php?token=85bcd75e01a5ab4db115aca8a1520361" "Mozilla/5.0 (Windows NT 10.0; Win64; x64) AppleWebKit/537.36 (KHTML, like Gecko) Chrome/58.0.3029.110 Safari/537.36"
10.240.0.179 - - [24/May/2017:00:41:14 +0000] "GET /phpmyadmin/index.php?ajax_request=1&recent_table=1&token=85bcd75e01a5ab4db115aca8a1520361 HTTP/1.1" 200 664 "https://final-nas3.c9users.io/phpmyadmin/index.php?token=85bcd75e01a5ab4db115aca8a1520361" "Mozilla/5.0 (Windows NT 10.0; Win64; x64) AppleWebKit/537.36 (KHTML, like Gecko) Chrome/58.0.3029.110 Safari/537.36"
10.240.1.20 - - [24/May/2017:00:42:44 +0000] "POST /phpmyadmin/tbl_create.php HTTP/1.1" 200 9194 "https://final-nas3.c9users.io/phpmyadmin/index.php?token=85bcd75e01a5ab4db115aca8a1520361" "Mozilla/5.0 (Windows NT 10.0; Win64; x64) AppleWebKit/537.36 (KHTML, like Gecko) Chrome/58.0.3029.110 Safari/537.36"
10.240.0.207 - - [24/May/2017:00:42:45 +0000] "GET /phpmyadmin/db_structure.php?token=85bcd75e01a5ab4db115aca8a1520361&server=1&db=rap&table=Rap&ajax_request=true&ajax_page_request=true&menuHashes=c550ad85-b06df63d-7459812c-dc6b003e-142bd095-0718b17f-1ed07e03&_nocache=1495586561353260820 HTTP/1.1" 200 9733 "https://final-nas3.c9users.io/phpmyadmin/index.php?token=85bcd75e01a5ab4db115aca8a1520361" "Mozilla/5.0 (Windows NT 10.0; Win64; x64) AppleWebKit/537.36 (KHTML, like Gecko) Chrome/58.0.3029.110 Safari/537.36"
10.240.0.187 - - [24/May/2017:00:42:45 +0000] "POST /phpmyadmin/navigation.php?ajax_request=1&token=85bcd75e01a5ab4db115aca8a1520361 HTTP/1.1" 200 6068 "https://final-nas3.c9users.io/phpmyadmin/index.php?token=85bcd75e01a5ab4db115aca8a1520361" "Mozilla/5.0 (Windows NT 10.0; Win64; x64) AppleWebKit/537.36 (KHTML, like Gecko) Chrome/58.0.3029.110 Safari/537.36"
10.240.0.119 - - [24/May/2017:00:42:45 +0000] "GET /phpmyadmin/index.php?ajax_request=1&recent_table=1&token=85bcd75e01a5ab4db115aca8a1520361 HTTP/1.1" 200 664 "https://final-nas3.c9users.io/phpmyadmin/index.php?token=85bcd75e01a5ab4db115aca8a1520361" "Mozilla/5.0 (Windows NT 10.0; Win64; x64) AppleWebKit/537.36 (KHTML, like Gecko) Chrome/58.0.3029.110 Safari/537.36"
10.240.0.182 - - [24/May/2017:00:42:50 +0000] "GET /phpmyadmin/tbl_import.php?db=rap&table=Rap&token=85bcd75e01a5ab4db115aca8a1520361&ajax_request=true&ajax_page_request=true&menuHashes=c550ad85-b06df63d-7459812c-dc6b003e-142bd095-0718b17f-1ed07e03&_nocache=1495586566722225378 HTTP/1.1" 200 18405 "https://final-nas3.c9users.io/phpmyadmin/index.php?token=85bcd75e01a5ab4db115aca8a1520361" "Mozilla/5.0 (Windows NT 10.0; Win64; x64) AppleWebKit/537.36 (KHTML, like Gecko) Chrome/58.0.3029.110 Safari/537.36"
10.240.0.187 - - [24/May/2017:00:42:51 +0000] "GET /phpmyadmin/index.php?ajax_request=1&recent_table=1&token=85bcd75e01a5ab4db115aca8a1520361 HTTP/1.1" 200 664 "https://final-nas3.c9users.io/phpmyadmin/index.php?token=85bcd75e01a5ab4db115aca8a1520361" "Mozilla/5.0 (Windows NT 10.0; Win64; x64) AppleWebKit/537.36 (KHTML, like Gecko) Chrome/58.0.3029.110 Safari/537.36"
10.240.0.119 - - [24/May/2017:00:43:07 +0000] "POST /phpmyadmin/import.php HTTP/1.1" 200 5119 "https://final-nas3.c9users.io/phpmyadmin/index.php?token=85bcd75e01a5ab4db115aca8a1520361" "Mozilla/5.0 (Windows NT 10.0; Win64; x64) AppleWebKit/537.36 (KHTML, like Gecko) Chrome/58.0.3029.110 Safari/537.36"
10.240.0.182 - - [24/May/2017:00:43:08 +0000] "GET /phpmyadmin/js/messages.php?lang=en&db=rap&token=85bcd75e01a5ab4db115aca8a1520361 HTTP/1.1" 200 17209 "https://final-nas3.c9users.io/phpmyadmin/import.php" "Mozilla/5.0 (Windows NT 10.0; Win64; x64) AppleWebKit/537.36 (KHTML, like Gecko) Chrome/58.0.3029.110 Safari/537.36"
10.240.0.182 - - [24/May/2017:00:43:08 +0000] "GET /phpmyadmin/navigation.php?ajax_request=1&token=85bcd75e01a5ab4db115aca8a1520361&aPath=cm9vdA%3D%3D.cmFw&vPath=cm9vdA%3D%3D.cmFw&pos=0&pos2_name=&pos2_value=&searchClause=&searchClause2=&_nocache=1495586584833525409 HTTP/1.1" 200 1697 "https://final-nas3.c9users.io/phpmyadmin/import.php" "Mozilla/5.0 (Windows NT 10.0; Win64; x64) AppleWebKit/537.36 (KHTML, like Gecko) Chrome/58.0.3029.110 Safari/537.36"
10.240.0.182 - - [24/May/2017:00:43:08 +0000] "GET /phpmyadmin/index.php?ajax_request=1&recent_table=1&token=85bcd75e01a5ab4db115aca8a1520361 HTTP/1.1" 200 664 "https://final-nas3.c9users.io/phpmyadmin/import.php" "Mozilla/5.0 (Windows NT 10.0; Win64; x64) AppleWebKit/537.36 (KHTML, like Gecko) Chrome/58.0.3029.110 Safari/537.36"
10.240.0.182 - - [24/May/2017:00:43:11 +0000] "GET /phpmyadmin/sql.php?server=1&db=rap&table=Rap&pos=0&token=85bcd75e01a5ab4db115aca8a1520361&ajax_request=true&ajax_page_request=true&_nocache=1495586587668388730 HTTP/1.1" 200 31431 "https://final-nas3.c9users.io/phpmyadmin/import.php" "Mozilla/5.0 (Windows NT 10.0; Win64; x64) AppleWebKit/537.36 (KHTML, like Gecko) Chrome/58.0.3029.110 Safari/537.36"
10.240.0.187 - - [24/May/2017:00:43:12 +0000] "GET /phpmyadmin/js/get_scripts.js.php?scripts[]=tbl_change.js&scripts[]=tbl_structure.js&scripts[]=gis_data_editor.js&scripts[]=makegrid.js&scripts[]=sql.js HTTP/1.1" 200 145009 "https://final-nas3.c9users.io/phpmyadmin/import.php" "Mozilla/5.0 (Windows NT 10.0; Win64; x64) AppleWebKit/537.36 (KHTML, like Gecko) Chrome/58.0.3029.110 Safari/537.36"
10.240.0.241 - - [24/May/2017:00:43:13 +0000] "GET /phpmyadmin/themes/pmahomme/img/col_pointer.png HTTP/1.1" 200 396 "https://final-nas3.c9users.io/phpmyadmin/phpmyadmin.css.php?server=1&token=85bcd75e01a5ab4db115aca8a1520361&nocache=5763530662ltr" "Mozilla/5.0 (Windows NT 10.0; Win64; x64) AppleWebKit/537.36 (KHTML, like Gecko) Chrome/58.0.3029.110 Safari/537.36"
10.240.1.60 - - [24/May/2017:00:43:13 +0000] "GET /phpmyadmin/index.php?ajax_request=1&recent_table=1&token=85bcd75e01a5ab4db115aca8a1520361 HTTP/1.1" 200 664 "https://final-nas3.c9users.io/phpmyadmin/import.php" "Mozilla/5.0 (Windows NT 10.0; Win64; x64) AppleWebKit/537.36 (KHTML, like Gecko) Chrome/58.0.3029.110 Safari/537.36"
10.240.0.182 - - [24/May/2017:00:43:17 +0000] "GET /phpmyadmin/sql.php?db=rap&table=Rap&sql_query=SELECT+%2A+FROM+%60Rap%60%0AORDER+BY+%60Rap%60.%60Song+Source%60+ASC&session_max_rows=30&token=85bcd75e01a5ab4db115aca8a1520361&ajax_request=true&ajax_page_request=true&menuHashes=1dd4524f&_nocache=1495586594113874990 HTTP/1.1" 200 30065 "https://final-nas3.c9users.io/phpmyadmin/import.php" "Mozilla/5.0 (Windows NT 10.0; Win64; x64) AppleWebKit/537.36 (KHTML, like Gecko) Chrome/58.0.3029.110 Safari/537.36"
10.240.0.182 - - [24/May/2017:00:43:18 +0000] "GET /phpmyadmin/index.php?ajax_request=1&recent_table=1&token=85bcd75e01a5ab4db115aca8a1520361 HTTP/1.1" 200 664 "https://final-nas3.c9users.io/phpmyadmin/import.php" "Mozilla/5.0 (Windows NT 10.0; Win64; x64) AppleWebKit/537.36 (KHTML, like Gecko) Chrome/58.0.3029.110 Safari/537.36"
10.240.0.241 - - [24/May/2017:00:52:16 +0000] "GET /phpmyadmin/tbl_structure.php?db=rap&table=Rap&token=85bcd75e01a5ab4db115aca8a1520361&ajax_request=true&ajax_page_request=true&menuHashes=1dd4524f&_nocache=149558713228837789 HTTP/1.1" 200 33733 "https://final-nas3.c9users.io/phpmyadmin/import.php" "Mozilla/5.0 (Windows NT 10.0; Win64; x64) AppleWebKit/537.36 (KHTML, like Gecko) Chrome/58.0.3029.110 Safari/537.36"
10.240.0.110 - - [24/May/2017:00:52:16 +0000] "GET /phpmyadmin/index.php?ajax_request=1&recent_table=1&token=85bcd75e01a5ab4db115aca8a1520361 HTTP/1.1" 200 664 "https://final-nas3.c9users.io/phpmyadmin/import.php" "Mozilla/5.0 (Windows NT 10.0; Win64; x64) AppleWebKit/537.36 (KHTML, like Gecko) Chrome/58.0.3029.110 Safari/537.36"
10.240.0.207 - - [24/May/2017:00:52:20 +0000] "GET /phpmyadmin/tbl_structure.php?db=rap&table=Rap&token=85bcd75e01a5ab4db115aca8a1520361&goto=tbl_structure.php&back=tbl_structure.php&field=Song+Source&change_column=1&ajax_request=true&_nocache=1495587136943567227 HTTP/1.1" 200 39816 "https://final-nas3.c9users.io/phpmyadmin/import.php" "Mozilla/5.0 (Windows NT 10.0; Win64; x64) AppleWebKit/537.36 (KHTML, like Gecko) Chrome/58.0.3029.110 Safari/537.36"
10.240.0.119 - - [24/May/2017:00:52:26 +0000] "GET /phpmyadmin/tbl_sql.php?db=rap&table=Rap&token=85bcd75e01a5ab4db115aca8a1520361&ajax_request=true&ajax_page_request=true&menuHashes=1dd4524f-1ffe6bb0&_nocache=149558714262261942 HTTP/1.1" 200 9719 "https://final-nas3.c9users.io/phpmyadmin/import.php" "Mozilla/5.0 (Windows NT 10.0; Win64; x64) AppleWebKit/537.36 (KHTML, like Gecko) Chrome/58.0.3029.110 Safari/537.36"
10.240.1.15 - - [24/May/2017:00:52:26 +0000] "GET /phpmyadmin/index.php?ajax_request=1&recent_table=1&token=85bcd75e01a5ab4db115aca8a1520361 HTTP/1.1" 200 664 "https://final-nas3.c9users.io/phpmyadmin/import.php" "Mozilla/5.0 (Windows NT 10.0; Win64; x64) AppleWebKit/537.36 (KHTML, like Gecko) Chrome/58.0.3029.110 Safari/537.36"
10.240.0.119 - - [24/May/2017:00:52:28 +0000] "GET /phpmyadmin/tbl_structure.php?db=rap&table=Rap&token=85bcd75e01a5ab4db115aca8a1520361&ajax_request=true&ajax_page_request=true&menuHashes=1dd4524f-1ffe6bb0-b11ed056&_nocache=1495587144240149845 HTTP/1.1" 200 30545 "https://final-nas3.c9users.io/phpmyadmin/import.php" "Mozilla/5.0 (Windows NT 10.0; Win64; x64) AppleWebKit/537.36 (KHTML, like Gecko) Chrome/58.0.3029.110 Safari/537.36"
10.240.0.119 - - [24/May/2017:00:52:28 +0000] "GET /phpmyadmin/index.php?ajax_request=1&recent_table=1&token=85bcd75e01a5ab4db115aca8a1520361 HTTP/1.1" 200 664 "https://final-nas3.c9users.io/phpmyadmin/import.php" "Mozilla/5.0 (Windows NT 10.0; Win64; x64) AppleWebKit/537.36 (KHTML, like Gecko) Chrome/58.0.3029.110 Safari/537.36"
10.240.0.186 - - [24/May/2017:00:56:43 +0000] "GET /phpmyadmin/tbl_structure.php?db=rap&table=Rap&token=85bcd75e01a5ab4db115aca8a1520361&goto=tbl_structure.php&back=tbl_structure.php&field=Rapper&change_column=1&ajax_request=true&_nocache=1495587399021398986 HTTP/1.1" 200 39796 "https://final-nas3.c9users.io/phpmyadmin/import.php" "Mozilla/5.0 (Windows NT 10.0; Win64; x64) AppleWebKit/537.36 (KHTML, like Gecko) Chrome/58.0.3029.110 Safari/537.36"
10.240.1.64 - - [24/May/2017:01:11:26 +0000] "POST /phpmyadmin/tbl_structure.php HTTP/1.1" 200 32081 "https://final-nas3.c9users.io/phpmyadmin/import.php" "Mozilla/5.0 (Windows NT 10.0; Win64; x64) AppleWebKit/537.36 (KHTML, like Gecko) Chrome/58.0.3029.110 Safari/537.36"
10.240.0.241 - - [24/May/2017:01:11:26 +0000] "POST /phpmyadmin/navigation.php?ajax_request=1&token=85bcd75e01a5ab4db115aca8a1520361 HTTP/1.1" 200 6068 "https://final-nas3.c9users.io/phpmyadmin/import.php" "Mozilla/5.0 (Windows NT 10.0; Win64; x64) AppleWebKit/537.36 (KHTML, like Gecko) Chrome/58.0.3029.110 Safari/537.36"
10.240.0.110 - - [24/May/2017:01:11:26 +0000] "POST /phpmyadmin/tbl_structure.php HTTP/1.1" 200 28975 "https://final-nas3.c9users.io/phpmyadmin/import.php" "Mozilla/5.0 (Windows NT 10.0; Win64; x64) AppleWebKit/537.36 (KHTML, like Gecko) Chrome/58.0.3029.110 Safari/537.36"
10.240.1.17 - - [24/May/2017:01:11:32 +0000] "GET /phpmyadmin/sql.php?server=1&db=rap&table=Rap&pos=0&token=85bcd75e01a5ab4db115aca8a1520361&ajax_request=true&ajax_page_request=true&menuHashes=1dd4524f-1ffe6bb0-b11ed056&_nocache=1495588288468170359 HTTP/1.1" 200 28243 "https://final-nas3.c9users.io/phpmyadmin/import.php" "Mozilla/5.0 (Windows NT 10.0; Win64; x64) AppleWebKit/537.36 (KHTML, like Gecko) Chrome/58.0.3029.110 Safari/537.36"
10.240.1.17 - - [24/May/2017:01:11:32 +0000] "GET /phpmyadmin/index.php?ajax_request=1&recent_table=1&token=85bcd75e01a5ab4db115aca8a1520361 HTTP/1.1" 200 664 "https://final-nas3.c9users.io/phpmyadmin/import.php" "Mozilla/5.0 (Windows NT 10.0; Win64; x64) AppleWebKit/537.36 (KHTML, like Gecko) Chrome/58.0.3029.110 Safari/537.36"
10.240.1.64 - - [24/May/2017:01:11:51 +0000] "GET /phpmyadmin/tbl_change.php?db=rap&table=Rap&token=85bcd75e01a5ab4db115aca8a1520361&ajax_request=true&ajax_page_request=true&menuHashes=1dd4524f-1ffe6bb0-b11ed056&_nocache=1495588307561854055 HTTP/1.1" 200 45112 "https://final-nas3.c9users.io/phpmyadmin/import.php" "Mozilla/5.0 (Windows NT 10.0; Win64; x64) AppleWebKit/537.36 (KHTML, like Gecko) Chrome/58.0.3029.110 Safari/537.36"
10.240.1.17 - - [24/May/2017:01:11:52 +0000] "GET /phpmyadmin/index.php?ajax_request=1&recent_table=1&token=85bcd75e01a5ab4db115aca8a1520361 HTTP/1.1" 200 664 "https://final-nas3.c9users.io/phpmyadmin/import.php" "Mozilla/5.0 (Windows NT 10.0; Win64; x64) AppleWebKit/537.36 (KHTML, like Gecko) Chrome/58.0.3029.110 Safari/537.36"
10.240.0.241 - - [24/May/2017:01:12:07 +0000] "GET /phpmyadmin/tbl_select.php?db=rap&table=Rap&token=85bcd75e01a5ab4db115aca8a1520361&ajax_request=true&ajax_page_request=true&menuHashes=1dd4524f-1ffe6bb0-b11ed056-f68a5bf0&_nocache=149558832322952123 HTTP/1.1" 200 15593 "https://final-nas3.c9users.io/phpmyadmin/import.php" "Mozilla/5.0 (Windows NT 10.0; Win64; x64) AppleWebKit/537.36 (KHTML, like Gecko) Chrome/58.0.3029.110 Safari/537.36"
10.240.0.207 - - [24/May/2017:01:12:07 +0000] "GET /phpmyadmin/js/get_scripts.js.php?scripts[]=tbl_select.js HTTP/1.1" 200 8079 "https://final-nas3.c9users.io/phpmyadmin/import.php" "Mozilla/5.0 (Windows NT 10.0; Win64; x64) AppleWebKit/537.36 (KHTML, like Gecko) Chrome/58.0.3029.110 Safari/537.36"
10.240.0.241 - - [24/May/2017:01:12:07 +0000] "GET /phpmyadmin/index.php?ajax_request=1&recent_table=1&token=85bcd75e01a5ab4db115aca8a1520361 HTTP/1.1" 200 664 "https://final-nas3.c9users.io/phpmyadmin/import.php" "Mozilla/5.0 (Windows NT 10.0; Win64; x64) AppleWebKit/537.36 (KHTML, like Gecko) Chrome/58.0.3029.110 Safari/537.36"
10.240.0.241 - - [24/May/2017:01:12:08 +0000] "GET /phpmyadmin/tbl_structure.php?db=rap&table=Rap&token=85bcd75e01a5ab4db115aca8a1520361&ajax_request=true&ajax_page_request=true&menuHashes=1dd4524f-1ffe6bb0-b11ed056-f68a5bf0-dcf54d6a&_nocache=1495588324548349134 HTTP/1.1" 200 30545 "https://final-nas3.c9users.io/phpmyadmin/import.php" "Mozilla/5.0 (Windows NT 10.0; Win64; x64) AppleWebKit/537.36 (KHTML, like Gecko) Chrome/58.0.3029.110 Safari/537.36"
10.240.0.69 - - [24/May/2017:01:12:08 +0000] "GET /phpmyadmin/index.php?ajax_request=1&recent_table=1&token=85bcd75e01a5ab4db115aca8a1520361 HTTP/1.1" 200 664 "https://final-nas3.c9users.io/phpmyadmin/import.php" "Mozilla/5.0 (Windows NT 10.0; Win64; x64) AppleWebKit/537.36 (KHTML, like Gecko) Chrome/58.0.3029.110 Safari/537.36"
10.240.0.207 - - [24/May/2017:01:12:10 +0000] "GET /phpmyadmin/sql.php?db=rap&table=Rap&token=85bcd75e01a5ab4db115aca8a1520361&pos=0&ajax_request=true&ajax_page_request=true&menuHashes=1dd4524f-1ffe6bb0-b11ed056-f68a5bf0-dcf54d6a&_nocache=1495588326512881257 HTTP/1.1" 200 28241 "https://final-nas3.c9users.io/phpmyadmin/import.php" "Mozilla/5.0 (Windows NT 10.0; Win64; x64) AppleWebKit/537.36 (KHTML, like Gecko) Chrome/58.0.3029.110 Safari/537.36"
10.240.0.207 - - [24/May/2017:01:12:10 +0000] "GET /phpmyadmin/index.php?ajax_request=1&recent_table=1&token=85bcd75e01a5ab4db115aca8a1520361 HTTP/1.1" 200 664 "https://final-nas3.c9users.io/phpmyadmin/import.php" "Mozilla/5.0 (Windows NT 10.0; Win64; x64) AppleWebKit/537.36 (KHTML, like Gecko) Chrome/58.0.3029.110 Safari/537.36"
10.240.1.64 - - [24/May/2017:01:12:14 +0000] "GET /phpmyadmin/tbl_structure.php?db=rap&table=Rap&token=85bcd75e01a5ab4db115aca8a1520361&ajax_request=true&ajax_page_request=true&menuHashes=1dd4524f-1ffe6bb0-b11ed056-f68a5bf0-dcf54d6a&_nocache=1495588330735687602 HTTP/1.1" 200 30545 "https://final-nas3.c9users.io/phpmyadmin/import.php" "Mozilla/5.0 (Windows NT 10.0; Win64; x64) AppleWebKit/537.36 (KHTML, like Gecko) Chrome/58.0.3029.110 Safari/537.36"
10.240.1.20 - - [24/May/2017:01:12:15 +0000] "GET /phpmyadmin/index.php?ajax_request=1&recent_table=1&token=85bcd75e01a5ab4db115aca8a1520361 HTTP/1.1" 200 664 "https://final-nas3.c9users.io/phpmyadmin/import.php" "Mozilla/5.0 (Windows NT 10.0; Win64; x64) AppleWebKit/537.36 (KHTML, like Gecko) Chrome/58.0.3029.110 Safari/537.36"
10.240.0.110 - - [24/May/2017:03:10:08 +0000] "GET /phpmyadmin/tbl_import.php?db=rap&table=Rap&token=85bcd75e01a5ab4db115aca8a1520361&ajax_request=true&ajax_page_request=true&menuHashes=1dd4524f-1ffe6bb0-b11ed056-f68a5bf0-dcf54d6a&_nocache=1495595404681851243 HTTP/1.1" 200 784 "https://final-nas3.c9users.io/phpmyadmin/import.php" "Mozilla/5.0 (Windows NT 10.0; Win64; x64) AppleWebKit/537.36 (KHTML, like Gecko) Chrome/58.0.3029.110 Safari/537.36"
10.240.0.182 - - [24/May/2017:03:10:20 +0000] "GET /phpmyadmin HTTP/1.1" 301 613 "-" "Mozilla/5.0 (Windows NT 10.0; Win64; x64) AppleWebKit/537.36 (KHTML, like Gecko) Chrome/58.0.3029.110 Safari/537.36"
10.240.1.32 - - [24/May/2017:03:10:20 +0000] "GET /phpmyadmin/ HTTP/1.1" 200 3528 "-" "Mozilla/5.0 (Windows NT 10.0; Win64; x64) AppleWebKit/537.36 (KHTML, like Gecko) Chrome/58.0.3029.110 Safari/537.36"
10.240.0.110 - - [24/May/2017:03:10:20 +0000] "GET /phpmyadmin/themes/pmahomme/jquery/jquery-ui-1.9.2.custom.css HTTP/1.1" 200 6514 "https://final-nas3.c9users.io/phpmyadmin/" "Mozilla/5.0 (Windows NT 10.0; Win64; x64) AppleWebKit/537.36 (KHTML, like Gecko) Chrome/58.0.3029.110 Safari/537.36"
10.240.1.32 - - [24/May/2017:03:10:20 +0000] "GET /phpmyadmin/phpmyadmin.css.php?server=1&token=85bcd75e01a5ab4db115aca8a1520361&nocache=4267944632ltr HTTP/1.1" 200 17609 "https://final-nas3.c9users.io/phpmyadmin/" "Mozilla/5.0 (Windows NT 10.0; Win64; x64) AppleWebKit/537.36 (KHTML, like Gecko) Chrome/58.0.3029.110 Safari/537.36"
10.240.1.32 - - [24/May/2017:03:10:20 +0000] "GET /phpmyadmin/js/messages.php?lang=en&db=&token=85bcd75e01a5ab4db115aca8a1520361 HTTP/1.1" 200 17209 "https://final-nas3.c9users.io/phpmyadmin/" "Mozilla/5.0 (Windows NT 10.0; Win64; x64) AppleWebKit/537.36 (KHTML, like Gecko) Chrome/58.0.3029.110 Safari/537.36"
10.240.0.207 - - [24/May/2017:03:10:20 +0000] "GET /phpmyadmin/js/get_image.js.php?theme=pmahomme HTTP/1.1" 200 6653 "https://final-nas3.c9users.io/phpmyadmin/" "Mozilla/5.0 (Windows NT 10.0; Win64; x64) AppleWebKit/537.36 (KHTML, like Gecko) Chrome/58.0.3029.110 Safari/537.36"
10.240.1.32 - - [24/May/2017:03:10:20 +0000] "GET /phpmyadmin/themes/pmahomme/img/logo_right.png HTTP/1.1" 200 4578 "https://final-nas3.c9users.io/phpmyadmin/" "Mozilla/5.0 (Windows NT 10.0; Win64; x64) AppleWebKit/537.36 (KHTML, like Gecko) Chrome/58.0.3029.110 Safari/537.36"
10.240.1.32 - - [24/May/2017:03:10:21 +0000] "GET /phpmyadmin/themes/dot.gif HTTP/1.1" 200 325 "https://final-nas3.c9users.io/phpmyadmin/" "Mozilla/5.0 (Windows NT 10.0; Win64; x64) AppleWebKit/537.36 (KHTML, like Gecko) Chrome/58.0.3029.110 Safari/537.36"
10.240.1.20 - - [24/May/2017:03:10:20 +0000] "GET /phpmyadmin/js/get_scripts.js.php?scripts[]=jquery/jquery-1.8.3.min.js&scripts[]=ajax.js&scripts[]=keyhandler.js&scripts[]=jquery/jquery-ui-1.9.2.custom.min.js&scripts[]=jquery/jquery.sprintf.js&scripts[]=jquery/jquery.cookie.js&scripts[]=jquery/jquery.mousewheel.js&scripts[]=jquery/jquery.event.drag-2.2.js&scripts[]=jquery/jquery-ui-timepicker-addon.js&scripts[]=jquery/jquery.ba-hashchange-1.3.js&scripts[]=jquery/jquery.debounce-1.0.5.js&scripts[]=jquery/jquery.menuResizer-1.0.js&scripts[]=rte.js&scripts[]=functions.js&scripts[]=navigation.js&scripts[]=indexes.js&scripts[]=common.js&scripts[]=codemirror/lib/codemirror.js&scripts[]=codemirror/mode/mysql/mysql.js HTTP/1.1" 200 819108 "https://final-nas3.c9users.io/phpmyadmin/" "Mozilla/5.0 (Windows NT 10.0; Win64; x64) AppleWebKit/537.36 (KHTML, like Gecko) Chrome/58.0.3029.110 Safari/537.36"
10.240.1.32 - - [24/May/2017:03:10:22 +0000] "GET /phpmyadmin/themes/pmahomme/img/sprites.png HTTP/1.1" 200 38740 "https://final-nas3.c9users.io/phpmyadmin/phpmyadmin.css.php?server=1&token=85bcd75e01a5ab4db115aca8a1520361&nocache=4267944632ltr" "Mozilla/5.0 (Windows NT 10.0; Win64; x64) AppleWebKit/537.36 (KHTML, like Gecko) Chrome/58.0.3029.110 Safari/537.36"
10.240.0.182 - - [24/May/2017:03:10:23 +0000] "GET /phpmyadmin/favicon.ico HTTP/1.1" 200 19204 "https://final-nas3.c9users.io/phpmyadmin/" "Mozilla/5.0 (Windows NT 10.0; Win64; x64) AppleWebKit/537.36 (KHTML, like Gecko) Chrome/58.0.3029.110 Safari/537.36"
10.240.1.60 - - [24/May/2017:03:10:29 +0000] "POST /phpmyadmin/index.php HTTP/1.1" 302 559 "https://final-nas3.c9users.io/phpmyadmin/" "Mozilla/5.0 (Windows NT 10.0; Win64; x64) AppleWebKit/537.36 (KHTML, like Gecko) Chrome/58.0.3029.110 Safari/537.36"
10.240.0.186 - - [24/May/2017:03:10:29 +0000] "GET /phpmyadmin/index.php?token=85bcd75e01a5ab4db115aca8a1520361 HTTP/1.1" 200 8507 "https://final-nas3.c9users.io/phpmyadmin/" "Mozilla/5.0 (Windows NT 10.0; Win64; x64) AppleWebKit/537.36 (KHTML, like Gecko) Chrome/58.0.3029.110 Safari/537.36"
10.240.0.186 - - [24/May/2017:03:10:30 +0000] "GET /phpmyadmin/phpmyadmin.css.php?server=1&token=85bcd75e01a5ab4db115aca8a1520361&nocache=5763530662ltr HTTP/1.1" 200 17609 "https://final-nas3.c9users.io/phpmyadmin/index.php?token=85bcd75e01a5ab4db115aca8a1520361" "Mozilla/5.0 (Windows NT 10.0; Win64; x64) AppleWebKit/537.36 (KHTML, like Gecko) Chrome/58.0.3029.110 Safari/537.36"
10.240.1.60 - - [24/May/2017:03:10:30 +0000] "GET /phpmyadmin/themes/pmahomme/img/logo_left.png HTTP/1.1" 200 2561 "https://final-nas3.c9users.io/phpmyadmin/index.php?token=85bcd75e01a5ab4db115aca8a1520361" "Mozilla/5.0 (Windows NT 10.0; Win64; x64) AppleWebKit/537.36 (KHTML, like Gecko) Chrome/58.0.3029.110 Safari/537.36"
10.240.1.60 - - [24/May/2017:03:10:30 +0000] "GET /phpmyadmin/themes/pmahomme/img/ajax_clock_small.gif HTTP/1.1" 200 2095 "https://final-nas3.c9users.io/phpmyadmin/index.php?token=85bcd75e01a5ab4db115aca8a1520361" "Mozilla/5.0 (Windows NT 10.0; Win64; x64) AppleWebKit/537.36 (KHTML, like Gecko) Chrome/58.0.3029.110 Safari/537.36"
10.240.1.60 - - [24/May/2017:03:10:30 +0000] "GET /phpmyadmin/themes/pmahomme/img/left_nav_bg.png HTTP/1.1" 200 511 "https://final-nas3.c9users.io/phpmyadmin/phpmyadmin.css.php?server=1&token=85bcd75e01a5ab4db115aca8a1520361&nocache=5763530662ltr" "Mozilla/5.0 (Windows NT 10.0; Win64; x64) AppleWebKit/537.36 (KHTML, like Gecko) Chrome/58.0.3029.110 Safari/537.36"
10.240.0.186 - - [24/May/2017:03:10:32 +0000] "GET /phpmyadmin/db_structure.php?server=1&db=rap&token=85bcd75e01a5ab4db115aca8a1520361&ajax_request=true&ajax_page_request=true&menuHashes=c550ad85&_nocache=1495595428758728217 HTTP/1.1" 200 13035 "https://final-nas3.c9users.io/phpmyadmin/index.php?token=85bcd75e01a5ab4db115aca8a1520361" "Mozilla/5.0 (Windows NT 10.0; Win64; x64) AppleWebKit/537.36 (KHTML, like Gecko) Chrome/58.0.3029.110 Safari/537.36"
10.240.0.110 - - [24/May/2017:03:10:32 +0000] "GET /phpmyadmin/js/get_scripts.js.php?scripts[]=db_structure.js&scripts[]=tbl_change.js HTTP/1.1" 200 35255 "https://final-nas3.c9users.io/phpmyadmin/index.php?token=85bcd75e01a5ab4db115aca8a1520361" "Mozilla/5.0 (Windows NT 10.0; Win64; x64) AppleWebKit/537.36 (KHTML, like Gecko) Chrome/58.0.3029.110 Safari/537.36"
10.240.0.186 - - [24/May/2017:03:10:32 +0000] "GET /phpmyadmin/themes/pmahomme/img/arrow_ltr.png HTTP/1.1" 200 422 "https://final-nas3.c9users.io/phpmyadmin/index.php?token=85bcd75e01a5ab4db115aca8a1520361" "Mozilla/5.0 (Windows NT 10.0; Win64; x64) AppleWebKit/537.36 (KHTML, like Gecko) Chrome/58.0.3029.110 Safari/537.36"
10.240.1.20 - - [24/May/2017:03:10:32 +0000] "GET /phpmyadmin/navigation.php?ajax_request=1&token=85bcd75e01a5ab4db115aca8a1520361&aPath=cm9vdA%3D%3D.cmFw&vPath=cm9vdA%3D%3D.cmFw&pos=0&pos2_name=&pos2_value=&searchClause=&searchClause2=&_nocache=149559542909275472 HTTP/1.1" 200 1697 "https://final-nas3.c9users.io/phpmyadmin/index.php?token=85bcd75e01a5ab4db115aca8a1520361" "Mozilla/5.0 (Windows NT 10.0; Win64; x64) AppleWebKit/537.36 (KHTML, like Gecko) Chrome/58.0.3029.110 Safari/537.36"
10.240.0.207 - - [24/May/2017:03:10:35 +0000] "GET /phpmyadmin/db_import.php?db=rap&token=85bcd75e01a5ab4db115aca8a1520361&ajax_request=true&ajax_page_request=true&menuHashes=c550ad85-7459812c&_nocache=1495595431315567264 HTTP/1.1" 200 16488 "https://final-nas3.c9users.io/phpmyadmin/index.php?token=85bcd75e01a5ab4db115aca8a1520361" "Mozilla/5.0 (Windows NT 10.0; Win64; x64) AppleWebKit/537.36 (KHTML, like Gecko) Chrome/58.0.3029.110 Safari/537.36"
10.240.1.20 - - [24/May/2017:03:10:35 +0000] "GET /phpmyadmin/js/get_scripts.js.php?scripts[]=import.js HTTP/1.1" 200 3567 "https://final-nas3.c9users.io/phpmyadmin/index.php?token=85bcd75e01a5ab4db115aca8a1520361" "Mozilla/5.0 (Windows NT 10.0; Win64; x64) AppleWebKit/537.36 (KHTML, like Gecko) Chrome/58.0.3029.110 Safari/537.36"
10.240.0.110 - - [24/May/2017:03:10:47 +0000] "POST /phpmyadmin/import.php HTTP/1.1" 200 3950 "https://final-nas3.c9users.io/phpmyadmin/index.php?token=85bcd75e01a5ab4db115aca8a1520361" "Mozilla/5.0 (Windows NT 10.0; Win64; x64) AppleWebKit/537.36 (KHTML, like Gecko) Chrome/58.0.3029.110 Safari/537.36"
10.240.0.110 - - [24/May/2017:03:10:47 +0000] "GET /phpmyadmin/js/messages.php?lang=en&db=rap&token=85bcd75e01a5ab4db115aca8a1520361 HTTP/1.1" 200 17209 "https://final-nas3.c9users.io/phpmyadmin/import.php" "Mozilla/5.0 (Windows NT 10.0; Win64; x64) AppleWebKit/537.36 (KHTML, like Gecko) Chrome/58.0.3029.110 Safari/537.36"
10.240.0.110 - - [24/May/2017:03:10:48 +0000] "GET /phpmyadmin/navigation.php?ajax_request=1&token=85bcd75e01a5ab4db115aca8a1520361&aPath=cm9vdA%3D%3D.cmFw&vPath=cm9vdA%3D%3D.cmFw&pos=0&pos2_name=&pos2_value=&searchClause=&searchClause2=&_nocache=1495595444374838450 HTTP/1.1" 200 2514 "https://final-nas3.c9users.io/phpmyadmin/import.php" "Mozilla/5.0 (Windows NT 10.0; Win64; x64) AppleWebKit/537.36 (KHTML, like Gecko) Chrome/58.0.3029.110 Safari/537.36"
10.240.1.20 - - [24/May/2017:03:10:54 +0000] "GET /phpmyadmin/sql.php?server=1&db=rap&table=TABLE+2&pos=0&token=85bcd75e01a5ab4db115aca8a1520361&ajax_request=true&ajax_page_request=true&_nocache=1495595450326817401 HTTP/1.1" 200 30825 "https://final-nas3.c9users.io/phpmyadmin/import.php" "Mozilla/5.0 (Windows NT 10.0; Win64; x64) AppleWebKit/537.36 (KHTML, like Gecko) Chrome/58.0.3029.110 Safari/537.36"
10.240.1.19 - - [24/May/2017:03:10:54 +0000] "GET /phpmyadmin/js/get_scripts.js.php?scripts[]=tbl_change.js&scripts[]=tbl_structure.js&scripts[]=gis_data_editor.js&scripts[]=makegrid.js&scripts[]=sql.js HTTP/1.1" 200 145009 "https://final-nas3.c9users.io/phpmyadmin/import.php" "Mozilla/5.0 (Windows NT 10.0; Win64; x64) AppleWebKit/537.36 (KHTML, like Gecko) Chrome/58.0.3029.110 Safari/537.36"
10.240.0.110 - - [24/May/2017:03:10:54 +0000] "GET /phpmyadmin/index.php?ajax_request=1&recent_table=1&token=85bcd75e01a5ab4db115aca8a1520361 HTTP/1.1" 200 778 "https://final-nas3.c9users.io/phpmyadmin/import.php" "Mozilla/5.0 (Windows NT 10.0; Win64; x64) AppleWebKit/537.36 (KHTML, like Gecko) Chrome/58.0.3029.110 Safari/537.36"
10.240.1.60 - - [24/May/2017:03:10:54 +0000] "GET /phpmyadmin/themes/pmahomme/img/col_pointer.png HTTP/1.1" 200 396 "https://final-nas3.c9users.io/phpmyadmin/phpmyadmin.css.php?server=1&token=85bcd75e01a5ab4db115aca8a1520361&nocache=5763530662ltr" "Mozilla/5.0 (Windows NT 10.0; Win64; x64) AppleWebKit/537.36 (KHTML, like Gecko) Chrome/58.0.3029.110 Safari/537.36"
10.240.1.19 - - [24/May/2017:03:11:03 +0000] "GET /phpmyadmin/tbl_structure.php?db=rap&table=TABLE+2&token=85bcd75e01a5ab4db115aca8a1520361&ajax_request=true&ajax_page_request=true&menuHashes=bf1a486f&_nocache=1495595459881625041 HTTP/1.1" 200 33826 "https://final-nas3.c9users.io/phpmyadmin/import.php" "Mozilla/5.0 (Windows NT 10.0; Win64; x64) AppleWebKit/537.36 (KHTML, like Gecko) Chrome/58.0.3029.110 Safari/537.36"
10.240.0.110 - - [24/May/2017:03:11:04 +0000] "GET /phpmyadmin/index.php?ajax_request=1&recent_table=1&token=85bcd75e01a5ab4db115aca8a1520361 HTTP/1.1" 200 778 "https://final-nas3.c9users.io/phpmyadmin/import.php" "Mozilla/5.0 (Windows NT 10.0; Win64; x64) AppleWebKit/537.36 (KHTML, like Gecko) Chrome/58.0.3029.110 Safari/537.36"
10.240.0.110 - - [24/May/2017:03:11:07 +0000] "GET /phpmyadmin/sql.php?server=1&db=rap&table=Rap&pos=0&token=85bcd75e01a5ab4db115aca8a1520361&ajax_request=true&ajax_page_request=true&menuHashes=bf1a486f-90c35e60&_nocache=1495595464177334107 HTTP/1.1" 200 31431 "https://final-nas3.c9users.io/phpmyadmin/import.php" "Mozilla/5.0 (Windows NT 10.0; Win64; x64) AppleWebKit/537.36 (KHTML, like Gecko) Chrome/58.0.3029.110 Safari/537.36"
10.240.0.110 - - [24/May/2017:03:11:08 +0000] "GET /phpmyadmin/index.php?ajax_request=1&recent_table=1&token=85bcd75e01a5ab4db115aca8a1520361 HTTP/1.1" 200 778 "https://final-nas3.c9users.io/phpmyadmin/import.php" "Mozilla/5.0 (Windows NT 10.0; Win64; x64) AppleWebKit/537.36 (KHTML, like Gecko) Chrome/58.0.3029.110 Safari/537.36"
10.240.1.32 - - [24/May/2017:03:11:21 +0000] "GET /phpmyadmin/querywindow.php?token=85bcd75e01a5ab4db115aca8a1520361&server=1&db=rap&table=Rap&sql_query=SELECT%20*%20FROM%20%60Rap%60&init=1 HTTP/1.1" 200 3519 "https://final-nas3.c9users.io/phpmyadmin/import.php" "Mozilla/5.0 (Windows NT 10.0; Win64; x64) AppleWebKit/537.36 (KHTML, like Gecko) Chrome/58.0.3029.110 Safari/537.36"
10.240.1.32 - - [24/May/2017:03:11:21 +0000] "GET /phpmyadmin/js/get_scripts.js.php?scripts[]=jquery/jquery-1.8.3.min.js&scripts[]=ajax.js&scripts[]=keyhandler.js&scripts[]=jquery/jquery-ui-1.9.2.custom.min.js&scripts[]=jquery/jquery.sprintf.js&scripts[]=jquery/jquery.cookie.js&scripts[]=jquery/jquery.mousewheel.js&scripts[]=jquery/jquery.event.drag-2.2.js&scripts[]=jquery/jquery-ui-timepicker-addon.js&scripts[]=jquery/jquery.ba-hashchange-1.3.js&scripts[]=jquery/jquery.debounce-1.0.5.js&scripts[]=jquery/jquery.menuResizer-1.0.js&scripts[]=rte.js&scripts[]=functions.js&scripts[]=navigation.js&scripts[]=indexes.js&scripts[]=common.js&scripts[]=querywindow.js&scripts[]=codemirror/lib/codemirror.js&scripts[]=codemirror/mode/mysql/mysql.js HTTP/1.1" 200 819720 "https://final-nas3.c9users.io/phpmyadmin/querywindow.php?token=85bcd75e01a5ab4db115aca8a1520361&server=1&db=rap&table=Rap&sql_query=SELECT%20*%20FROM%20%60Rap%60&init=1" "Mozilla/5.0 (Windows NT 10.0; Win64; x64) AppleWebKit/537.36 (KHTML, like Gecko) Chrome/58.0.3029.110 Safari/537.36"
10.240.1.32 - - [24/May/2017:03:11:29 +0000] "GET /phpmyadmin/sql.php?server=1&db=rap&table=TABLE+2&pos=0&token=85bcd75e01a5ab4db115aca8a1520361&ajax_request=true&ajax_page_request=true&menuHashes=bf1a486f-90c35e60-1dd4524f&_nocache=1495595485850155401 HTTP/1.1" 200 27584 "https://final-nas3.c9users.io/phpmyadmin/import.php" "Mozilla/5.0 (Windows NT 10.0; Win64; x64) AppleWebKit/537.36 (KHTML, like Gecko) Chrome/58.0.3029.110 Safari/537.36"
10.240.1.32 - - [24/May/2017:03:11:29 +0000] "GET /phpmyadmin/index.php?ajax_request=1&recent_table=1&token=85bcd75e01a5ab4db115aca8a1520361 HTTP/1.1" 200 778 "https://final-nas3.c9users.io/phpmyadmin/import.php" "Mozilla/5.0 (Windows NT 10.0; Win64; x64) AppleWebKit/537.36 (KHTML, like Gecko) Chrome/58.0.3029.110 Safari/537.36"
10.240.1.32 - - [24/May/2017:03:11:48 +0000] "GET /phpmyadmin/sql.php?server=1&db=rap&table=TABLE+2&pos=0&token=85bcd75e01a5ab4db115aca8a1520361&ajax_request=true&ajax_page_request=true&menuHashes=bf1a486f-90c35e60-1dd4524f&_nocache=1495595504772245189 HTTP/1.1" 200 27584 "https://final-nas3.c9users.io/phpmyadmin/import.php" "Mozilla/5.0 (Windows NT 10.0; Win64; x64) AppleWebKit/537.36 (KHTML, like Gecko) Chrome/58.0.3029.110 Safari/537.36"
10.240.1.32 - - [24/May/2017:03:11:48 +0000] "GET /phpmyadmin/index.php?ajax_request=1&recent_table=1&token=85bcd75e01a5ab4db115aca8a1520361 HTTP/1.1" 200 778 "https://final-nas3.c9users.io/phpmyadmin/import.php" "Mozilla/5.0 (Windows NT 10.0; Win64; x64) AppleWebKit/537.36 (KHTML, like Gecko) Chrome/58.0.3029.110 Safari/537.36"
10.240.1.32 - - [24/May/2017:03:11:51 +0000] "GET /phpmyadmin/tbl_structure.php?db=rap&table=TABLE+2&token=85bcd75e01a5ab4db115aca8a1520361&ajax_request=true&ajax_page_request=true&menuHashes=bf1a486f-90c35e60-1dd4524f&_nocache=149559550744590403 HTTP/1.1" 200 30585 "https://final-nas3.c9users.io/phpmyadmin/import.php" "Mozilla/5.0 (Windows NT 10.0; Win64; x64) AppleWebKit/537.36 (KHTML, like Gecko) Chrome/58.0.3029.110 Safari/537.36"
10.240.1.32 - - [24/May/2017:03:11:51 +0000] "GET /phpmyadmin/index.php?ajax_request=1&recent_table=1&token=85bcd75e01a5ab4db115aca8a1520361 HTTP/1.1" 200 778 "https://final-nas3.c9users.io/phpmyadmin/import.php" "Mozilla/5.0 (Windows NT 10.0; Win64; x64) AppleWebKit/537.36 (KHTML, like Gecko) Chrome/58.0.3029.110 Safari/537.36"
10.240.1.20 - - [24/May/2017:03:12:02 +0000] "GET /phpmyadmin/sql.php?db=rap&table=TABLE+2&token=85bcd75e01a5ab4db115aca8a1520361&ajax_request=true&ajax_page_request=true&menuHashes=bf1a486f-90c35e60-1dd4524f&_nocache=1495595518472171140 HTTP/1.1" 200 27582 "https://final-nas3.c9users.io/phpmyadmin/import.php" "Mozilla/5.0 (Windows NT 10.0; Win64; x64) AppleWebKit/537.36 (KHTML, like Gecko) Chrome/58.0.3029.110 Safari/537.36"
10.240.0.241 - - [24/May/2017:03:12:02 +0000] "GET /phpmyadmin/index.php?ajax_request=1&recent_table=1&token=85bcd75e01a5ab4db115aca8a1520361 HTTP/1.1" 200 778 "https://final-nas3.c9users.io/phpmyadmin/import.php" "Mozilla/5.0 (Windows NT 10.0; Win64; x64) AppleWebKit/537.36 (KHTML, like Gecko) Chrome/58.0.3029.110 Safari/537.36"
10.240.0.206 - - [24/May/2017:03:12:05 +0000] "GET /phpmyadmin/sql.php?server=1&db=rap&table=Rap&pos=0&token=85bcd75e01a5ab4db115aca8a1520361&ajax_request=true&ajax_page_request=true&menuHashes=bf1a486f-90c35e60-1dd4524f&_nocache=1495595521816498378 HTTP/1.1" 200 28243 "https://final-nas3.c9users.io/phpmyadmin/import.php" "Mozilla/5.0 (Windows NT 10.0; Win64; x64) AppleWebKit/537.36 (KHTML, like Gecko) Chrome/58.0.3029.110 Safari/537.36"
10.240.1.32 - - [24/May/2017:03:12:05 +0000] "GET /phpmyadmin/index.php?ajax_request=1&recent_table=1&token=85bcd75e01a5ab4db115aca8a1520361 HTTP/1.1" 200 778 "https://final-nas3.c9users.io/phpmyadmin/import.php" "Mozilla/5.0 (Windows NT 10.0; Win64; x64) AppleWebKit/537.36 (KHTML, like Gecko) Chrome/58.0.3029.110 Safari/537.36"
10.240.0.110 - - [24/May/2017:03:12:06 +0000] "GET /phpmyadmin/sql.php?server=1&db=rap&table=Rap&pos=0&token=85bcd75e01a5ab4db115aca8a1520361&ajax_request=true&ajax_page_request=true&menuHashes=bf1a486f-90c35e60-1dd4524f&_nocache=1495595523056277591 HTTP/1.1" 200 28243 "https://final-nas3.c9users.io/phpmyadmin/import.php" "Mozilla/5.0 (Windows NT 10.0; Win64; x64) AppleWebKit/537.36 (KHTML, like Gecko) Chrome/58.0.3029.110 Safari/537.36"
10.240.1.32 - - [24/May/2017:03:12:07 +0000] "GET /phpmyadmin/index.php?ajax_request=1&recent_table=1&token=85bcd75e01a5ab4db115aca8a1520361 HTTP/1.1" 200 778 "https://final-nas3.c9users.io/phpmyadmin/import.php" "Mozilla/5.0 (Windows NT 10.0; Win64; x64) AppleWebKit/537.36 (KHTML, like Gecko) Chrome/58.0.3029.110 Safari/537.36"
10.240.0.187 - - [24/May/2017:03:12:07 +0000] "GET /phpmyadmin/sql.php?server=1&db=rap&table=Rap&pos=0&token=85bcd75e01a5ab4db115aca8a1520361&ajax_request=true&ajax_page_request=true&menuHashes=bf1a486f-90c35e60-1dd4524f&_nocache=1495595523493611091 HTTP/1.1" 200 28243 "https://final-nas3.c9users.io/phpmyadmin/import.php" "Mozilla/5.0 (Windows NT 10.0; Win64; x64) AppleWebKit/537.36 (KHTML, like Gecko) Chrome/58.0.3029.110 Safari/537.36"
10.240.1.15 - - [24/May/2017:03:12:07 +0000] "GET /phpmyadmin/index.php?ajax_request=1&recent_table=1&token=85bcd75e01a5ab4db115aca8a1520361 HTTP/1.1" 200 778 "https://final-nas3.c9users.io/phpmyadmin/import.php" "Mozilla/5.0 (Windows NT 10.0; Win64; x64) AppleWebKit/537.36 (KHTML, like Gecko) Chrome/58.0.3029.110 Safari/537.36"
10.240.1.32 - - [24/May/2017:03:12:15 +0000] "GET /phpmyadmin/tbl_structure.php?db=rap&table=Rap&token=85bcd75e01a5ab4db115aca8a1520361&ajax_request=true&ajax_page_request=true&menuHashes=bf1a486f-90c35e60-1dd4524f&_nocache=1495595531904337599 HTTP/1.1" 200 33733 "https://final-nas3.c9users.io/phpmyadmin/import.php" "Mozilla/5.0 (Windows NT 10.0; Win64; x64) AppleWebKit/537.36 (KHTML, like Gecko) Chrome/58.0.3029.110 Safari/537.36"
10.240.0.206 - - [24/May/2017:03:12:16 +0000] "GET /phpmyadmin/index.php?ajax_request=1&recent_table=1&token=85bcd75e01a5ab4db115aca8a1520361 HTTP/1.1" 200 778 "https://final-nas3.c9users.io/phpmyadmin/import.php" "Mozilla/5.0 (Windows NT 10.0; Win64; x64) AppleWebKit/537.36 (KHTML, like Gecko) Chrome/58.0.3029.110 Safari/537.36"
10.240.0.241 - - [24/May/2017:03:12:18 +0000] "GET /phpmyadmin/themes/pmahomme/jquery/images/ui-bg_flat_75_ffffff_40x100.png HTTP/1.1" 200 368 "https://final-nas3.c9users.io/phpmyadmin/themes/pmahomme/jquery/jquery-ui-1.9.2.custom.css" "Mozilla/5.0 (Windows NT 10.0; Win64; x64) AppleWebKit/537.36 (KHTML, like Gecko) Chrome/58.0.3029.110 Safari/537.36"
10.240.0.241 - - [24/May/2017:03:12:18 +0000] "GET /phpmyadmin/themes/pmahomme/jquery/images/ui-icons_222222_256x240.png HTTP/1.1" 200 3999 "https://final-nas3.c9users.io/phpmyadmin/themes/pmahomme/jquery/jquery-ui-1.9.2.custom.css" "Mozilla/5.0 (Windows NT 10.0; Win64; x64) AppleWebKit/537.36 (KHTML, like Gecko) Chrome/58.0.3029.110 Safari/537.36"
10.240.0.241 - - [24/May/2017:03:12:18 +0000] "GET /phpmyadmin/themes/pmahomme/jquery/images/ui-bg_highlight-soft_75_cccccc_1x100.png HTTP/1.1" 200 368 "https://final-nas3.c9users.io/phpmyadmin/themes/pmahomme/jquery/jquery-ui-1.9.2.custom.css" "Mozilla/5.0 (Windows NT 10.0; Win64; x64) AppleWebKit/537.36 (KHTML, like Gecko) Chrome/58.0.3029.110 Safari/537.36"
10.240.0.110 - - [24/May/2017:03:12:18 +0000] "GET /phpmyadmin/themes/pmahomme/jquery/images/ui-bg_glass_75_e6e6e6_1x400.png HTTP/1.1" 200 393 "https://final-nas3.c9users.io/phpmyadmin/themes/pmahomme/jquery/jquery-ui-1.9.2.custom.css" "Mozilla/5.0 (Windows NT 10.0; Win64; x64) AppleWebKit/537.36 (KHTML, like Gecko) Chrome/58.0.3029.110 Safari/537.36"
10.240.0.206 - - [24/May/2017:03:12:18 +0000] "GET /phpmyadmin/themes/pmahomme/jquery/images/ui-bg_glass_75_dadada_1x400.png HTTP/1.1" 200 442 "https://final-nas3.c9users.io/phpmyadmin/themes/pmahomme/jquery/jquery-ui-1.9.2.custom.css" "Mozilla/5.0 (Windows NT 10.0; Win64; x64) AppleWebKit/537.36 (KHTML, like Gecko) Chrome/58.0.3029.110 Safari/537.36"
10.240.0.241 - - [24/May/2017:03:12:18 +0000] "GET /phpmyadmin/themes/pmahomme/jquery/images/ui-bg_flat_0_aaaaaa_40x100.png HTTP/1.1" 200 368 "https://final-nas3.c9users.io/phpmyadmin/themes/pmahomme/jquery/jquery-ui-1.9.2.custom.css" "Mozilla/5.0 (Windows NT 10.0; Win64; x64) AppleWebKit/537.36 (KHTML, like Gecko) Chrome/58.0.3029.110 Safari/537.36"
10.240.0.241 - - [24/May/2017:03:12:19 +0000] "GET /phpmyadmin/themes/pmahomme/jquery/images/ui-bg_glass_65_ffffff_1x400.png HTTP/1.1" 200 379 "https://final-nas3.c9users.io/phpmyadmin/themes/pmahomme/jquery/jquery-ui-1.9.2.custom.css" "Mozilla/5.0 (Windows NT 10.0; Win64; x64) AppleWebKit/537.36 (KHTML, like Gecko) Chrome/58.0.3029.110 Safari/537.36"
10.240.0.241 - - [24/May/2017:03:12:20 +0000] "GET /phpmyadmin/sql.php?db=rap&table=Rap&token=85bcd75e01a5ab4db115aca8a1520361&goto=tbl_structure.php&back=tbl_structure.php&sql_query=ALTER+TABLE+%60Rap%60+DROP+%60Rapper%60%3B&dropped_column=Rapper&message_to_show=Column+Rapper+has+been+dropped&is_js_confirmed=1&ajax_request=true&ajax_page_request=true&_nocache=1495595536352873801 HTTP/1.1" 200 33776 "https://final-nas3.c9users.io/phpmyadmin/import.php" "Mozilla/5.0 (Windows NT 10.0; Win64; x64) AppleWebKit/537.36 (KHTML, like Gecko) Chrome/58.0.3029.110 Safari/537.36"
10.240.1.19 - - [24/May/2017:03:12:21 +0000] "POST /phpmyadmin/navigation.php?ajax_request=1&token=85bcd75e01a5ab4db115aca8a1520361 HTTP/1.1" 200 6891 "https://final-nas3.c9users.io/phpmyadmin/import.php" "Mozilla/5.0 (Windows NT 10.0; Win64; x64) AppleWebKit/537.36 (KHTML, like Gecko) Chrome/58.0.3029.110 Safari/537.36"
10.240.1.19 - - [24/May/2017:03:12:23 +0000] "GET /phpmyadmin/sql.php?db=rap&table=Rap&token=85bcd75e01a5ab4db115aca8a1520361&goto=tbl_structure.php&back=tbl_structure.php&sql_query=ALTER+TABLE+%60Rap%60+DROP+%60Song%60%3B&dropped_column=Song&message_to_show=Column+Song+has+been+dropped&is_js_confirmed=1&ajax_request=true&ajax_page_request=true&_nocache=1495595540189836615 HTTP/1.1" 200 30110 "https://final-nas3.c9users.io/phpmyadmin/import.php" "Mozilla/5.0 (Windows NT 10.0; Win64; x64) AppleWebKit/537.36 (KHTML, like Gecko) Chrome/58.0.3029.110 Safari/537.36"
10.240.1.19 - - [24/May/2017:03:12:24 +0000] "POST /phpmyadmin/navigation.php?ajax_request=1&token=85bcd75e01a5ab4db115aca8a1520361 HTTP/1.1" 200 6891 "https://final-nas3.c9users.io/phpmyadmin/import.php" "Mozilla/5.0 (Windows NT 10.0; Win64; x64) AppleWebKit/537.36 (KHTML, like Gecko) Chrome/58.0.3029.110 Safari/537.36"
10.240.0.241 - - [24/May/2017:03:12:26 +0000] "GET /phpmyadmin/sql.php?db=rap&table=Rap&token=85bcd75e01a5ab4db115aca8a1520361&goto=tbl_structure.php&back=tbl_structure.php&sql_query=ALTER+TABLE+%60Rap%60+DROP+%60Personality%60%3B&dropped_column=Personality&message_to_show=Column+Personality+has+been+dropped&is_js_confirmed=1&ajax_request=true&ajax_page_request=true&_nocache=1495595543146296311 HTTP/1.1" 200 26425 "https://final-nas3.c9users.io/phpmyadmin/import.php" "Mozilla/5.0 (Windows NT 10.0; Win64; x64) AppleWebKit/537.36 (KHTML, like Gecko) Chrome/58.0.3029.110 Safari/537.36"
10.240.0.241 - - [24/May/2017:03:12:27 +0000] "POST /phpmyadmin/navigation.php?ajax_request=1&token=85bcd75e01a5ab4db115aca8a1520361 HTTP/1.1" 200 6891 "https://final-nas3.c9users.io/phpmyadmin/import.php" "Mozilla/5.0 (Windows NT 10.0; Win64; x64) AppleWebKit/537.36 (KHTML, like Gecko) Chrome/58.0.3029.110 Safari/537.36"
10.240.0.241 - - [24/May/2017:03:12:29 +0000] "GET /phpmyadmin/sql.php?db=rap&table=Rap&token=85bcd75e01a5ab4db115aca8a1520361&goto=tbl_structure.php&back=tbl_structure.php&sql_query=ALTER+TABLE+%60Rap%60+DROP+%60Song+Source%60%3B&dropped_column=Song+Source&message_to_show=Column+Song+Source+has+been+dropped&is_js_confirmed=1&ajax_request=true&ajax_page_request=true&_nocache=1495595545578818043 HTTP/1.1" 200 22662 "https://final-nas3.c9users.io/phpmyadmin/import.php" "Mozilla/5.0 (Windows NT 10.0; Win64; x64) AppleWebKit/537.36 (KHTML, like Gecko) Chrome/58.0.3029.110 Safari/537.36"
10.240.0.241 - - [24/May/2017:03:12:29 +0000] "POST /phpmyadmin/navigation.php?ajax_request=1&token=85bcd75e01a5ab4db115aca8a1520361 HTTP/1.1" 200 6891 "https://final-nas3.c9users.io/phpmyadmin/import.php" "Mozilla/5.0 (Windows NT 10.0; Win64; x64) AppleWebKit/537.36 (KHTML, like Gecko) Chrome/58.0.3029.110 Safari/537.36"
10.240.0.241 - - [24/May/2017:03:12:34 +0000] "GET /phpmyadmin/sql.php?db=rap&table=Rap&token=85bcd75e01a5ab4db115aca8a1520361&goto=tbl_structure.php&back=tbl_structure.php&sql_query=ALTER+TABLE+%60Rap%60+DROP+%60Image+Source%60%3B&dropped_column=Image+Source&message_to_show=Column+Image+Source+has+been+dropped&is_js_confirmed=1&ajax_request=true&ajax_page_request=true&_nocache=1495595550470201544 HTTP/1.1" 200 570 "https://final-nas3.c9users.io/phpmyadmin/import.php" "Mozilla/5.0 (Windows NT 10.0; Win64; x64) AppleWebKit/537.36 (KHTML, like Gecko) Chrome/58.0.3029.110 Safari/537.36"
10.240.1.32 - - [24/May/2017:03:12:41 +0000] "GET /phpmyadmin/sql.php?server=1&db=rap&table=TABLE+2&pos=0&token=85bcd75e01a5ab4db115aca8a1520361&ajax_request=true&ajax_page_request=true&menuHashes=bf1a486f-90c35e60-1dd4524f-1ffe6bb0&_nocache=1495595557078590054 HTTP/1.1" 200 27584 "https://final-nas3.c9users.io/phpmyadmin/import.php" "Mozilla/5.0 (Windows NT 10.0; Win64; x64) AppleWebKit/537.36 (KHTML, like Gecko) Chrome/58.0.3029.110 Safari/537.36"
10.240.1.32 - - [24/May/2017:03:12:41 +0000] "GET /phpmyadmin/index.php?ajax_request=1&recent_table=1&token=85bcd75e01a5ab4db115aca8a1520361 HTTP/1.1" 200 778 "https://final-nas3.c9users.io/phpmyadmin/import.php" "Mozilla/5.0 (Windows NT 10.0; Win64; x64) AppleWebKit/537.36 (KHTML, like Gecko) Chrome/58.0.3029.110 Safari/537.36"
10.240.1.19 - - [24/May/2017:03:12:57 +0000] "GET /phpmyadmin/ HTTP/1.1" 200 8524 "-" "Mozilla/5.0 (Windows NT 10.0; Win64; x64) AppleWebKit/537.36 (KHTML, like Gecko) Chrome/58.0.3029.110 Safari/537.36"
10.240.0.119 - - [24/May/2017:03:14:36 +0000] "GET /phpmyadmin HTTP/1.1" 301 613 "-" "Mozilla/5.0 (Windows NT 10.0; Win64; x64) AppleWebKit/537.36 (KHTML, like Gecko) Chrome/58.0.3029.110 Safari/537.36"
10.240.1.15 - - [24/May/2017:03:14:36 +0000] "GET /phpmyadmin/ HTTP/1.1" 200 4000 "-" "Mozilla/5.0 (Windows NT 10.0; Win64; x64) AppleWebKit/537.36 (KHTML, like Gecko) Chrome/58.0.3029.110 Safari/537.36"
10.240.0.69 - - [24/May/2017:03:14:36 +0000] "GET /phpmyadmin/themes/pmahomme/jquery/jquery-ui-1.9.2.custom.css HTTP/1.1" 200 6514 "https://final-nas3.c9users.io/phpmyadmin/" "Mozilla/5.0 (Windows NT 10.0; Win64; x64) AppleWebKit/537.36 (KHTML, like Gecko) Chrome/58.0.3029.110 Safari/537.36"
10.240.1.19 - - [24/May/2017:03:14:36 +0000] "GET /phpmyadmin/phpmyadmin.css.php?server=1&lang=en&collation_connection=utf8_general_ci&token=9c8105e2b60dfcaf9e63c97cf09dac51&nocache=4267944632ltr HTTP/1.1" 200 17609 "https://final-nas3.c9users.io/phpmyadmin/" "Mozilla/5.0 (Windows NT 10.0; Win64; x64) AppleWebKit/537.36 (KHTML, like Gecko) Chrome/58.0.3029.110 Safari/537.36"
10.240.0.69 - - [24/May/2017:03:14:36 +0000] "GET /phpmyadmin/js/messages.php?lang=en&db=&collation_connection=utf8_general_ci&token=9c8105e2b60dfcaf9e63c97cf09dac51 HTTP/1.1" 200 17209 "https://final-nas3.c9users.io/phpmyadmin/" "Mozilla/5.0 (Windows NT 10.0; Win64; x64) AppleWebKit/537.36 (KHTML, like Gecko) Chrome/58.0.3029.110 Safari/537.36"
10.240.1.19 - - [24/May/2017:03:14:36 +0000] "GET /phpmyadmin/js/get_image.js.php?theme=pmahomme HTTP/1.1" 200 6653 "https://final-nas3.c9users.io/phpmyadmin/" "Mozilla/5.0 (Windows NT 10.0; Win64; x64) AppleWebKit/537.36 (KHTML, like Gecko) Chrome/58.0.3029.110 Safari/537.36"
10.240.0.119 - - [24/May/2017:03:14:36 +0000] "GET /phpmyadmin/themes/pmahomme/img/logo_right.png HTTP/1.1" 200 4578 "https://final-nas3.c9users.io/phpmyadmin/" "Mozilla/5.0 (Windows NT 10.0; Win64; x64) AppleWebKit/537.36 (KHTML, like Gecko) Chrome/58.0.3029.110 Safari/537.36"
10.240.1.19 - - [24/May/2017:03:14:36 +0000] "GET /phpmyadmin/themes/dot.gif HTTP/1.1" 200 325 "https://final-nas3.c9users.io/phpmyadmin/" "Mozilla/5.0 (Windows NT 10.0; Win64; x64) AppleWebKit/537.36 (KHTML, like Gecko) Chrome/58.0.3029.110 Safari/537.36"
10.240.1.15 - - [24/May/2017:03:14:36 +0000] "GET /phpmyadmin/js/get_scripts.js.php?scripts[]=jquery/jquery-1.8.3.min.js&scripts[]=ajax.js&scripts[]=keyhandler.js&scripts[]=jquery/jquery-ui-1.9.2.custom.min.js&scripts[]=jquery/jquery.sprintf.js&scripts[]=jquery/jquery.cookie.js&scripts[]=jquery/jquery.mousewheel.js&scripts[]=jquery/jquery.event.drag-2.2.js&scripts[]=jquery/jquery-ui-timepicker-addon.js&scripts[]=jquery/jquery.ba-hashchange-1.3.js&scripts[]=jquery/jquery.debounce-1.0.5.js&scripts[]=jquery/jquery.menuResizer-1.0.js&scripts[]=rte.js&scripts[]=functions.js&scripts[]=navigation.js&scripts[]=indexes.js&scripts[]=common.js&scripts[]=codemirror/lib/codemirror.js&scripts[]=codemirror/mode/mysql/mysql.js HTTP/1.1" 200 819108 "https://final-nas3.c9users.io/phpmyadmin/" "Mozilla/5.0 (Windows NT 10.0; Win64; x64) AppleWebKit/537.36 (KHTML, like Gecko) Chrome/58.0.3029.110 Safari/537.36"
10.240.0.119 - - [24/May/2017:03:14:37 +0000] "GET /phpmyadmin/themes/pmahomme/img/sprites.png HTTP/1.1" 200 38740 "https://final-nas3.c9users.io/phpmyadmin/phpmyadmin.css.php?server=1&lang=en&collation_connection=utf8_general_ci&token=9c8105e2b60dfcaf9e63c97cf09dac51&nocache=4267944632ltr" "Mozilla/5.0 (Windows NT 10.0; Win64; x64) AppleWebKit/537.36 (KHTML, like Gecko) Chrome/58.0.3029.110 Safari/537.36"
10.240.1.15 - - [24/May/2017:03:14:37 +0000] "GET /phpmyadmin/favicon.ico HTTP/1.1" 200 19204 "https://final-nas3.c9users.io/phpmyadmin/" "Mozilla/5.0 (Windows NT 10.0; Win64; x64) AppleWebKit/537.36 (KHTML, like Gecko) Chrome/58.0.3029.110 Safari/537.36"
10.240.0.207 - - [24/May/2017:03:14:41 +0000] "POST /phpmyadmin/index.php HTTP/1.1" 302 694 "https://final-nas3.c9users.io/phpmyadmin/" "Mozilla/5.0 (Windows NT 10.0; Win64; x64) AppleWebKit/537.36 (KHTML, like Gecko) Chrome/58.0.3029.110 Safari/537.36"
10.240.0.204 - - [24/May/2017:03:14:42 +0000] "GET /phpmyadmin/index.php?token=9c8105e2b60dfcaf9e63c97cf09dac51 HTTP/1.1" 200 8524 "https://final-nas3.c9users.io/phpmyadmin/" "Mozilla/5.0 (Windows NT 10.0; Win64; x64) AppleWebKit/537.36 (KHTML, like Gecko) Chrome/58.0.3029.110 Safari/537.36"
10.240.1.15 - - [24/May/2017:03:14:42 +0000] "GET /phpmyadmin/phpmyadmin.css.php?server=1&token=9c8105e2b60dfcaf9e63c97cf09dac51&nocache=5763540314ltr HTTP/1.1" 200 17609 "https://final-nas3.c9users.io/phpmyadmin/index.php?token=9c8105e2b60dfcaf9e63c97cf09dac51" "Mozilla/5.0 (Windows NT 10.0; Win64; x64) AppleWebKit/537.36 (KHTML, like Gecko) Chrome/58.0.3029.110 Safari/537.36"
