10.240.0.119 - - [24/May/2017:03:14:42 +0000] "GET /phpmyadmin/js/messages.php?lang=en&db=&token=9c8105e2b60dfcaf9e63c97cf09dac51 HTTP/1.1" 200 17209 "https://final-nas3.c9users.io/phpmyadmin/index.php?token=9c8105e2b60dfcaf9e63c97cf09dac51" "Mozilla/5.0 (Windows NT 10.0; Win64; x64) AppleWebKit/537.36 (KHTML, like Gecko) Chrome/58.0.3029.110 Safari/537.36"
10.240.0.207 - - [24/May/2017:03:14:42 +0000] "GET /phpmyadmin/themes/pmahomme/img/logo_left.png HTTP/1.1" 200 2561 "https://final-nas3.c9users.io/phpmyadmin/index.php?token=9c8105e2b60dfcaf9e63c97cf09dac51" "Mozilla/5.0 (Windows NT 10.0; Win64; x64) AppleWebKit/537.36 (KHTML, like Gecko) Chrome/58.0.3029.110 Safari/537.36"
10.240.0.69 - - [24/May/2017:03:14:42 +0000] "GET /phpmyadmin/themes/pmahomme/img/ajax_clock_small.gif HTTP/1.1" 200 2095 "https://final-nas3.c9users.io/phpmyadmin/index.php?token=9c8105e2b60dfcaf9e63c97cf09dac51" "Mozilla/5.0 (Windows NT 10.0; Win64; x64) AppleWebKit/537.36 (KHTML, like Gecko) Chrome/58.0.3029.110 Safari/537.36"
10.240.0.204 - - [24/May/2017:03:14:42 +0000] "GET /phpmyadmin/themes/pmahomme/img/left_nav_bg.png HTTP/1.1" 200 511 "https://final-nas3.c9users.io/phpmyadmin/phpmyadmin.css.php?server=1&token=9c8105e2b60dfcaf9e63c97cf09dac51&nocache=5763540314ltr" "Mozilla/5.0 (Windows NT 10.0; Win64; x64) AppleWebKit/537.36 (KHTML, like Gecko) Chrome/58.0.3029.110 Safari/537.36"
10.240.0.119 - - [24/May/2017:03:14:44 +0000] "GET /phpmyadmin/db_structure.php?server=1&db=rap&token=9c8105e2b60dfcaf9e63c97cf09dac51&ajax_request=true&ajax_page_request=true&menuHashes=cebaa751&_nocache=1495595680536562935 HTTP/1.1" 200 15781 "https://final-nas3.c9users.io/phpmyadmin/index.php?token=9c8105e2b60dfcaf9e63c97cf09dac51" "Mozilla/5.0 (Windows NT 10.0; Win64; x64) AppleWebKit/537.36 (KHTML, like Gecko) Chrome/58.0.3029.110 Safari/537.36"
10.240.0.204 - - [24/May/2017:03:14:44 +0000] "GET /phpmyadmin/js/get_scripts.js.php?scripts[]=db_structure.js&scripts[]=tbl_change.js HTTP/1.1" 200 35255 "https://final-nas3.c9users.io/phpmyadmin/index.php?token=9c8105e2b60dfcaf9e63c97cf09dac51" "Mozilla/5.0 (Windows NT 10.0; Win64; x64) AppleWebKit/537.36 (KHTML, like Gecko) Chrome/58.0.3029.110 Safari/537.36"
10.240.0.119 - - [24/May/2017:03:14:44 +0000] "GET /phpmyadmin/navigation.php?ajax_request=1&token=9c8105e2b60dfcaf9e63c97cf09dac51&aPath=cm9vdA%3D%3D.cmFw&vPath=cm9vdA%3D%3D.cmFw&pos=0&pos2_name=&pos2_value=&searchClause=&searchClause2=&_nocache=1495595680923892111 HTTP/1.1" 200 2514 "https://final-nas3.c9users.io/phpmyadmin/index.php?token=9c8105e2b60dfcaf9e63c97cf09dac51" "Mozilla/5.0 (Windows NT 10.0; Win64; x64) AppleWebKit/537.36 (KHTML, like Gecko) Chrome/58.0.3029.110 Safari/537.36"
10.240.1.15 - - [24/May/2017:03:14:45 +0000] "GET /phpmyadmin/themes/pmahomme/img/arrow_ltr.png HTTP/1.1" 200 422 "https://final-nas3.c9users.io/phpmyadmin/index.php?token=9c8105e2b60dfcaf9e63c97cf09dac51" "Mozilla/5.0 (Windows NT 10.0; Win64; x64) AppleWebKit/537.36 (KHTML, like Gecko) Chrome/58.0.3029.110 Safari/537.36"
10.240.0.182 - - [24/May/2017:03:14:46 +0000] "GET /phpmyadmin/sql.php?server=1&db=rap&table=TABLE+2&pos=0&token=9c8105e2b60dfcaf9e63c97cf09dac51&ajax_request=true&ajax_page_request=true&menuHashes=cebaa751-f8f9315d&_nocache=1495595682650392705 HTTP/1.1" 200 30825 "https://final-nas3.c9users.io/phpmyadmin/index.php?token=9c8105e2b60dfcaf9e63c97cf09dac51" "Mozilla/5.0 (Windows NT 10.0; Win64; x64) AppleWebKit/537.36 (KHTML, like Gecko) Chrome/58.0.3029.110 Safari/537.36"
10.240.1.32 - - [24/May/2017:03:14:47 +0000] "GET /phpmyadmin/js/get_scripts.js.php?scripts[]=tbl_structure.js&scripts[]=gis_data_editor.js&scripts[]=makegrid.js&scripts[]=sql.js HTTP/1.1" 200 125119 "https://final-nas3.c9users.io/phpmyadmin/index.php?token=9c8105e2b60dfcaf9e63c97cf09dac51" "Mozilla/5.0 (Windows NT 10.0; Win64; x64) AppleWebKit/537.36 (KHTML, like Gecko) Chrome/58.0.3029.110 Safari/537.36"
10.240.1.19 - - [24/May/2017:03:14:47 +0000] "GET /phpmyadmin/index.php?ajax_request=1&recent_table=1&token=9c8105e2b60dfcaf9e63c97cf09dac51 HTTP/1.1" 200 778 "https://final-nas3.c9users.io/phpmyadmin/index.php?token=9c8105e2b60dfcaf9e63c97cf09dac51" "Mozilla/5.0 (Windows NT 10.0; Win64; x64) AppleWebKit/537.36 (KHTML, like Gecko) Chrome/58.0.3029.110 Safari/537.36"
10.240.1.19 - - [24/May/2017:03:14:47 +0000] "GET /phpmyadmin/themes/pmahomme/img/col_pointer.png HTTP/1.1" 200 396 "https://final-nas3.c9users.io/phpmyadmin/phpmyadmin.css.php?server=1&token=9c8105e2b60dfcaf9e63c97cf09dac51&nocache=5763540314ltr" "Mozilla/5.0 (Windows NT 10.0; Win64; x64) AppleWebKit/537.36 (KHTML, like Gecko) Chrome/58.0.3029.110 Safari/537.36"
10.240.1.20 - - [24/May/2017:03:14:48 +0000] "GET /phpmyadmin/db_structure.php?server=1&db=rap&token=9c8105e2b60dfcaf9e63c97cf09dac51&ajax_request=true&ajax_page_request=true&menuHashes=cebaa751-f8f9315d-9e067d98&_nocache=1495595685212486554 HTTP/1.1" 200 12315 "https://final-nas3.c9users.io/phpmyadmin/index.php?token=9c8105e2b60dfcaf9e63c97cf09dac51" "Mozilla/5.0 (Windows NT 10.0; Win64; x64) AppleWebKit/537.36 (KHTML, like Gecko) Chrome/58.0.3029.110 Safari/537.36"
10.240.0.69 - - [24/May/2017:03:14:53 +0000] "GET /phpmyadmin/sql.php?db=rap&token=9c8105e2b60dfcaf9e63c97cf09dac51&goto=db_structure.php&table=TABLE+2&pos=0&ajax_request=true&ajax_page_request=true&menuHashes=cebaa751-f8f9315d-9e067d98&_nocache=1495595690049722153 HTTP/1.1" 200 27582 "https://final-nas3.c9users.io/phpmyadmin/index.php?token=9c8105e2b60dfcaf9e63c97cf09dac51" "Mozilla/5.0 (Windows NT 10.0; Win64; x64) AppleWebKit/537.36 (KHTML, like Gecko) Chrome/58.0.3029.110 Safari/537.36"
10.240.0.69 - - [24/May/2017:03:14:54 +0000] "GET /phpmyadmin/index.php?ajax_request=1&recent_table=1&token=9c8105e2b60dfcaf9e63c97cf09dac51 HTTP/1.1" 200 778 "https://final-nas3.c9users.io/phpmyadmin/index.php?token=9c8105e2b60dfcaf9e63c97cf09dac51" "Mozilla/5.0 (Windows NT 10.0; Win64; x64) AppleWebKit/537.36 (KHTML, like Gecko) Chrome/58.0.3029.110 Safari/537.36"
10.240.0.179 - - [24/May/2017:12:52:19 +0000] "GET /phpmyadmin/ HTTP/1.1" 200 3571 "-" "Mozilla/5.0 (Windows NT 6.1; Win64; x64) AppleWebKit/537.36 (KHTML, like Gecko) Chrome/58.0.3029.110 Safari/537.36"
10.240.0.179 - - [24/May/2017:12:52:19 +0000] "GET /phpmyadmin/phpmyadmin.css.php?server=1&token=82fd0f8a7fa1aa50285b22793a972c76&nocache=4267988959ltr HTTP/1.1" 200 17609 "https://final-nas3.c9users.io/phpmyadmin/" "Mozilla/5.0 (Windows NT 6.1; Win64; x64) AppleWebKit/537.36 (KHTML, like Gecko) Chrome/58.0.3029.110 Safari/537.36"
10.240.0.204 - - [24/May/2017:12:52:20 +0000] "GET /phpmyadmin/js/get_image.js.php?theme=pmahomme HTTP/1.1" 200 6653 "https://final-nas3.c9users.io/phpmyadmin/" "Mozilla/5.0 (Windows NT 6.1; Win64; x64) AppleWebKit/537.36 (KHTML, like Gecko) Chrome/58.0.3029.110 Safari/537.36"
10.240.1.20 - - [24/May/2017:12:52:20 +0000] "GET /phpmyadmin/js/messages.php?lang=en&db=&token=82fd0f8a7fa1aa50285b22793a972c76 HTTP/1.1" 200 17209 "https://final-nas3.c9users.io/phpmyadmin/" "Mozilla/5.0 (Windows NT 6.1; Win64; x64) AppleWebKit/537.36 (KHTML, like Gecko) Chrome/58.0.3029.110 Safari/537.36"
10.240.0.179 - - [24/May/2017:12:52:20 +0000] "GET /phpmyadmin/js/get_scripts.js.php?scripts[]=jquery/jquery-1.8.3.min.js&scripts[]=ajax.js&scripts[]=keyhandler.js&scripts[]=jquery/jquery-ui-1.9.2.custom.min.js&scripts[]=jquery/jquery.sprintf.js&scripts[]=jquery/jquery.cookie.js&scripts[]=jquery/jquery.mousewheel.js&scripts[]=jquery/jquery.event.drag-2.2.js&scripts[]=jquery/jquery-ui-timepicker-addon.js&scripts[]=jquery/jquery.ba-hashchange-1.3.js&scripts[]=jquery/jquery.debounce-1.0.5.js&scripts[]=jquery/jquery.menuResizer-1.0.js&scripts[]=rte.js&scripts[]=functions.js&scripts[]=navigation.js&scripts[]=indexes.js&scripts[]=common.js&scripts[]=codemirror/lib/codemirror.js&scripts[]=codemirror/mode/mysql/mysql.js HTTP/1.1" 200 819108 "https://final-nas3.c9users.io/phpmyadmin/" "Mozilla/5.0 (Windows NT 6.1; Win64; x64) AppleWebKit/537.36 (KHTML, like Gecko) Chrome/58.0.3029.110 Safari/537.36"
10.240.0.204 - - [24/May/2017:12:52:40 +0000] "POST /phpmyadmin/index.php HTTP/1.1" 302 559 "https://final-nas3.c9users.io/phpmyadmin/" "Mozilla/5.0 (Windows NT 6.1; Win64; x64) AppleWebKit/537.36 (KHTML, like Gecko) Chrome/58.0.3029.110 Safari/537.36"
10.240.1.32 - - [24/May/2017:12:52:40 +0000] "GET /phpmyadmin/index.php?token=82fd0f8a7fa1aa50285b22793a972c76 HTTP/1.1" 200 8527 "https://final-nas3.c9users.io/phpmyadmin/" "Mozilla/5.0 (Windows NT 6.1; Win64; x64) AppleWebKit/537.36 (KHTML, like Gecko) Chrome/58.0.3029.110 Safari/537.36"
10.240.0.241 - - [24/May/2017:12:52:41 +0000] "GET /phpmyadmin/phpmyadmin.css.php?server=1&token=82fd0f8a7fa1aa50285b22793a972c76&nocache=5763619319ltr HTTP/1.1" 200 17609 "https://final-nas3.c9users.io/phpmyadmin/index.php?token=82fd0f8a7fa1aa50285b22793a972c76" "Mozilla/5.0 (Windows NT 6.1; Win64; x64) AppleWebKit/537.36 (KHTML, like Gecko) Chrome/58.0.3029.110 Safari/537.36"
10.240.1.60 - - [24/May/2017:12:53:01 +0000] "GET /phpmyadmin/db_operations.php?server=1&db=rap&token=82fd0f8a7fa1aa50285b22793a972c76&ajax_request=true&ajax_page_request=true&menuHashes=0362efd3&_nocache=1495630391051137127 HTTP/1.1" 200 34033 "https://final-nas3.c9users.io/phpmyadmin/index.php?token=82fd0f8a7fa1aa50285b22793a972c76" "Mozilla/5.0 (Windows NT 6.1; Win64; x64) AppleWebKit/537.36 (KHTML, like Gecko) Chrome/58.0.3029.110 Safari/537.36"
10.240.0.206 - - [24/May/2017:12:53:02 +0000] "GET /phpmyadmin/js/get_scripts.js.php?scripts[]=db_operations.js HTTP/1.1" 200 4358 "https://final-nas3.c9users.io/phpmyadmin/index.php?token=82fd0f8a7fa1aa50285b22793a972c76" "Mozilla/5.0 (Windows NT 6.1; Win64; x64) AppleWebKit/537.36 (KHTML, like Gecko) Chrome/58.0.3029.110 Safari/537.36"
10.240.0.119 - - [24/May/2017:12:53:02 +0000] "GET /phpmyadmin/navigation.php?ajax_request=1&token=82fd0f8a7fa1aa50285b22793a972c76&aPath=cm9vdA%3D%3D.cmFw&vPath=cm9vdA%3D%3D.cmFw&pos=0&pos2_name=&pos2_value=&searchClause=&searchClause2=&_nocache=1495630392548650325 HTTP/1.1" 200 2514 "https://final-nas3.c9users.io/phpmyadmin/index.php?token=82fd0f8a7fa1aa50285b22793a972c76" "Mozilla/5.0 (Windows NT 6.1; Win64; x64) AppleWebKit/537.36 (KHTML, like Gecko) Chrome/58.0.3029.110 Safari/537.36"
10.240.0.179 - - [24/May/2017:12:53:06 +0000] "GET /phpmyadmin/sql.php?server=1&db=rap&table=Rap&pos=0&token=82fd0f8a7fa1aa50285b22793a972c76&ajax_request=true&ajax_page_request=true&menuHashes=0362efd3-a7e58336&_nocache=1495630396070702982 HTTP/1.1" 200 24298 "https://final-nas3.c9users.io/phpmyadmin/index.php?token=82fd0f8a7fa1aa50285b22793a972c76" "Mozilla/5.0 (Windows NT 6.1; Win64; x64) AppleWebKit/537.36 (KHTML, like Gecko) Chrome/58.0.3029.110 Safari/537.36"
10.240.1.64 - - [24/May/2017:12:53:07 +0000] "GET /phpmyadmin/js/get_scripts.js.php?scripts[]=tbl_change.js&scripts[]=tbl_structure.js&scripts[]=gis_data_editor.js&scripts[]=makegrid.js&scripts[]=sql.js HTTP/1.1" 200 145009 "https://final-nas3.c9users.io/phpmyadmin/index.php?token=82fd0f8a7fa1aa50285b22793a972c76" "Mozilla/5.0 (Windows NT 6.1; Win64; x64) AppleWebKit/537.36 (KHTML, like Gecko) Chrome/58.0.3029.110 Safari/537.36"
10.240.1.60 - - [24/May/2017:12:53:09 +0000] "GET /phpmyadmin/index.php?ajax_request=1&recent_table=1&token=82fd0f8a7fa1aa50285b22793a972c76 HTTP/1.1" 200 778 "https://final-nas3.c9users.io/phpmyadmin/index.php?token=82fd0f8a7fa1aa50285b22793a972c76" "Mozilla/5.0 (Windows NT 6.1; Win64; x64) AppleWebKit/537.36 (KHTML, like Gecko) Chrome/58.0.3029.110 Safari/537.36"
10.240.1.60 - - [24/May/2017:12:53:09 +0000] "GET /phpmyadmin/themes/pmahomme/img/col_pointer.png HTTP/1.1" 200 396 "https://final-nas3.c9users.io/phpmyadmin/phpmyadmin.css.php?server=1&token=82fd0f8a7fa1aa50285b22793a972c76&nocache=5763619319ltr" "Mozilla/5.0 (Windows NT 6.1; Win64; x64) AppleWebKit/537.36 (KHTML, like Gecko) Chrome/58.0.3029.110 Safari/537.36"
10.240.1.60 - - [24/May/2017:12:53:09 +0000] "GET /phpmyadmin/sql.php?server=1&db=rap&table=Rap&pos=0&token=82fd0f8a7fa1aa50285b22793a972c76&ajax_request=true&ajax_page_request=true&menuHashes=0362efd3-a7e58336-5560e2ee&_nocache=1495630399727498878 HTTP/1.1" 200 21110 "https://final-nas3.c9users.io/phpmyadmin/index.php?token=82fd0f8a7fa1aa50285b22793a972c76" "Mozilla/5.0 (Windows NT 6.1; Win64; x64) AppleWebKit/537.36 (KHTML, like Gecko) Chrome/58.0.3029.110 Safari/537.36"
10.240.1.60 - - [24/May/2017:12:53:10 +0000] "GET /phpmyadmin/index.php?ajax_request=1&recent_table=1&token=82fd0f8a7fa1aa50285b22793a972c76 HTTP/1.1" 200 778 "https://final-nas3.c9users.io/phpmyadmin/index.php?token=82fd0f8a7fa1aa50285b22793a972c76" "Mozilla/5.0 (Windows NT 6.1; Win64; x64) AppleWebKit/537.36 (KHTML, like Gecko) Chrome/58.0.3029.110 Safari/537.36"
10.240.1.60 - - [24/May/2017:12:53:49 +0000] "GET /phpmyadmin/sql.php?server=1&db=rap&table=TABLE+2&pos=0&token=82fd0f8a7fa1aa50285b22793a972c76&ajax_request=true&ajax_page_request=true&menuHashes=0362efd3-a7e58336-5560e2ee&_nocache=1495630439151568779 HTTP/1.1" 200 30825 "https://final-nas3.c9users.io/phpmyadmin/index.php?token=82fd0f8a7fa1aa50285b22793a972c76" "Mozilla/5.0 (Windows NT 6.1; Win64; x64) AppleWebKit/537.36 (KHTML, like Gecko) Chrome/58.0.3029.110 Safari/537.36"
10.240.1.17 - - [24/May/2017:12:53:50 +0000] "GET /phpmyadmin/index.php?ajax_request=1&recent_table=1&token=82fd0f8a7fa1aa50285b22793a972c76 HTTP/1.1" 200 778 "https://final-nas3.c9users.io/phpmyadmin/index.php?token=82fd0f8a7fa1aa50285b22793a972c76" "Mozilla/5.0 (Windows NT 6.1; Win64; x64) AppleWebKit/537.36 (KHTML, like Gecko) Chrome/58.0.3029.110 Safari/537.36"
10.240.0.206 - - [24/May/2017:12:55:25 +0000] "GET /phpmyadmin/sql.php?server=1&db=rap&table=Rap&pos=0&token=82fd0f8a7fa1aa50285b22793a972c76&ajax_request=true&ajax_page_request=true&menuHashes=0362efd3-a7e58336-5560e2ee-9f1c9661&_nocache=149563053425057394 HTTP/1.1" 200 21110 "https://final-nas3.c9users.io/phpmyadmin/index.php?token=82fd0f8a7fa1aa50285b22793a972c76" "Mozilla/5.0 (Windows NT 6.1; Win64; x64) AppleWebKit/537.36 (KHTML, like Gecko) Chrome/58.0.3029.110 Safari/537.36"
10.240.0.206 - - [24/May/2017:12:55:26 +0000] "GET /phpmyadmin/index.php?ajax_request=1&recent_table=1&token=82fd0f8a7fa1aa50285b22793a972c76 HTTP/1.1" 200 778 "https://final-nas3.c9users.io/phpmyadmin/index.php?token=82fd0f8a7fa1aa50285b22793a972c76" "Mozilla/5.0 (Windows NT 6.1; Win64; x64) AppleWebKit/537.36 (KHTML, like Gecko) Chrome/58.0.3029.110 Safari/537.36"
10.240.1.19 - - [24/May/2017:12:55:36 +0000] "GET /phpmyadmin/sql.php?server=1&db=rap&table=Rap&pos=0&token=82fd0f8a7fa1aa50285b22793a972c76&ajax_request=true&ajax_page_request=true&menuHashes=0362efd3-a7e58336-5560e2ee-9f1c9661&_nocache=1495630546002113231 HTTP/1.1" 200 21110 "https://final-nas3.c9users.io/phpmyadmin/index.php?token=82fd0f8a7fa1aa50285b22793a972c76" "Mozilla/5.0 (Windows NT 6.1; Win64; x64) AppleWebKit/537.36 (KHTML, like Gecko) Chrome/58.0.3029.110 Safari/537.36"
10.240.0.204 - - [24/May/2017:12:55:37 +0000] "GET /phpmyadmin/index.php?ajax_request=1&recent_table=1&token=82fd0f8a7fa1aa50285b22793a972c76 HTTP/1.1" 200 778 "https://final-nas3.c9users.io/phpmyadmin/index.php?token=82fd0f8a7fa1aa50285b22793a972c76" "Mozilla/5.0 (Windows NT 6.1; Win64; x64) AppleWebKit/537.36 (KHTML, like Gecko) Chrome/58.0.3029.110 Safari/537.36"
10.240.0.204 - - [24/May/2017:12:55:41 +0000] "GET /phpmyadmin/tbl_operations.php?db=rap&table=Rap&token=82fd0f8a7fa1aa50285b22793a972c76&ajax_request=true&ajax_page_request=true&menuHashes=0362efd3-a7e58336-5560e2ee-9f1c9661&_nocache=1495630551570519087 HTTP/1.1" 200 38444 "https://final-nas3.c9users.io/phpmyadmin/index.php?token=82fd0f8a7fa1aa50285b22793a972c76" "Mozilla/5.0 (Windows NT 6.1; Win64; x64) AppleWebKit/537.36 (KHTML, like Gecko) Chrome/58.0.3029.110 Safari/537.36"
10.240.0.204 - - [24/May/2017:12:55:42 +0000] "GET /phpmyadmin/index.php?ajax_request=1&recent_table=1&token=82fd0f8a7fa1aa50285b22793a972c76 HTTP/1.1" 200 778 "https://final-nas3.c9users.io/phpmyadmin/index.php?token=82fd0f8a7fa1aa50285b22793a972c76" "Mozilla/5.0 (Windows NT 6.1; Win64; x64) AppleWebKit/537.36 (KHTML, like Gecko) Chrome/58.0.3029.110 Safari/537.36"
10.240.1.17 - - [24/May/2017:12:55:46 +0000] "GET /phpmyadmin/themes/pmahomme/jquery/images/ui-bg_flat_75_ffffff_40x100.png HTTP/1.1" 200 368 "https://final-nas3.c9users.io/phpmyadmin/themes/pmahomme/jquery/jquery-ui-1.9.2.custom.css" "Mozilla/5.0 (Windows NT 6.1; Win64; x64) AppleWebKit/537.36 (KHTML, like Gecko) Chrome/58.0.3029.110 Safari/537.36"
10.240.0.206 - - [24/May/2017:12:55:47 +0000] "GET /phpmyadmin/themes/pmahomme/jquery/images/ui-bg_flat_0_aaaaaa_40x100.png HTTP/1.1" 200 368 "https://final-nas3.c9users.io/phpmyadmin/themes/pmahomme/jquery/jquery-ui-1.9.2.custom.css" "Mozilla/5.0 (Windows NT 6.1; Win64; x64) AppleWebKit/537.36 (KHTML, like Gecko) Chrome/58.0.3029.110 Safari/537.36"
10.240.0.187 - - [24/May/2017:12:55:47 +0000] "GET /phpmyadmin/themes/pmahomme/jquery/images/ui-icons_222222_256x240.png HTTP/1.1" 200 3999 "https://final-nas3.c9users.io/phpmyadmin/themes/pmahomme/jquery/jquery-ui-1.9.2.custom.css" "Mozilla/5.0 (Windows NT 6.1; Win64; x64) AppleWebKit/537.36 (KHTML, like Gecko) Chrome/58.0.3029.110 Safari/537.36"
10.240.1.17 - - [24/May/2017:12:55:47 +0000] "GET /phpmyadmin/themes/pmahomme/jquery/images/ui-bg_glass_75_e6e6e6_1x400.png HTTP/1.1" 200 393 "https://final-nas3.c9users.io/phpmyadmin/themes/pmahomme/jquery/jquery-ui-1.9.2.custom.css" "Mozilla/5.0 (Windows NT 6.1; Win64; x64) AppleWebKit/537.36 (KHTML, like Gecko) Chrome/58.0.3029.110 Safari/537.36"
10.240.0.69 - - [24/May/2017:12:55:47 +0000] "GET /phpmyadmin/themes/pmahomme/jquery/images/ui-bg_highlight-soft_75_cccccc_1x100.png HTTP/1.1" 200 368 "https://final-nas3.c9users.io/phpmyadmin/themes/pmahomme/jquery/jquery-ui-1.9.2.custom.css" "Mozilla/5.0 (Windows NT 6.1; Win64; x64) AppleWebKit/537.36 (KHTML, like Gecko) Chrome/58.0.3029.110 Safari/537.36"
10.240.0.187 - - [24/May/2017:12:55:47 +0000] "GET /phpmyadmin/themes/pmahomme/jquery/images/ui-bg_glass_75_dadada_1x400.png HTTP/1.1" 200 442 "https://final-nas3.c9users.io/phpmyadmin/themes/pmahomme/jquery/jquery-ui-1.9.2.custom.css" "Mozilla/5.0 (Windows NT 6.1; Win64; x64) AppleWebKit/537.36 (KHTML, like Gecko) Chrome/58.0.3029.110 Safari/537.36"
10.240.0.187 - - [24/May/2017:12:55:48 +0000] "GET /phpmyadmin/themes/pmahomme/jquery/images/ui-bg_glass_65_ffffff_1x400.png HTTP/1.1" 200 379 "https://final-nas3.c9users.io/phpmyadmin/themes/pmahomme/jquery/jquery-ui-1.9.2.custom.css" "Mozilla/5.0 (Windows NT 6.1; Win64; x64) AppleWebKit/537.36 (KHTML, like Gecko) Chrome/58.0.3029.110 Safari/537.36"
10.240.0.207 - - [24/May/2017:12:55:48 +0000] "GET /phpmyadmin/sql.php?db=rap&table=Rap&back=tbl_operations.php&goto=db_operations.php&sql_query=DROP+TABLE+%60Rap%60&reload=1&purge=1&message_to_show=Table+Rap+has+been+dropped&token=82fd0f8a7fa1aa50285b22793a972c76&is_js_confirmed=1&ajax_request=true&_nocache=1495630558737727705 HTTP/1.1" 200 2105 "https://final-nas3.c9users.io/phpmyadmin/index.php?token=82fd0f8a7fa1aa50285b22793a972c76" "Mozilla/5.0 (Windows NT 6.1; Win64; x64) AppleWebKit/537.36 (KHTML, like Gecko) Chrome/58.0.3029.110 Safari/537.36"
10.240.0.187 - - [24/May/2017:12:55:49 +0000] "POST /phpmyadmin/navigation.php?ajax_request=1&token=82fd0f8a7fa1aa50285b22793a972c76 HTTP/1.1" 200 6096 "https://final-nas3.c9users.io/phpmyadmin/index.php?token=82fd0f8a7fa1aa50285b22793a972c76" "Mozilla/5.0 (Windows NT 6.1; Win64; x64) AppleWebKit/537.36 (KHTML, like Gecko) Chrome/58.0.3029.110 Safari/537.36"
10.240.1.20 - - [24/May/2017:12:55:49 +0000] "GET /phpmyadmin/db_structure.php?token=82fd0f8a7fa1aa50285b22793a972c76&server=1&db=rap&table=&ajax_request=true&ajax_page_request=true&menuHashes=0362efd3-a7e58336-5560e2ee-9f1c9661-44729bef&_nocache=1495630558971913569 HTTP/1.1" 200 13118 "https://final-nas3.c9users.io/phpmyadmin/index.php?token=82fd0f8a7fa1aa50285b22793a972c76" "Mozilla/5.0 (Windows NT 6.1; Win64; x64) AppleWebKit/537.36 (KHTML, like Gecko) Chrome/58.0.3029.110 Safari/537.36"
10.240.0.187 - - [24/May/2017:12:55:49 +0000] "GET /phpmyadmin/js/get_scripts.js.php?scripts[]=db_structure.js HTTP/1.1" 200 15365 "https://final-nas3.c9users.io/phpmyadmin/index.php?token=82fd0f8a7fa1aa50285b22793a972c76" "Mozilla/5.0 (Windows NT 6.1; Win64; x64) AppleWebKit/537.36 (KHTML, like Gecko) Chrome/58.0.3029.110 Safari/537.36"
10.240.1.20 - - [24/May/2017:12:55:50 +0000] "GET /phpmyadmin/sql.php?server=1&db=rap&table=TABLE+2&pos=0&token=82fd0f8a7fa1aa50285b22793a972c76&ajax_request=true&ajax_page_request=true&menuHashes=0362efd3-a7e58336-5560e2ee-9f1c9661-44729bef-6a31b930&_nocache=1495630560669987952 HTTP/1.1" 200 27584 "https://final-nas3.c9users.io/phpmyadmin/index.php?token=82fd0f8a7fa1aa50285b22793a972c76" "Mozilla/5.0 (Windows NT 6.1; Win64; x64) AppleWebKit/537.36 (KHTML, like Gecko) Chrome/58.0.3029.110 Safari/537.36"
10.240.0.187 - - [24/May/2017:12:55:51 +0000] "GET /phpmyadmin/index.php?ajax_request=1&recent_table=1&token=82fd0f8a7fa1aa50285b22793a972c76 HTTP/1.1" 200 778 "https://final-nas3.c9users.io/phpmyadmin/index.php?token=82fd0f8a7fa1aa50285b22793a972c76" "Mozilla/5.0 (Windows NT 6.1; Win64; x64) AppleWebKit/537.36 (KHTML, like Gecko) Chrome/58.0.3029.110 Safari/537.36"
10.240.0.187 - - [24/May/2017:12:55:57 +0000] "GET /phpmyadmin/tbl_operations.php?db=rap&table=TABLE+2&token=82fd0f8a7fa1aa50285b22793a972c76&ajax_request=true&ajax_page_request=true&menuHashes=0362efd3-a7e58336-5560e2ee-9f1c9661-44729bef-6a31b930&_nocache=1495630567509173625 HTTP/1.1" 200 38759 "https://final-nas3.c9users.io/phpmyadmin/index.php?token=82fd0f8a7fa1aa50285b22793a972c76" "Mozilla/5.0 (Windows NT 6.1; Win64; x64) AppleWebKit/537.36 (KHTML, like Gecko) Chrome/58.0.3029.110 Safari/537.36"
10.240.0.187 - - [24/May/2017:12:55:58 +0000] "GET /phpmyadmin/index.php?ajax_request=1&recent_table=1&token=82fd0f8a7fa1aa50285b22793a972c76 HTTP/1.1" 200 778 "https://final-nas3.c9users.io/phpmyadmin/index.php?token=82fd0f8a7fa1aa50285b22793a972c76" "Mozilla/5.0 (Windows NT 6.1; Win64; x64) AppleWebKit/537.36 (KHTML, like Gecko) Chrome/58.0.3029.110 Safari/537.36"
10.240.0.206 - - [24/May/2017:12:56:19 +0000] "POST /phpmyadmin/tbl_operations.php HTTP/1.1" 200 36184 "https://final-nas3.c9users.io/phpmyadmin/index.php?token=82fd0f8a7fa1aa50285b22793a972c76" "Mozilla/5.0 (Windows NT 6.1; Win64; x64) AppleWebKit/537.36 (KHTML, like Gecko) Chrome/58.0.3029.110 Safari/537.36"
10.240.0.119 - - [24/May/2017:12:56:20 +0000] "GET /phpmyadmin/tbl_operations.php?token=82fd0f8a7fa1aa50285b22793a972c76&server=1&db=rap&table=Music&ajax_request=true&ajax_page_request=true&menuHashes=0362efd3-a7e58336-5560e2ee-9f1c9661-44729bef-6a31b930-eea85d51&_nocache=1495630589878207355 HTTP/1.1" 200 38676 "https://final-nas3.c9users.io/phpmyadmin/index.php?token=82fd0f8a7fa1aa50285b22793a972c76" "Mozilla/5.0 (Windows NT 6.1; Win64; x64) AppleWebKit/537.36 (KHTML, like Gecko) Chrome/58.0.3029.110 Safari/537.36"
10.240.0.69 - - [24/May/2017:12:56:21 +0000] "GET /phpmyadmin/index.php?ajax_request=1&recent_table=1&token=82fd0f8a7fa1aa50285b22793a972c76 HTTP/1.1" 200 888 "https://final-nas3.c9users.io/phpmyadmin/index.php?token=82fd0f8a7fa1aa50285b22793a972c76" "Mozilla/5.0 (Windows NT 6.1; Win64; x64) AppleWebKit/537.36 (KHTML, like Gecko) Chrome/58.0.3029.110 Safari/537.36"
10.240.0.69 - - [24/May/2017:12:56:23 +0000] "GET /phpmyadmin/sql.php?server=1&db=rap&table=TABLE+2&pos=0&token=82fd0f8a7fa1aa50285b22793a972c76&ajax_request=true&ajax_page_request=true&menuHashes=a7e58336-5560e2ee-9f1c9661-44729bef-6a31b930-eea85d51-bbcf4416&_nocache=1495630593481264205 HTTP/1.1" 200 534 "https://final-nas3.c9users.io/phpmyadmin/index.php?token=82fd0f8a7fa1aa50285b22793a972c76" "Mozilla/5.0 (Windows NT 6.1; Win64; x64) AppleWebKit/537.36 (KHTML, like Gecko) Chrome/58.0.3029.110 Safari/537.36"
10.240.0.206 - - [24/May/2017:12:56:31 +0000] "GET /phpmyadmin/tbl_operations.php?db=rap&table=Music&token=82fd0f8a7fa1aa50285b22793a972c76&ajax_request=true&ajax_page_request=true&menuHashes=a7e58336-5560e2ee-9f1c9661-44729bef-6a31b930-eea85d51-bbcf4416&_nocache=1495630600882237036 HTTP/1.1" 200 35462 "https://final-nas3.c9users.io/phpmyadmin/index.php?token=82fd0f8a7fa1aa50285b22793a972c76" "Mozilla/5.0 (Windows NT 6.1; Win64; x64) AppleWebKit/537.36 (KHTML, like Gecko) Chrome/58.0.3029.110 Safari/537.36"
10.240.0.187 - - [24/May/2017:12:56:31 +0000] "GET /phpmyadmin/index.php?ajax_request=1&recent_table=1&token=82fd0f8a7fa1aa50285b22793a972c76 HTTP/1.1" 200 888 "https://final-nas3.c9users.io/phpmyadmin/index.php?token=82fd0f8a7fa1aa50285b22793a972c76" "Mozilla/5.0 (Windows NT 6.1; Win64; x64) AppleWebKit/537.36 (KHTML, like Gecko) Chrome/58.0.3029.110 Safari/537.36"
10.240.0.187 - - [24/May/2017:12:56:34 +0000] "GET /phpmyadmin/sql.php?db=rap&table=Music&token=82fd0f8a7fa1aa50285b22793a972c76&pos=0&ajax_request=true&ajax_page_request=true&menuHashes=a7e58336-5560e2ee-9f1c9661-44729bef-6a31b930-eea85d51-bbcf4416&_nocache=1495630604515654649 HTTP/1.1" 200 30658 "https://final-nas3.c9users.io/phpmyadmin/index.php?token=82fd0f8a7fa1aa50285b22793a972c76" "Mozilla/5.0 (Windows NT 6.1; Win64; x64) AppleWebKit/537.36 (KHTML, like Gecko) Chrome/58.0.3029.110 Safari/537.36"
10.240.0.187 - - [24/May/2017:12:56:35 +0000] "GET /phpmyadmin/index.php?ajax_request=1&recent_table=1&token=82fd0f8a7fa1aa50285b22793a972c76 HTTP/1.1" 200 888 "https://final-nas3.c9users.io/phpmyadmin/index.php?token=82fd0f8a7fa1aa50285b22793a972c76" "Mozilla/5.0 (Windows NT 6.1; Win64; x64) AppleWebKit/537.36 (KHTML, like Gecko) Chrome/58.0.3029.110 Safari/537.36"
10.240.1.20 - - [24/May/2017:12:56:37 +0000] "GET /phpmyadmin/sql.php?server=1&db=rap&table=TABLE+2&pos=0&token=82fd0f8a7fa1aa50285b22793a972c76&ajax_request=true&ajax_page_request=true&menuHashes=5560e2ee-9f1c9661-44729bef-6a31b930-eea85d51-bbcf4416-931af02e&_nocache=1495630607385787944 HTTP/1.1" 200 534 "https://final-nas3.c9users.io/phpmyadmin/index.php?token=82fd0f8a7fa1aa50285b22793a972c76" "Mozilla/5.0 (Windows NT 6.1; Win64; x64) AppleWebKit/537.36 (KHTML, like Gecko) Chrome/58.0.3029.110 Safari/537.36"
10.240.0.207 - - [24/May/2017:12:56:42 +0000] "GET /phpmyadmin/tbl_operations.php?db=rap&table=Music&token=82fd0f8a7fa1aa50285b22793a972c76&ajax_request=true&ajax_page_request=true&menuHashes=5560e2ee-9f1c9661-44729bef-6a31b930-eea85d51-bbcf4416-931af02e&_nocache=1495630611928394985 HTTP/1.1" 200 35462 "https://final-nas3.c9users.io/phpmyadmin/index.php?token=82fd0f8a7fa1aa50285b22793a972c76" "Mozilla/5.0 (Windows NT 6.1; Win64; x64) AppleWebKit/537.36 (KHTML, like Gecko) Chrome/58.0.3029.110 Safari/537.36"
10.240.0.187 - - [24/May/2017:12:56:42 +0000] "GET /phpmyadmin/index.php?ajax_request=1&recent_table=1&token=82fd0f8a7fa1aa50285b22793a972c76 HTTP/1.1" 200 888 "https://final-nas3.c9users.io/phpmyadmin/index.php?token=82fd0f8a7fa1aa50285b22793a972c76" "Mozilla/5.0 (Windows NT 6.1; Win64; x64) AppleWebKit/537.36 (KHTML, like Gecko) Chrome/58.0.3029.110 Safari/537.36"
10.240.0.186 - - [24/May/2017:12:56:51 +0000] "POST /phpmyadmin/tbl_operations.php HTTP/1.1" 200 35701 "https://final-nas3.c9users.io/phpmyadmin/index.php?token=82fd0f8a7fa1aa50285b22793a972c76" "Mozilla/5.0 (Windows NT 6.1; Win64; x64) AppleWebKit/537.36 (KHTML, like Gecko) Chrome/58.0.3029.110 Safari/537.36"
10.240.1.20 - - [24/May/2017:12:56:52 +0000] "POST /phpmyadmin/navigation.php?ajax_request=1&token=82fd0f8a7fa1aa50285b22793a972c76 HTTP/1.1" 200 6082 "https://final-nas3.c9users.io/phpmyadmin/index.php?token=82fd0f8a7fa1aa50285b22793a972c76" "Mozilla/5.0 (Windows NT 6.1; Win64; x64) AppleWebKit/537.36 (KHTML, like Gecko) Chrome/58.0.3029.110 Safari/537.36"
10.240.0.186 - - [24/May/2017:12:56:52 +0000] "GET /phpmyadmin/index.php?ajax_request=1&recent_table=1&token=82fd0f8a7fa1aa50285b22793a972c76 HTTP/1.1" 200 888 "https://final-nas3.c9users.io/phpmyadmin/index.php?token=82fd0f8a7fa1aa50285b22793a972c76" "Mozilla/5.0 (Windows NT 6.1; Win64; x64) AppleWebKit/537.36 (KHTML, like Gecko) Chrome/58.0.3029.110 Safari/537.36"
10.240.1.20 - - [24/May/2017:12:56:54 +0000] "GET /phpmyadmin/sql.php?server=1&db=rap&table=Music&pos=0&token=82fd0f8a7fa1aa50285b22793a972c76&ajax_request=true&ajax_page_request=true&menuHashes=5560e2ee-9f1c9661-44729bef-6a31b930-eea85d51-bbcf4416-931af02e&_nocache=1495630624129133817 HTTP/1.1" 200 27448 "https://final-nas3.c9users.io/phpmyadmin/index.php?token=82fd0f8a7fa1aa50285b22793a972c76" "Mozilla/5.0 (Windows NT 6.1; Win64; x64) AppleWebKit/537.36 (KHTML, like Gecko) Chrome/58.0.3029.110 Safari/537.36"
10.240.0.186 - - [24/May/2017:12:56:54 +0000] "GET /phpmyadmin/index.php?ajax_request=1&recent_table=1&token=82fd0f8a7fa1aa50285b22793a972c76 HTTP/1.1" 200 888 "https://final-nas3.c9users.io/phpmyadmin/index.php?token=82fd0f8a7fa1aa50285b22793a972c76" "Mozilla/5.0 (Windows NT 6.1; Win64; x64) AppleWebKit/537.36 (KHTML, like Gecko) Chrome/58.0.3029.110 Safari/537.36"
10.240.1.15 - - [25/May/2017:19:44:23 +0000] "GET /phpmyadmin/ HTTP/1.1" 200 3571 "-" "Mozilla/5.0 (Windows NT 6.1; Win64; x64) AppleWebKit/537.36 (KHTML, like Gecko) Chrome/58.0.3029.110 Safari/537.36"
10.240.0.110 - - [25/May/2017:19:44:24 +0000] "GET /phpmyadmin/phpmyadmin.css.php?server=1&token=f752c9bb97a282a8f6a53854a8829aaa&nocache=4268100082ltr HTTP/1.1" 200 17609 "https://final-nas3.c9users.io/phpmyadmin/" "Mozilla/5.0 (Windows NT 6.1; Win64; x64) AppleWebKit/537.36 (KHTML, like Gecko) Chrome/58.0.3029.110 Safari/537.36"
10.240.0.69 - - [25/May/2017:19:44:24 +0000] "GET /phpmyadmin/js/messages.php?lang=en&db=&token=f752c9bb97a282a8f6a53854a8829aaa HTTP/1.1" 200 17209 "https://final-nas3.c9users.io/phpmyadmin/" "Mozilla/5.0 (Windows NT 6.1; Win64; x64) AppleWebKit/537.36 (KHTML, like Gecko) Chrome/58.0.3029.110 Safari/537.36"
10.240.1.60 - - [25/May/2017:19:44:24 +0000] "GET /phpmyadmin/js/get_image.js.php?theme=pmahomme HTTP/1.1" 200 6653 "https://final-nas3.c9users.io/phpmyadmin/" "Mozilla/5.0 (Windows NT 6.1; Win64; x64) AppleWebKit/537.36 (KHTML, like Gecko) Chrome/58.0.3029.110 Safari/537.36"
10.240.0.186 - - [25/May/2017:19:44:24 +0000] "GET /phpmyadmin/js/get_scripts.js.php?scripts[]=jquery/jquery-1.8.3.min.js&scripts[]=ajax.js&scripts[]=keyhandler.js&scripts[]=jquery/jquery-ui-1.9.2.custom.min.js&scripts[]=jquery/jquery.sprintf.js&scripts[]=jquery/jquery.cookie.js&scripts[]=jquery/jquery.mousewheel.js&scripts[]=jquery/jquery.event.drag-2.2.js&scripts[]=jquery/jquery-ui-timepicker-addon.js&scripts[]=jquery/jquery.ba-hashchange-1.3.js&scripts[]=jquery/jquery.debounce-1.0.5.js&scripts[]=jquery/jquery.menuResizer-1.0.js&scripts[]=rte.js&scripts[]=functions.js&scripts[]=navigation.js&scripts[]=indexes.js&scripts[]=common.js&scripts[]=codemirror/lib/codemirror.js&scripts[]=codemirror/mode/mysql/mysql.js HTTP/1.1" 200 819108 "https://final-nas3.c9users.io/phpmyadmin/" "Mozilla/5.0 (Windows NT 6.1; Win64; x64) AppleWebKit/537.36 (KHTML, like Gecko) Chrome/58.0.3029.110 Safari/537.36"
10.240.0.182 - - [25/May/2017:19:44:57 +0000] "POST /phpmyadmin/index.php HTTP/1.1" 302 559 "https://final-nas3.c9users.io/phpmyadmin/" "Mozilla/5.0 (Windows NT 6.1; Win64; x64) AppleWebKit/537.36 (KHTML, like Gecko) Chrome/58.0.3029.110 Safari/537.36"
10.240.0.182 - - [25/May/2017:19:44:57 +0000] "GET /phpmyadmin/index.php?token=f752c9bb97a282a8f6a53854a8829aaa HTTP/1.1" 200 8535 "https://final-nas3.c9users.io/phpmyadmin/" "Mozilla/5.0 (Windows NT 6.1; Win64; x64) AppleWebKit/537.36 (KHTML, like Gecko) Chrome/58.0.3029.110 Safari/537.36"
10.240.1.17 - - [25/May/2017:19:44:57 +0000] "GET /phpmyadmin/phpmyadmin.css.php?server=1&token=f752c9bb97a282a8f6a53854a8829aaa&nocache=5763841579ltr HTTP/1.1" 200 17609 "https://final-nas3.c9users.io/phpmyadmin/index.php?token=f752c9bb97a282a8f6a53854a8829aaa" "Mozilla/5.0 (Windows NT 6.1; Win64; x64) AppleWebKit/537.36 (KHTML, like Gecko) Chrome/58.0.3029.110 Safari/537.36"
10.240.0.187 - - [25/May/2017:19:45:00 +0000] "GET /phpmyadmin/db_structure.php?server=1&db=rap&token=f752c9bb97a282a8f6a53854a8829aaa&ajax_request=true&ajax_page_request=true&menuHashes=a429f6b0&_nocache=1495741500704575394 HTTP/1.1" 200 13076 "https://final-nas3.c9users.io/phpmyadmin/index.php?token=f752c9bb97a282a8f6a53854a8829aaa" "Mozilla/5.0 (Windows NT 6.1; Win64; x64) AppleWebKit/537.36 (KHTML, like Gecko) Chrome/58.0.3029.110 Safari/537.36"
10.240.1.17 - - [25/May/2017:19:45:01 +0000] "GET /phpmyadmin/js/get_scripts.js.php?scripts[]=db_structure.js&scripts[]=tbl_change.js HTTP/1.1" 200 35255 "https://final-nas3.c9users.io/phpmyadmin/index.php?token=f752c9bb97a282a8f6a53854a8829aaa" "Mozilla/5.0 (Windows NT 6.1; Win64; x64) AppleWebKit/537.36 (KHTML, like Gecko) Chrome/58.0.3029.110 Safari/537.36"
10.240.1.17 - - [25/May/2017:19:45:01 +0000] "GET /phpmyadmin/navigation.php?ajax_request=1&token=f752c9bb97a282a8f6a53854a8829aaa&aPath=cm9vdA%3D%3D.cmFw&vPath=cm9vdA%3D%3D.cmFw&pos=0&pos2_name=&pos2_value=&searchClause=&searchClause2=&_nocache=1495741501215857686 HTTP/1.1" 200 1711 "https://final-nas3.c9users.io/phpmyadmin/index.php?token=f752c9bb97a282a8f6a53854a8829aaa" "Mozilla/5.0 (Windows NT 6.1; Win64; x64) AppleWebKit/537.36 (KHTML, like Gecko) Chrome/58.0.3029.110 Safari/537.36"
10.240.0.69 - - [25/May/2017:19:45:03 +0000] "GET /phpmyadmin/sql.php?server=1&db=rap&table=Music&pos=0&token=f752c9bb97a282a8f6a53854a8829aaa&ajax_request=true&ajax_page_request=true&menuHashes=a429f6b0-8649e0e0&_nocache=1495741503632547519 HTTP/1.1" 200 30660 "https://final-nas3.c9users.io/phpmyadmin/index.php?token=f752c9bb97a282a8f6a53854a8829aaa" "Mozilla/5.0 (Windows NT 6.1; Win64; x64) AppleWebKit/537.36 (KHTML, like Gecko) Chrome/58.0.3029.110 Safari/537.36"
10.240.1.64 - - [25/May/2017:19:45:04 +0000] "GET /phpmyadmin/js/get_scripts.js.php?scripts[]=tbl_structure.js&scripts[]=gis_data_editor.js&scripts[]=makegrid.js&scripts[]=sql.js HTTP/1.1" 200 125119 "https://final-nas3.c9users.io/phpmyadmin/index.php?token=f752c9bb97a282a8f6a53854a8829aaa" "Mozilla/5.0 (Windows NT 6.1; Win64; x64) AppleWebKit/537.36 (KHTML, like Gecko) Chrome/58.0.3029.110 Safari/537.36"
10.240.0.187 - - [25/May/2017:19:45:07 +0000] "GET /phpmyadmin/index.php?ajax_request=1&recent_table=1&token=f752c9bb97a282a8f6a53854a8829aaa HTTP/1.1" 200 888 "https://final-nas3.c9users.io/phpmyadmin/index.php?token=f752c9bb97a282a8f6a53854a8829aaa" "Mozilla/5.0 (Windows NT 6.1; Win64; x64) AppleWebKit/537.36 (KHTML, like Gecko) Chrome/58.0.3029.110 Safari/537.36"
10.240.1.60 - - [25/May/2017:19:57:14 +0000] "POST /phpmyadmin/sql.php HTTP/1.1" 200 25753 "https://final-nas3.c9users.io/phpmyadmin/index.php?token=f752c9bb97a282a8f6a53854a8829aaa" "Mozilla/5.0 (Windows NT 6.1; Win64; x64) AppleWebKit/537.36 (KHTML, like Gecko) Chrome/58.0.3029.110 Safari/537.36"
10.240.1.60 - - [25/May/2017:19:57:15 +0000] "GET /phpmyadmin/index.php?ajax_request=1&recent_table=1&token=f752c9bb97a282a8f6a53854a8829aaa HTTP/1.1" 200 888 "https://final-nas3.c9users.io/phpmyadmin/index.php?token=f752c9bb97a282a8f6a53854a8829aaa" "Mozilla/5.0 (Windows NT 6.1; Win64; x64) AppleWebKit/537.36 (KHTML, like Gecko) Chrome/58.0.3029.110 Safari/537.36"
10.240.0.187 - - [25/May/2017:19:57:47 +0000] "GET /phpmyadmin/tbl_export.php?db=rap&table=Music&token=f752c9bb97a282a8f6a53854a8829aaa&single_table=true&ajax_request=true&ajax_page_request=true&menuHashes=a429f6b0-8649e0e0-6c9ccacc&_nocache=149574226722293161 HTTP/1.1" 200 37706 "https://final-nas3.c9users.io/phpmyadmin/index.php?token=f752c9bb97a282a8f6a53854a8829aaa" "Mozilla/5.0 (Windows NT 6.1; Win64; x64) AppleWebKit/537.36 (KHTML, like Gecko) Chrome/58.0.3029.110 Safari/537.36"
10.240.0.179 - - [25/May/2017:19:57:48 +0000] "GET /phpmyadmin/js/get_scripts.js.php?scripts[]=export.js HTTP/1.1" 200 9764 "https://final-nas3.c9users.io/phpmyadmin/index.php?token=f752c9bb97a282a8f6a53854a8829aaa" "Mozilla/5.0 (Windows NT 6.1; Win64; x64) AppleWebKit/537.36 (KHTML, like Gecko) Chrome/58.0.3029.110 Safari/537.36"
10.240.0.187 - - [25/May/2017:19:57:49 +0000] "GET /phpmyadmin/index.php?ajax_request=1&recent_table=1&token=f752c9bb97a282a8f6a53854a8829aaa HTTP/1.1" 200 888 "https://final-nas3.c9users.io/phpmyadmin/index.php?token=f752c9bb97a282a8f6a53854a8829aaa" "Mozilla/5.0 (Windows NT 6.1; Win64; x64) AppleWebKit/537.36 (KHTML, like Gecko) Chrome/58.0.3029.110 Safari/537.36"
10.240.0.207 - - [25/May/2017:20:02:37 +0000] "GET /phpmyadmin/sql.php?db=rap&table=Music&token=f752c9bb97a282a8f6a53854a8829aaa&pos=0&ajax_request=true&ajax_page_request=true&menuHashes=a429f6b0-8649e0e0-6c9ccacc-1411e8be&_nocache=1495742556484567077 HTTP/1.1" 200 25732 "https://final-nas3.c9users.io/phpmyadmin/index.php?token=f752c9bb97a282a8f6a53854a8829aaa" "Mozilla/5.0 (Windows NT 6.1; Win64; x64) AppleWebKit/537.36 (KHTML, like Gecko) Chrome/58.0.3029.110 Safari/537.36"
10.240.0.204 - - [25/May/2017:20:02:38 +0000] "GET /phpmyadmin/index.php?ajax_request=1&recent_table=1&token=f752c9bb97a282a8f6a53854a8829aaa HTTP/1.1" 200 888 "https://final-nas3.c9users.io/phpmyadmin/index.php?token=f752c9bb97a282a8f6a53854a8829aaa" "Mozilla/5.0 (Windows NT 6.1; Win64; x64) AppleWebKit/537.36 (KHTML, like Gecko) Chrome/58.0.3029.110 Safari/537.36"
10.240.1.20 - - [27/May/2017:14:13:15 +0000] "GET /phpmyadmin HTTP/1.1" 301 613 "-" "Mozilla/5.0 (X11; Linux x86_64) AppleWebKit/537.36 (KHTML, like Gecko) Chrome/57.0.2987.133 Safari/537.36"
10.240.1.60 - - [27/May/2017:14:13:15 +0000] "GET /phpmyadmin/ HTTP/1.1" 200 3996 "-" "Mozilla/5.0 (X11; Linux x86_64) AppleWebKit/537.36 (KHTML, like Gecko) Chrome/57.0.2987.133 Safari/537.36"
10.240.0.187 - - [27/May/2017:14:13:15 +0000] "GET /phpmyadmin/themes/pmahomme/jquery/jquery-ui-1.9.2.custom.css HTTP/1.1" 200 6514 "https://final-nas3.c9users.io/phpmyadmin/" "Mozilla/5.0 (X11; Linux x86_64) AppleWebKit/537.36 (KHTML, like Gecko) Chrome/57.0.2987.133 Safari/537.36"
10.240.1.20 - - [27/May/2017:14:13:16 +0000] "GET /phpmyadmin/js/messages.php?lang=en&db=&collation_connection=utf8_general_ci&token=e8aeb87eaea426d4d89e6279c6a4d168 HTTP/1.1" 200 17209 "https://final-nas3.c9users.io/phpmyadmin/" "Mozilla/5.0 (X11; Linux x86_64) AppleWebKit/537.36 (KHTML, like Gecko) Chrome/57.0.2987.133 Safari/537.36"
10.240.1.15 - - [27/May/2017:14:13:16 +0000] "GET /phpmyadmin/js/get_image.js.php?theme=pmahomme HTTP/1.1" 200 6653 "https://final-nas3.c9users.io/phpmyadmin/" "Mozilla/5.0 (X11; Linux x86_64) AppleWebKit/537.36 (KHTML, like Gecko) Chrome/57.0.2987.133 Safari/537.36"
10.240.0.206 - - [27/May/2017:14:13:16 +0000] "GET /phpmyadmin/phpmyadmin.css.php?server=1&lang=en&collation_connection=utf8_general_ci&token=e8aeb87eaea426d4d89e6279c6a4d168&nocache=4268253014ltr HTTP/1.1" 200 17609 "https://final-nas3.c9users.io/phpmyadmin/" "Mozilla/5.0 (X11; Linux x86_64) AppleWebKit/537.36 (KHTML, like Gecko) Chrome/57.0.2987.133 Safari/537.36"
10.240.0.110 - - [27/May/2017:14:13:16 +0000] "GET /phpmyadmin/themes/pmahomme/img/logo_right.png HTTP/1.1" 200 4578 "https://final-nas3.c9users.io/phpmyadmin/" "Mozilla/5.0 (X11; Linux x86_64) AppleWebKit/537.36 (KHTML, like Gecko) Chrome/57.0.2987.133 Safari/537.36"
10.240.0.69 - - [27/May/2017:14:13:16 +0000] "GET /phpmyadmin/themes/dot.gif HTTP/1.1" 200 325 "https://final-nas3.c9users.io/phpmyadmin/" "Mozilla/5.0 (X11; Linux x86_64) AppleWebKit/537.36 (KHTML, like Gecko) Chrome/57.0.2987.133 Safari/537.36"
10.240.0.182 - - [27/May/2017:14:13:16 +0000] "GET /phpmyadmin/js/get_scripts.js.php?scripts[]=jquery/jquery-1.8.3.min.js&scripts[]=ajax.js&scripts[]=keyhandler.js&scripts[]=jquery/jquery-ui-1.9.2.custom.min.js&scripts[]=jquery/jquery.sprintf.js&scripts[]=jquery/jquery.cookie.js&scripts[]=jquery/jquery.mousewheel.js&scripts[]=jquery/jquery.event.drag-2.2.js&scripts[]=jquery/jquery-ui-timepicker-addon.js&scripts[]=jquery/jquery.ba-hashchange-1.3.js&scripts[]=jquery/jquery.debounce-1.0.5.js&scripts[]=jquery/jquery.menuResizer-1.0.js&scripts[]=rte.js&scripts[]=functions.js&scripts[]=navigation.js&scripts[]=indexes.js&scripts[]=common.js&scripts[]=codemirror/lib/codemirror.js&scripts[]=codemirror/mode/mysql/mysql.js HTTP/1.1" 200 819108 "https://final-nas3.c9users.io/phpmyadmin/" "Mozilla/5.0 (X11; Linux x86_64) AppleWebKit/537.36 (KHTML, like Gecko) Chrome/57.0.2987.133 Safari/537.36"
10.240.1.15 - - [27/May/2017:14:13:16 +0000] "GET /phpmyadmin/themes/pmahomme/img/sprites.png HTTP/1.1" 200 38740 "https://final-nas3.c9users.io/phpmyadmin/phpmyadmin.css.php?server=1&lang=en&collation_connection=utf8_general_ci&token=e8aeb87eaea426d4d89e6279c6a4d168&nocache=4268253014ltr" "Mozilla/5.0 (X11; Linux x86_64) AppleWebKit/537.36 (KHTML, like Gecko) Chrome/57.0.2987.133 Safari/537.36"
10.240.0.204 - - [27/May/2017:14:13:16 +0000] "GET /phpmyadmin/favicon.ico HTTP/1.1" 200 19204 "https://final-nas3.c9users.io/phpmyadmin/" "Mozilla/5.0 (X11; Linux x86_64) AppleWebKit/537.36 (KHTML, like Gecko) Chrome/57.0.2987.133 Safari/537.36"
10.240.0.204 - - [27/May/2017:14:13:19 +0000] "POST /phpmyadmin/index.php HTTP/1.1" 302 694 "https://final-nas3.c9users.io/phpmyadmin/" "Mozilla/5.0 (X11; Linux x86_64) AppleWebKit/537.36 (KHTML, like Gecko) Chrome/57.0.2987.133 Safari/537.36"
10.240.1.17 - - [27/May/2017:14:13:19 +0000] "GET /phpmyadmin/index.php?token=e8aeb87eaea426d4d89e6279c6a4d168 HTTP/1.1" 200 8535 "https://final-nas3.c9users.io/phpmyadmin/" "Mozilla/5.0 (X11; Linux x86_64) AppleWebKit/537.36 (KHTML, like Gecko) Chrome/57.0.2987.133 Safari/537.36"
10.240.0.187 - - [27/May/2017:14:13:19 +0000] "GET /phpmyadmin/js/messages.php?lang=en&db=&token=e8aeb87eaea426d4d89e6279c6a4d168 HTTP/1.1" 200 17209 "https://final-nas3.c9users.io/phpmyadmin/index.php?token=e8aeb87eaea426d4d89e6279c6a4d168" "Mozilla/5.0 (X11; Linux x86_64) AppleWebKit/537.36 (KHTML, like Gecko) Chrome/57.0.2987.133 Safari/537.36"
10.240.0.110 - - [27/May/2017:14:13:19 +0000] "GET /phpmyadmin/phpmyadmin.css.php?server=1&token=e8aeb87eaea426d4d89e6279c6a4d168&nocache=5764147413ltr HTTP/1.1" 200 17609 "https://final-nas3.c9users.io/phpmyadmin/index.php?token=e8aeb87eaea426d4d89e6279c6a4d168" "Mozilla/5.0 (X11; Linux x86_64) AppleWebKit/537.36 (KHTML, like Gecko) Chrome/57.0.2987.133 Safari/537.36"
10.240.1.15 - - [27/May/2017:14:13:20 +0000] "GET /phpmyadmin/themes/pmahomme/img/logo_left.png HTTP/1.1" 200 2561 "https://final-nas3.c9users.io/phpmyadmin/index.php?token=e8aeb87eaea426d4d89e6279c6a4d168" "Mozilla/5.0 (X11; Linux x86_64) AppleWebKit/537.36 (KHTML, like Gecko) Chrome/57.0.2987.133 Safari/537.36"
10.240.1.60 - - [27/May/2017:14:13:20 +0000] "GET /phpmyadmin/themes/pmahomme/img/ajax_clock_small.gif HTTP/1.1" 200 2095 "https://final-nas3.c9users.io/phpmyadmin/index.php?token=e8aeb87eaea426d4d89e6279c6a4d168" "Mozilla/5.0 (X11; Linux x86_64) AppleWebKit/537.36 (KHTML, like Gecko) Chrome/57.0.2987.133 Safari/537.36"
10.240.0.204 - - [27/May/2017:14:13:20 +0000] "GET /phpmyadmin/themes/pmahomme/img/left_nav_bg.png HTTP/1.1" 200 511 "https://final-nas3.c9users.io/phpmyadmin/phpmyadmin.css.php?server=1&token=e8aeb87eaea426d4d89e6279c6a4d168&nocache=5764147413ltr" "Mozilla/5.0 (X11; Linux x86_64) AppleWebKit/537.36 (KHTML, like Gecko) Chrome/57.0.2987.133 Safari/537.36"
10.240.1.15 - - [27/May/2017:14:13:22 +0000] "GET /phpmyadmin/db_structure.php?server=1&db=rap&token=e8aeb87eaea426d4d89e6279c6a4d168&ajax_request=true&ajax_page_request=true&menuHashes=9ee44e0f&_nocache=1495894401988301783 HTTP/1.1" 200 13076 "https://final-nas3.c9users.io/phpmyadmin/index.php?token=e8aeb87eaea426d4d89e6279c6a4d168" "Mozilla/5.0 (X11; Linux x86_64) AppleWebKit/537.36 (KHTML, like Gecko) Chrome/57.0.2987.133 Safari/537.36"
10.240.1.17 - - [27/May/2017:14:13:22 +0000] "GET /phpmyadmin/js/get_scripts.js.php?scripts[]=db_structure.js&scripts[]=tbl_change.js HTTP/1.1" 200 35255 "https://final-nas3.c9users.io/phpmyadmin/index.php?token=e8aeb87eaea426d4d89e6279c6a4d168" "Mozilla/5.0 (X11; Linux x86_64) AppleWebKit/537.36 (KHTML, like Gecko) Chrome/57.0.2987.133 Safari/537.36"
10.240.0.206 - - [27/May/2017:14:13:22 +0000] "GET /phpmyadmin/navigation.php?ajax_request=1&token=e8aeb87eaea426d4d89e6279c6a4d168&aPath=cm9vdA%3D%3D.cmFw&vPath=cm9vdA%3D%3D.cmFw&pos=0&pos2_name=&pos2_value=&searchClause=&searchClause2=&_nocache=149589440221164975 HTTP/1.1" 200 1711 "https://final-nas3.c9users.io/phpmyadmin/index.php?token=e8aeb87eaea426d4d89e6279c6a4d168" "Mozilla/5.0 (X11; Linux x86_64) AppleWebKit/537.36 (KHTML, like Gecko) Chrome/57.0.2987.133 Safari/537.36"
10.240.0.187 - - [27/May/2017:14:13:22 +0000] "GET /phpmyadmin/themes/pmahomme/img/arrow_ltr.png HTTP/1.1" 200 422 "https://final-nas3.c9users.io/phpmyadmin/index.php?token=e8aeb87eaea426d4d89e6279c6a4d168" "Mozilla/5.0 (X11; Linux x86_64) AppleWebKit/537.36 (KHTML, like Gecko) Chrome/57.0.2987.133 Safari/537.36"
10.240.0.207 - - [27/May/2017:14:13:25 +0000] "GET /phpmyadmin/sql.php?db=rap&token=e8aeb87eaea426d4d89e6279c6a4d168&goto=db_structure.php&table=Music&pos=0&ajax_request=true&ajax_page_request=true&menuHashes=9ee44e0f-afd6a045&_nocache=149589440578491117 HTTP/1.1" 200 30658 "https://final-nas3.c9users.io/phpmyadmin/index.php?token=e8aeb87eaea426d4d89e6279c6a4d168" "Mozilla/5.0 (X11; Linux x86_64) AppleWebKit/537.36 (KHTML, like Gecko) Chrome/57.0.2987.133 Safari/537.36"
10.240.1.15 - - [27/May/2017:14:13:26 +0000] "GET /phpmyadmin/js/get_scripts.js.php?scripts[]=tbl_structure.js&scripts[]=gis_data_editor.js&scripts[]=makegrid.js&scripts[]=sql.js HTTP/1.1" 200 125119 "https://final-nas3.c9users.io/phpmyadmin/index.php?token=e8aeb87eaea426d4d89e6279c6a4d168" "Mozilla/5.0 (X11; Linux x86_64) AppleWebKit/537.36 (KHTML, like Gecko) Chrome/57.0.2987.133 Safari/537.36"
10.240.0.182 - - [27/May/2017:14:13:26 +0000] "GET /phpmyadmin/index.php?ajax_request=1&recent_table=1&token=e8aeb87eaea426d4d89e6279c6a4d168 HTTP/1.1" 200 888 "https://final-nas3.c9users.io/phpmyadmin/index.php?token=e8aeb87eaea426d4d89e6279c6a4d168" "Mozilla/5.0 (X11; Linux x86_64) AppleWebKit/537.36 (KHTML, like Gecko) Chrome/57.0.2987.133 Safari/537.36"
10.240.1.32 - - [27/May/2017:14:13:26 +0000] "GET /phpmyadmin/themes/pmahomme/img/col_pointer.png HTTP/1.1" 200 396 "https://final-nas3.c9users.io/phpmyadmin/phpmyadmin.css.php?server=1&token=e8aeb87eaea426d4d89e6279c6a4d168&nocache=5764147413ltr" "Mozilla/5.0 (X11; Linux x86_64) AppleWebKit/537.36 (KHTML, like Gecko) Chrome/57.0.2987.133 Safari/537.36"
10.240.0.110 - - [27/May/2017:14:13:48 +0000] "GET /phpmyadmin/sql.php?db=rap&table=Music&sql_query=SELECT+%2A+FROM+%60Music%60%0AORDER+BY+%60Music%60.%60COL+2%60+ASC&session_max_rows=30&token=e8aeb87eaea426d4d89e6279c6a4d168&ajax_request=true&ajax_page_request=true&menuHashes=9ee44e0f-afd6a045-0052596f&_nocache=1495894428070830496 HTTP/1.1" 200 29209 "https://final-nas3.c9users.io/phpmyadmin/index.php?token=e8aeb87eaea426d4d89e6279c6a4d168" "Mozilla/5.0 (X11; Linux x86_64) AppleWebKit/537.36 (KHTML, like Gecko) Chrome/57.0.2987.133 Safari/537.36"
10.240.0.110 - - [27/May/2017:14:13:48 +0000] "GET /phpmyadmin/index.php?ajax_request=1&recent_table=1&token=e8aeb87eaea426d4d89e6279c6a4d168 HTTP/1.1" 200 888 "https://final-nas3.c9users.io/phpmyadmin/index.php?token=e8aeb87eaea426d4d89e6279c6a4d168" "Mozilla/5.0 (X11; Linux x86_64) AppleWebKit/537.36 (KHTML, like Gecko) Chrome/57.0.2987.133 Safari/537.36"
10.240.0.182 - - [27/May/2017:14:13:57 +0000] "GET /phpmyadmin/sql.php?db=rap&table=Music&sql_query=SELECT+%2A+FROM+%60Music%60%0AORDER+BY+%60Music%60.%60COL+2%60++DESC&session_max_rows=30&token=e8aeb87eaea426d4d89e6279c6a4d168&ajax_request=true&ajax_page_request=true&menuHashes=9ee44e0f-afd6a045-0052596f&_nocache=1495894436741435709 HTTP/1.1" 200 29208 "https://final-nas3.c9users.io/phpmyadmin/index.php?token=e8aeb87eaea426d4d89e6279c6a4d168" "Mozilla/5.0 (X11; Linux x86_64) AppleWebKit/537.36 (KHTML, like Gecko) Chrome/57.0.2987.133 Safari/537.36"
10.240.0.110 - - [27/May/2017:14:13:57 +0000] "GET /phpmyadmin/index.php?ajax_request=1&recent_table=1&token=e8aeb87eaea426d4d89e6279c6a4d168 HTTP/1.1" 200 888 "https://final-nas3.c9users.io/phpmyadmin/index.php?token=e8aeb87eaea426d4d89e6279c6a4d168" "Mozilla/5.0 (X11; Linux x86_64) AppleWebKit/537.36 (KHTML, like Gecko) Chrome/57.0.2987.133 Safari/537.36"
10.240.0.110 - - [27/May/2017:14:14:00 +0000] "GET /phpmyadmin/sql.php?db=rap&table=Music&sql_query=SELECT+%2A+FROM+%60Music%60%0AORDER+BY+%60Music%60.%60COL+3%60+ASC&session_max_rows=30&token=e8aeb87eaea426d4d89e6279c6a4d168&ajax_request=true&ajax_page_request=true&menuHashes=9ee44e0f-afd6a045-0052596f&_nocache=149589444049095729 HTTP/1.1" 200 29235 "https://final-nas3.c9users.io/phpmyadmin/index.php?token=e8aeb87eaea426d4d89e6279c6a4d168" "Mozilla/5.0 (X11; Linux x86_64) AppleWebKit/537.36 (KHTML, like Gecko) Chrome/57.0.2987.133 Safari/537.36"
10.240.0.110 - - [27/May/2017:14:14:01 +0000] "GET /phpmyadmin/index.php?ajax_request=1&recent_table=1&token=e8aeb87eaea426d4d89e6279c6a4d168 HTTP/1.1" 200 888 "https://final-nas3.c9users.io/phpmyadmin/index.php?token=e8aeb87eaea426d4d89e6279c6a4d168" "Mozilla/5.0 (X11; Linux x86_64) AppleWebKit/537.36 (KHTML, like Gecko) Chrome/57.0.2987.133 Safari/537.36"
10.240.0.206 - - [27/May/2017:14:14:12 +0000] "GET /phpmyadmin/index.php?token=e8aeb87eaea426d4d89e6279c6a4d168 HTTP/1.1" 200 8535 "https://final-nas3.c9users.io/phpmyadmin/" "Mozilla/5.0 (X11; Linux x86_64) AppleWebKit/537.36 (KHTML, like Gecko) Chrome/57.0.2987.133 Safari/537.36"
10.240.1.32 - - [27/May/2017:14:14:12 +0000] "GET /phpmyadmin/sql.php?db=rap&table=Music&server=1&target=&token=e8aeb87eaea426d4d89e6279c6a4d168 HTTP/1.1" 200 7638 "https://final-nas3.c9users.io/phpmyadmin/index.php?token=e8aeb87eaea426d4d89e6279c6a4d168" "Mozilla/5.0 (X11; Linux x86_64) AppleWebKit/537.36 (KHTML, like Gecko) Chrome/57.0.2987.133 Safari/537.36"
